<?xml version="1.0" encoding="UTF-8"?>
<testsuites name="jest tests" tests="146" failures="70" errors="0" time="20.277">
  <testsuite name="EssTypesComponent" errors="0" failures="11" skipped="0" timestamp="2025-01-21T18:04:26" time="4.907" tests="11">
    <testcase classname="EssTypesComponent should create" name="EssTypesComponent should create" time="0.034">
      <failure>Error: Unexpected &quot;EssTypesComponent&quot; found in the &quot;declarations&quot; array of the &quot;TestBed.configureTestingModule&quot; call, &quot;EssTypesComponent&quot; is marked as standalone and can&apos;t be declared in any NgModule - did you intend to import it instead (by adding it to the &quot;imports&quot; array)?
    at C:\Source\Repos\file-share-service-ui\node_modules\@angular\core\fesm2022\testing.mjs:664:15
    at Array.forEach (&lt;anonymous&gt;)
    at forEach (C:\Source\Repos\file-share-service-ui\node_modules\@angular\core\fesm2022\testing.mjs:660:9)
    at TestBedCompiler.assertNoStandaloneComponents [as configureTestingModule] (C:\Source\Repos\file-share-service-ui\node_modules\@angular\core\fesm2022\testing.mjs:738:7)
    at _TestBedImpl.configureTestingModule (C:\Source\Repos\file-share-service-ui\node_modules\@angular\core\fesm2022\testing.mjs:1698:19)
    at Function.configureTestingModule (C:\Source\Repos\file-share-service-ui\node_modules\@angular\core\fesm2022\testing.mjs:1542:34)
    at C:\Source\Repos\file-share-service-ui\Tests\UnitTests\ess-types.component.spec.ts:21:19
    at _ZoneDelegate.invoke (C:\Source\Repos\file-share-service-ui\node_modules\zone.js\bundles\zone.umd.js:395:160)
    at ProxyZoneSpec.onInvoke (C:\Source\Repos\file-share-service-ui\node_modules\zone.js\bundles\zone-testing.umd.js:2158:35)
    at _ZoneDelegate.invoke (C:\Source\Repos\file-share-service-ui\node_modules\zone.js\bundles\zone.umd.js:395:48)
    at ZoneImpl.run (C:\Source\Repos\file-share-service-ui\node_modules\zone.js\bundles\zone.umd.js:145:37)
    at Object.wrappedFunc (C:\Source\Repos\file-share-service-ui\node_modules\zone.js\bundles\zone-testing.umd.js:430:28)
    at Promise.then.completed (C:\Source\Repos\file-share-service-ui\node_modules\jest-circus\build\utils.js:298:28)
    at new Promise (&lt;anonymous&gt;)
    at callAsyncCircusFn (C:\Source\Repos\file-share-service-ui\node_modules\jest-circus\build\utils.js:231:10)
    at _callCircusHook (C:\Source\Repos\file-share-service-ui\node_modules\jest-circus\build\run.js:281:40)
    at processTicksAndRejections (node:internal/process/task_queues:95:5)
    at _runTest (C:\Source\Repos\file-share-service-ui\node_modules\jest-circus\build\run.js:246:5)
    at _runTestsForDescribeBlock (C:\Source\Repos\file-share-service-ui\node_modules\jest-circus\build\run.js:126:9)
    at _runTestsForDescribeBlock (C:\Source\Repos\file-share-service-ui\node_modules\jest-circus\build\run.js:121:9)
    at run (C:\Source\Repos\file-share-service-ui\node_modules\jest-circus\build\run.js:71:3)
    at runAndTransformResultsToJestFormat (C:\Source\Repos\file-share-service-ui\node_modules\jest-circus\build\legacy-code-todo-rewrite\jestAdapterInit.js:122:21)</failure>
    </testcase>
    <testcase classname="EssTypesComponent should have &quot;Delta Download&quot; selected by default" name="EssTypesComponent should have &quot;Delta Download&quot; selected by default" time="0.003">
      <failure>Error: Unexpected &quot;EssTypesComponent&quot; found in the &quot;declarations&quot; array of the &quot;TestBed.configureTestingModule&quot; call, &quot;EssTypesComponent&quot; is marked as standalone and can&apos;t be declared in any NgModule - did you intend to import it instead (by adding it to the &quot;imports&quot; array)?
    at C:\Source\Repos\file-share-service-ui\node_modules\@angular\core\fesm2022\testing.mjs:664:15
    at Array.forEach (&lt;anonymous&gt;)
    at forEach (C:\Source\Repos\file-share-service-ui\node_modules\@angular\core\fesm2022\testing.mjs:660:9)
    at TestBedCompiler.assertNoStandaloneComponents [as configureTestingModule] (C:\Source\Repos\file-share-service-ui\node_modules\@angular\core\fesm2022\testing.mjs:738:7)
    at _TestBedImpl.configureTestingModule (C:\Source\Repos\file-share-service-ui\node_modules\@angular\core\fesm2022\testing.mjs:1698:19)
    at Function.configureTestingModule (C:\Source\Repos\file-share-service-ui\node_modules\@angular\core\fesm2022\testing.mjs:1542:34)
    at C:\Source\Repos\file-share-service-ui\Tests\UnitTests\ess-types.component.spec.ts:21:19
    at _ZoneDelegate.invoke (C:\Source\Repos\file-share-service-ui\node_modules\zone.js\bundles\zone.umd.js:395:160)
    at ProxyZoneSpec.onInvoke (C:\Source\Repos\file-share-service-ui\node_modules\zone.js\bundles\zone-testing.umd.js:2158:35)
    at _ZoneDelegate.invoke (C:\Source\Repos\file-share-service-ui\node_modules\zone.js\bundles\zone.umd.js:395:48)
    at ZoneImpl.run (C:\Source\Repos\file-share-service-ui\node_modules\zone.js\bundles\zone.umd.js:145:37)
    at Object.wrappedFunc (C:\Source\Repos\file-share-service-ui\node_modules\zone.js\bundles\zone-testing.umd.js:430:28)
    at Promise.then.completed (C:\Source\Repos\file-share-service-ui\node_modules\jest-circus\build\utils.js:298:28)
    at new Promise (&lt;anonymous&gt;)
    at callAsyncCircusFn (C:\Source\Repos\file-share-service-ui\node_modules\jest-circus\build\utils.js:231:10)
    at _callCircusHook (C:\Source\Repos\file-share-service-ui\node_modules\jest-circus\build\run.js:281:40)
    at processTicksAndRejections (node:internal/process/task_queues:95:5)
    at _runTest (C:\Source\Repos\file-share-service-ui\node_modules\jest-circus\build\run.js:246:5)
    at _runTestsForDescribeBlock (C:\Source\Repos\file-share-service-ui\node_modules\jest-circus\build\run.js:126:9)
    at _runTestsForDescribeBlock (C:\Source\Repos\file-share-service-ui\node_modules\jest-circus\build\run.js:121:9)
    at run (C:\Source\Repos\file-share-service-ui\node_modules\jest-circus\build\run.js:71:3)
    at runAndTransformResultsToJestFormat (C:\Source\Repos\file-share-service-ui\node_modules\jest-circus\build\legacy-code-todo-rewrite\jestAdapterInit.js:122:21)</failure>
    </testcase>
    <testcase classname="EssTypesComponent should update selected option on option change" name="EssTypesComponent should update selected option on option change" time="0.001">
      <failure>Error: Unexpected &quot;EssTypesComponent&quot; found in the &quot;declarations&quot; array of the &quot;TestBed.configureTestingModule&quot; call, &quot;EssTypesComponent&quot; is marked as standalone and can&apos;t be declared in any NgModule - did you intend to import it instead (by adding it to the &quot;imports&quot; array)?
    at C:\Source\Repos\file-share-service-ui\node_modules\@angular\core\fesm2022\testing.mjs:664:15
    at Array.forEach (&lt;anonymous&gt;)
    at forEach (C:\Source\Repos\file-share-service-ui\node_modules\@angular\core\fesm2022\testing.mjs:660:9)
    at TestBedCompiler.assertNoStandaloneComponents [as configureTestingModule] (C:\Source\Repos\file-share-service-ui\node_modules\@angular\core\fesm2022\testing.mjs:738:7)
    at _TestBedImpl.configureTestingModule (C:\Source\Repos\file-share-service-ui\node_modules\@angular\core\fesm2022\testing.mjs:1698:19)
    at Function.configureTestingModule (C:\Source\Repos\file-share-service-ui\node_modules\@angular\core\fesm2022\testing.mjs:1542:34)
    at C:\Source\Repos\file-share-service-ui\Tests\UnitTests\ess-types.component.spec.ts:21:19
    at _ZoneDelegate.invoke (C:\Source\Repos\file-share-service-ui\node_modules\zone.js\bundles\zone.umd.js:395:160)
    at ProxyZoneSpec.onInvoke (C:\Source\Repos\file-share-service-ui\node_modules\zone.js\bundles\zone-testing.umd.js:2158:35)
    at _ZoneDelegate.invoke (C:\Source\Repos\file-share-service-ui\node_modules\zone.js\bundles\zone.umd.js:395:48)
    at ZoneImpl.run (C:\Source\Repos\file-share-service-ui\node_modules\zone.js\bundles\zone.umd.js:145:37)
    at Object.wrappedFunc (C:\Source\Repos\file-share-service-ui\node_modules\zone.js\bundles\zone-testing.umd.js:430:28)
    at Promise.then.completed (C:\Source\Repos\file-share-service-ui\node_modules\jest-circus\build\utils.js:298:28)
    at new Promise (&lt;anonymous&gt;)
    at callAsyncCircusFn (C:\Source\Repos\file-share-service-ui\node_modules\jest-circus\build\utils.js:231:10)
    at _callCircusHook (C:\Source\Repos\file-share-service-ui\node_modules\jest-circus\build\run.js:281:40)
    at processTicksAndRejections (node:internal/process/task_queues:95:5)
    at _runTest (C:\Source\Repos\file-share-service-ui\node_modules\jest-circus\build\run.js:246:5)
    at _runTestsForDescribeBlock (C:\Source\Repos\file-share-service-ui\node_modules\jest-circus\build\run.js:126:9)
    at _runTestsForDescribeBlock (C:\Source\Repos\file-share-service-ui\node_modules\jest-circus\build\run.js:121:9)
    at run (C:\Source\Repos\file-share-service-ui\node_modules\jest-circus\build\run.js:71:3)
    at runAndTransformResultsToJestFormat (C:\Source\Repos\file-share-service-ui\node_modules\jest-circus\build\legacy-code-todo-rewrite\jestAdapterInit.js:122:21)</failure>
    </testcase>
    <testcase classname="EssTypesComponent should navigate to &quot;exchangesets/exchange-set&quot; on proceed button click when both radio button and date are selected" name="EssTypesComponent should navigate to &quot;exchangesets/exchange-set&quot; on proceed button click when both radio button and date are selected" time="0.001">
      <failure>Error: Unexpected &quot;EssTypesComponent&quot; found in the &quot;declarations&quot; array of the &quot;TestBed.configureTestingModule&quot; call, &quot;EssTypesComponent&quot; is marked as standalone and can&apos;t be declared in any NgModule - did you intend to import it instead (by adding it to the &quot;imports&quot; array)?
    at C:\Source\Repos\file-share-service-ui\node_modules\@angular\core\fesm2022\testing.mjs:664:15
    at Array.forEach (&lt;anonymous&gt;)
    at forEach (C:\Source\Repos\file-share-service-ui\node_modules\@angular\core\fesm2022\testing.mjs:660:9)
    at TestBedCompiler.assertNoStandaloneComponents [as configureTestingModule] (C:\Source\Repos\file-share-service-ui\node_modules\@angular\core\fesm2022\testing.mjs:738:7)
    at _TestBedImpl.configureTestingModule (C:\Source\Repos\file-share-service-ui\node_modules\@angular\core\fesm2022\testing.mjs:1698:19)
    at Function.configureTestingModule (C:\Source\Repos\file-share-service-ui\node_modules\@angular\core\fesm2022\testing.mjs:1542:34)
    at C:\Source\Repos\file-share-service-ui\Tests\UnitTests\ess-types.component.spec.ts:21:19
    at _ZoneDelegate.invoke (C:\Source\Repos\file-share-service-ui\node_modules\zone.js\bundles\zone.umd.js:395:160)
    at ProxyZoneSpec.onInvoke (C:\Source\Repos\file-share-service-ui\node_modules\zone.js\bundles\zone-testing.umd.js:2158:35)
    at _ZoneDelegate.invoke (C:\Source\Repos\file-share-service-ui\node_modules\zone.js\bundles\zone.umd.js:395:48)
    at ZoneImpl.run (C:\Source\Repos\file-share-service-ui\node_modules\zone.js\bundles\zone.umd.js:145:37)
    at Object.wrappedFunc (C:\Source\Repos\file-share-service-ui\node_modules\zone.js\bundles\zone-testing.umd.js:430:28)
    at Promise.then.completed (C:\Source\Repos\file-share-service-ui\node_modules\jest-circus\build\utils.js:298:28)
    at new Promise (&lt;anonymous&gt;)
    at callAsyncCircusFn (C:\Source\Repos\file-share-service-ui\node_modules\jest-circus\build\utils.js:231:10)
    at _callCircusHook (C:\Source\Repos\file-share-service-ui\node_modules\jest-circus\build\run.js:281:40)
    at processTicksAndRejections (node:internal/process/task_queues:95:5)
    at _runTest (C:\Source\Repos\file-share-service-ui\node_modules\jest-circus\build\run.js:246:5)
    at _runTestsForDescribeBlock (C:\Source\Repos\file-share-service-ui\node_modules\jest-circus\build\run.js:126:9)
    at _runTestsForDescribeBlock (C:\Source\Repos\file-share-service-ui\node_modules\jest-circus\build\run.js:121:9)
    at run (C:\Source\Repos\file-share-service-ui\node_modules\jest-circus\build\run.js:71:3)
    at runAndTransformResultsToJestFormat (C:\Source\Repos\file-share-service-ui\node_modules\jest-circus\build\legacy-code-todo-rewrite\jestAdapterInit.js:122:21)</failure>
    </testcase>
    <testcase classname="EssTypesComponent should navigate to &quot;exchangesets/exchange-set&quot; on Proceed button click when Base option is selected" name="EssTypesComponent should navigate to &quot;exchangesets/exchange-set&quot; on Proceed button click when Base option is selected" time="0.001">
      <failure>Error: Unexpected &quot;EssTypesComponent&quot; found in the &quot;declarations&quot; array of the &quot;TestBed.configureTestingModule&quot; call, &quot;EssTypesComponent&quot; is marked as standalone and can&apos;t be declared in any NgModule - did you intend to import it instead (by adding it to the &quot;imports&quot; array)?
    at C:\Source\Repos\file-share-service-ui\node_modules\@angular\core\fesm2022\testing.mjs:664:15
    at Array.forEach (&lt;anonymous&gt;)
    at forEach (C:\Source\Repos\file-share-service-ui\node_modules\@angular\core\fesm2022\testing.mjs:660:9)
    at TestBedCompiler.assertNoStandaloneComponents [as configureTestingModule] (C:\Source\Repos\file-share-service-ui\node_modules\@angular\core\fesm2022\testing.mjs:738:7)
    at _TestBedImpl.configureTestingModule (C:\Source\Repos\file-share-service-ui\node_modules\@angular\core\fesm2022\testing.mjs:1698:19)
    at Function.configureTestingModule (C:\Source\Repos\file-share-service-ui\node_modules\@angular\core\fesm2022\testing.mjs:1542:34)
    at C:\Source\Repos\file-share-service-ui\Tests\UnitTests\ess-types.component.spec.ts:21:19
    at _ZoneDelegate.invoke (C:\Source\Repos\file-share-service-ui\node_modules\zone.js\bundles\zone.umd.js:395:160)
    at ProxyZoneSpec.onInvoke (C:\Source\Repos\file-share-service-ui\node_modules\zone.js\bundles\zone-testing.umd.js:2158:35)
    at _ZoneDelegate.invoke (C:\Source\Repos\file-share-service-ui\node_modules\zone.js\bundles\zone.umd.js:395:48)
    at ZoneImpl.run (C:\Source\Repos\file-share-service-ui\node_modules\zone.js\bundles\zone.umd.js:145:37)
    at Object.wrappedFunc (C:\Source\Repos\file-share-service-ui\node_modules\zone.js\bundles\zone-testing.umd.js:430:28)
    at Promise.then.completed (C:\Source\Repos\file-share-service-ui\node_modules\jest-circus\build\utils.js:298:28)
    at new Promise (&lt;anonymous&gt;)
    at callAsyncCircusFn (C:\Source\Repos\file-share-service-ui\node_modules\jest-circus\build\utils.js:231:10)
    at _callCircusHook (C:\Source\Repos\file-share-service-ui\node_modules\jest-circus\build\run.js:281:40)
    at processTicksAndRejections (node:internal/process/task_queues:95:5)
    at _runTest (C:\Source\Repos\file-share-service-ui\node_modules\jest-circus\build\run.js:246:5)
    at _runTestsForDescribeBlock (C:\Source\Repos\file-share-service-ui\node_modules\jest-circus\build\run.js:126:9)
    at _runTestsForDescribeBlock (C:\Source\Repos\file-share-service-ui\node_modules\jest-circus\build\run.js:121:9)
    at run (C:\Source\Repos\file-share-service-ui\node_modules\jest-circus\build\run.js:71:3)
    at runAndTransformResultsToJestFormat (C:\Source\Repos\file-share-service-ui\node_modules\jest-circus\build\legacy-code-todo-rewrite\jestAdapterInit.js:122:21)</failure>
    </testcase>
    <testcase classname="EssTypesComponent should navigate to next page when delta download option is selected and date is valid" name="EssTypesComponent should navigate to next page when delta download option is selected and date is valid" time="0">
      <failure>Error: Unexpected &quot;EssTypesComponent&quot; found in the &quot;declarations&quot; array of the &quot;TestBed.configureTestingModule&quot; call, &quot;EssTypesComponent&quot; is marked as standalone and can&apos;t be declared in any NgModule - did you intend to import it instead (by adding it to the &quot;imports&quot; array)?
    at C:\Source\Repos\file-share-service-ui\node_modules\@angular\core\fesm2022\testing.mjs:664:15
    at Array.forEach (&lt;anonymous&gt;)
    at forEach (C:\Source\Repos\file-share-service-ui\node_modules\@angular\core\fesm2022\testing.mjs:660:9)
    at TestBedCompiler.assertNoStandaloneComponents [as configureTestingModule] (C:\Source\Repos\file-share-service-ui\node_modules\@angular\core\fesm2022\testing.mjs:738:7)
    at _TestBedImpl.configureTestingModule (C:\Source\Repos\file-share-service-ui\node_modules\@angular\core\fesm2022\testing.mjs:1698:19)
    at Function.configureTestingModule (C:\Source\Repos\file-share-service-ui\node_modules\@angular\core\fesm2022\testing.mjs:1542:34)
    at C:\Source\Repos\file-share-service-ui\Tests\UnitTests\ess-types.component.spec.ts:21:19
    at _ZoneDelegate.invoke (C:\Source\Repos\file-share-service-ui\node_modules\zone.js\bundles\zone.umd.js:395:160)
    at ProxyZoneSpec.onInvoke (C:\Source\Repos\file-share-service-ui\node_modules\zone.js\bundles\zone-testing.umd.js:2158:35)
    at _ZoneDelegate.invoke (C:\Source\Repos\file-share-service-ui\node_modules\zone.js\bundles\zone.umd.js:395:48)
    at ZoneImpl.run (C:\Source\Repos\file-share-service-ui\node_modules\zone.js\bundles\zone.umd.js:145:37)
    at Object.wrappedFunc (C:\Source\Repos\file-share-service-ui\node_modules\zone.js\bundles\zone-testing.umd.js:430:28)
    at Promise.then.completed (C:\Source\Repos\file-share-service-ui\node_modules\jest-circus\build\utils.js:298:28)
    at new Promise (&lt;anonymous&gt;)
    at callAsyncCircusFn (C:\Source\Repos\file-share-service-ui\node_modules\jest-circus\build\utils.js:231:10)
    at _callCircusHook (C:\Source\Repos\file-share-service-ui\node_modules\jest-circus\build\run.js:281:40)
    at processTicksAndRejections (node:internal/process/task_queues:95:5)
    at _runTest (C:\Source\Repos\file-share-service-ui\node_modules\jest-circus\build\run.js:246:5)
    at _runTestsForDescribeBlock (C:\Source\Repos\file-share-service-ui\node_modules\jest-circus\build\run.js:126:9)
    at _runTestsForDescribeBlock (C:\Source\Repos\file-share-service-ui\node_modules\jest-circus\build\run.js:121:9)
    at run (C:\Source\Repos\file-share-service-ui\node_modules\jest-circus\build\run.js:71:3)
    at runAndTransformResultsToJestFormat (C:\Source\Repos\file-share-service-ui\node_modules\jest-circus\build\legacy-code-todo-rewrite\jestAdapterInit.js:122:21)</failure>
    </testcase>
    <testcase classname="EssTypesComponent should show error message when delta option is selected but date is in the future" name="EssTypesComponent should show error message when delta option is selected but date is in the future" time="0.001">
      <failure>Error: Unexpected &quot;EssTypesComponent&quot; found in the &quot;declarations&quot; array of the &quot;TestBed.configureTestingModule&quot; call, &quot;EssTypesComponent&quot; is marked as standalone and can&apos;t be declared in any NgModule - did you intend to import it instead (by adding it to the &quot;imports&quot; array)?
    at C:\Source\Repos\file-share-service-ui\node_modules\@angular\core\fesm2022\testing.mjs:664:15
    at Array.forEach (&lt;anonymous&gt;)
    at forEach (C:\Source\Repos\file-share-service-ui\node_modules\@angular\core\fesm2022\testing.mjs:660:9)
    at TestBedCompiler.assertNoStandaloneComponents [as configureTestingModule] (C:\Source\Repos\file-share-service-ui\node_modules\@angular\core\fesm2022\testing.mjs:738:7)
    at _TestBedImpl.configureTestingModule (C:\Source\Repos\file-share-service-ui\node_modules\@angular\core\fesm2022\testing.mjs:1698:19)
    at Function.configureTestingModule (C:\Source\Repos\file-share-service-ui\node_modules\@angular\core\fesm2022\testing.mjs:1542:34)
    at C:\Source\Repos\file-share-service-ui\Tests\UnitTests\ess-types.component.spec.ts:21:19
    at _ZoneDelegate.invoke (C:\Source\Repos\file-share-service-ui\node_modules\zone.js\bundles\zone.umd.js:395:160)
    at ProxyZoneSpec.onInvoke (C:\Source\Repos\file-share-service-ui\node_modules\zone.js\bundles\zone-testing.umd.js:2158:35)
    at _ZoneDelegate.invoke (C:\Source\Repos\file-share-service-ui\node_modules\zone.js\bundles\zone.umd.js:395:48)
    at ZoneImpl.run (C:\Source\Repos\file-share-service-ui\node_modules\zone.js\bundles\zone.umd.js:145:37)
    at Object.wrappedFunc (C:\Source\Repos\file-share-service-ui\node_modules\zone.js\bundles\zone-testing.umd.js:430:28)
    at Promise.then.completed (C:\Source\Repos\file-share-service-ui\node_modules\jest-circus\build\utils.js:298:28)
    at new Promise (&lt;anonymous&gt;)
    at callAsyncCircusFn (C:\Source\Repos\file-share-service-ui\node_modules\jest-circus\build\utils.js:231:10)
    at _callCircusHook (C:\Source\Repos\file-share-service-ui\node_modules\jest-circus\build\run.js:281:40)
    at processTicksAndRejections (node:internal/process/task_queues:95:5)
    at _runTest (C:\Source\Repos\file-share-service-ui\node_modules\jest-circus\build\run.js:246:5)
    at _runTestsForDescribeBlock (C:\Source\Repos\file-share-service-ui\node_modules\jest-circus\build\run.js:126:9)
    at _runTestsForDescribeBlock (C:\Source\Repos\file-share-service-ui\node_modules\jest-circus\build\run.js:121:9)
    at run (C:\Source\Repos\file-share-service-ui\node_modules\jest-circus\build\run.js:71:3)
    at runAndTransformResultsToJestFormat (C:\Source\Repos\file-share-service-ui\node_modules\jest-circus\build\legacy-code-todo-rewrite\jestAdapterInit.js:122:21)</failure>
    </testcase>
    <testcase classname="EssTypesComponent should show error message when delta option is selected but date is greater than 27 days in the past" name="EssTypesComponent should show error message when delta option is selected but date is greater than 27 days in the past" time="0.001">
      <failure>Error: Unexpected &quot;EssTypesComponent&quot; found in the &quot;declarations&quot; array of the &quot;TestBed.configureTestingModule&quot; call, &quot;EssTypesComponent&quot; is marked as standalone and can&apos;t be declared in any NgModule - did you intend to import it instead (by adding it to the &quot;imports&quot; array)?
    at C:\Source\Repos\file-share-service-ui\node_modules\@angular\core\fesm2022\testing.mjs:664:15
    at Array.forEach (&lt;anonymous&gt;)
    at forEach (C:\Source\Repos\file-share-service-ui\node_modules\@angular\core\fesm2022\testing.mjs:660:9)
    at TestBedCompiler.assertNoStandaloneComponents [as configureTestingModule] (C:\Source\Repos\file-share-service-ui\node_modules\@angular\core\fesm2022\testing.mjs:738:7)
    at _TestBedImpl.configureTestingModule (C:\Source\Repos\file-share-service-ui\node_modules\@angular\core\fesm2022\testing.mjs:1698:19)
    at Function.configureTestingModule (C:\Source\Repos\file-share-service-ui\node_modules\@angular\core\fesm2022\testing.mjs:1542:34)
    at C:\Source\Repos\file-share-service-ui\Tests\UnitTests\ess-types.component.spec.ts:21:19
    at _ZoneDelegate.invoke (C:\Source\Repos\file-share-service-ui\node_modules\zone.js\bundles\zone.umd.js:395:160)
    at ProxyZoneSpec.onInvoke (C:\Source\Repos\file-share-service-ui\node_modules\zone.js\bundles\zone-testing.umd.js:2158:35)
    at _ZoneDelegate.invoke (C:\Source\Repos\file-share-service-ui\node_modules\zone.js\bundles\zone.umd.js:395:48)
    at ZoneImpl.run (C:\Source\Repos\file-share-service-ui\node_modules\zone.js\bundles\zone.umd.js:145:37)
    at Object.wrappedFunc (C:\Source\Repos\file-share-service-ui\node_modules\zone.js\bundles\zone-testing.umd.js:430:28)
    at Promise.then.completed (C:\Source\Repos\file-share-service-ui\node_modules\jest-circus\build\utils.js:298:28)
    at new Promise (&lt;anonymous&gt;)
    at callAsyncCircusFn (C:\Source\Repos\file-share-service-ui\node_modules\jest-circus\build\utils.js:231:10)
    at _callCircusHook (C:\Source\Repos\file-share-service-ui\node_modules\jest-circus\build\run.js:281:40)
    at processTicksAndRejections (node:internal/process/task_queues:95:5)
    at _runTest (C:\Source\Repos\file-share-service-ui\node_modules\jest-circus\build\run.js:246:5)
    at _runTestsForDescribeBlock (C:\Source\Repos\file-share-service-ui\node_modules\jest-circus\build\run.js:126:9)
    at _runTestsForDescribeBlock (C:\Source\Repos\file-share-service-ui\node_modules\jest-circus\build\run.js:121:9)
    at run (C:\Source\Repos\file-share-service-ui\node_modules\jest-circus\build\run.js:71:3)
    at runAndTransformResultsToJestFormat (C:\Source\Repos\file-share-service-ui\node_modules\jest-circus\build\legacy-code-todo-rewrite\jestAdapterInit.js:122:21)</failure>
    </testcase>
    <testcase classname="EssTypesComponent should set onDescriptionClick to baseRadio button on onDescriptionClick clicked" name="EssTypesComponent should set onDescriptionClick to baseRadio button on onDescriptionClick clicked" time="0.002">
      <failure>Error: Unexpected &quot;EssTypesComponent&quot; found in the &quot;declarations&quot; array of the &quot;TestBed.configureTestingModule&quot; call, &quot;EssTypesComponent&quot; is marked as standalone and can&apos;t be declared in any NgModule - did you intend to import it instead (by adding it to the &quot;imports&quot; array)?
    at C:\Source\Repos\file-share-service-ui\node_modules\@angular\core\fesm2022\testing.mjs:664:15
    at Array.forEach (&lt;anonymous&gt;)
    at forEach (C:\Source\Repos\file-share-service-ui\node_modules\@angular\core\fesm2022\testing.mjs:660:9)
    at TestBedCompiler.assertNoStandaloneComponents [as configureTestingModule] (C:\Source\Repos\file-share-service-ui\node_modules\@angular\core\fesm2022\testing.mjs:738:7)
    at _TestBedImpl.configureTestingModule (C:\Source\Repos\file-share-service-ui\node_modules\@angular\core\fesm2022\testing.mjs:1698:19)
    at Function.configureTestingModule (C:\Source\Repos\file-share-service-ui\node_modules\@angular\core\fesm2022\testing.mjs:1542:34)
    at C:\Source\Repos\file-share-service-ui\Tests\UnitTests\ess-types.component.spec.ts:21:19
    at _ZoneDelegate.invoke (C:\Source\Repos\file-share-service-ui\node_modules\zone.js\bundles\zone.umd.js:395:160)
    at ProxyZoneSpec.onInvoke (C:\Source\Repos\file-share-service-ui\node_modules\zone.js\bundles\zone-testing.umd.js:2158:35)
    at _ZoneDelegate.invoke (C:\Source\Repos\file-share-service-ui\node_modules\zone.js\bundles\zone.umd.js:395:48)
    at ZoneImpl.run (C:\Source\Repos\file-share-service-ui\node_modules\zone.js\bundles\zone.umd.js:145:37)
    at Object.wrappedFunc (C:\Source\Repos\file-share-service-ui\node_modules\zone.js\bundles\zone-testing.umd.js:430:28)
    at Promise.then.completed (C:\Source\Repos\file-share-service-ui\node_modules\jest-circus\build\utils.js:298:28)
    at new Promise (&lt;anonymous&gt;)
    at callAsyncCircusFn (C:\Source\Repos\file-share-service-ui\node_modules\jest-circus\build\utils.js:231:10)
    at _callCircusHook (C:\Source\Repos\file-share-service-ui\node_modules\jest-circus\build\run.js:281:40)
    at processTicksAndRejections (node:internal/process/task_queues:95:5)
    at _runTest (C:\Source\Repos\file-share-service-ui\node_modules\jest-circus\build\run.js:246:5)
    at _runTestsForDescribeBlock (C:\Source\Repos\file-share-service-ui\node_modules\jest-circus\build\run.js:126:9)
    at _runTestsForDescribeBlock (C:\Source\Repos\file-share-service-ui\node_modules\jest-circus\build\run.js:121:9)
    at run (C:\Source\Repos\file-share-service-ui\node_modules\jest-circus\build\run.js:71:3)
    at runAndTransformResultsToJestFormat (C:\Source\Repos\file-share-service-ui\node_modules\jest-circus\build\legacy-code-todo-rewrite\jestAdapterInit.js:122:21)</failure>
    </testcase>
    <testcase classname="EssTypesComponent should set onDateChange for delta response" name="EssTypesComponent should set onDateChange for delta response" time="0.001">
      <failure>Error: Unexpected &quot;EssTypesComponent&quot; found in the &quot;declarations&quot; array of the &quot;TestBed.configureTestingModule&quot; call, &quot;EssTypesComponent&quot; is marked as standalone and can&apos;t be declared in any NgModule - did you intend to import it instead (by adding it to the &quot;imports&quot; array)?
    at C:\Source\Repos\file-share-service-ui\node_modules\@angular\core\fesm2022\testing.mjs:664:15
    at Array.forEach (&lt;anonymous&gt;)
    at forEach (C:\Source\Repos\file-share-service-ui\node_modules\@angular\core\fesm2022\testing.mjs:660:9)
    at TestBedCompiler.assertNoStandaloneComponents [as configureTestingModule] (C:\Source\Repos\file-share-service-ui\node_modules\@angular\core\fesm2022\testing.mjs:738:7)
    at _TestBedImpl.configureTestingModule (C:\Source\Repos\file-share-service-ui\node_modules\@angular\core\fesm2022\testing.mjs:1698:19)
    at Function.configureTestingModule (C:\Source\Repos\file-share-service-ui\node_modules\@angular\core\fesm2022\testing.mjs:1542:34)
    at C:\Source\Repos\file-share-service-ui\Tests\UnitTests\ess-types.component.spec.ts:21:19
    at _ZoneDelegate.invoke (C:\Source\Repos\file-share-service-ui\node_modules\zone.js\bundles\zone.umd.js:395:160)
    at ProxyZoneSpec.onInvoke (C:\Source\Repos\file-share-service-ui\node_modules\zone.js\bundles\zone-testing.umd.js:2158:35)
    at _ZoneDelegate.invoke (C:\Source\Repos\file-share-service-ui\node_modules\zone.js\bundles\zone.umd.js:395:48)
    at ZoneImpl.run (C:\Source\Repos\file-share-service-ui\node_modules\zone.js\bundles\zone.umd.js:145:37)
    at Object.wrappedFunc (C:\Source\Repos\file-share-service-ui\node_modules\zone.js\bundles\zone-testing.umd.js:430:28)
    at Promise.then.completed (C:\Source\Repos\file-share-service-ui\node_modules\jest-circus\build\utils.js:298:28)
    at new Promise (&lt;anonymous&gt;)
    at callAsyncCircusFn (C:\Source\Repos\file-share-service-ui\node_modules\jest-circus\build\utils.js:231:10)
    at _callCircusHook (C:\Source\Repos\file-share-service-ui\node_modules\jest-circus\build\run.js:281:40)
    at processTicksAndRejections (node:internal/process/task_queues:95:5)
    at _runTest (C:\Source\Repos\file-share-service-ui\node_modules\jest-circus\build\run.js:246:5)
    at _runTestsForDescribeBlock (C:\Source\Repos\file-share-service-ui\node_modules\jest-circus\build\run.js:126:9)
    at _runTestsForDescribeBlock (C:\Source\Repos\file-share-service-ui\node_modules\jest-circus\build\run.js:121:9)
    at run (C:\Source\Repos\file-share-service-ui\node_modules\jest-circus\build\run.js:71:3)
    at runAndTransformResultsToJestFormat (C:\Source\Repos\file-share-service-ui\node_modules\jest-circus\build\legacy-code-todo-rewrite\jestAdapterInit.js:122:21)</failure>
    </testcase>
    <testcase classname="EssTypesComponent should set onRadioClick to baseRadio button" name="EssTypesComponent should set onRadioClick to baseRadio button" time="0.001">
      <failure>Error: Unexpected &quot;EssTypesComponent&quot; found in the &quot;declarations&quot; array of the &quot;TestBed.configureTestingModule&quot; call, &quot;EssTypesComponent&quot; is marked as standalone and can&apos;t be declared in any NgModule - did you intend to import it instead (by adding it to the &quot;imports&quot; array)?
    at C:\Source\Repos\file-share-service-ui\node_modules\@angular\core\fesm2022\testing.mjs:664:15
    at Array.forEach (&lt;anonymous&gt;)
    at forEach (C:\Source\Repos\file-share-service-ui\node_modules\@angular\core\fesm2022\testing.mjs:660:9)
    at TestBedCompiler.assertNoStandaloneComponents [as configureTestingModule] (C:\Source\Repos\file-share-service-ui\node_modules\@angular\core\fesm2022\testing.mjs:738:7)
    at _TestBedImpl.configureTestingModule (C:\Source\Repos\file-share-service-ui\node_modules\@angular\core\fesm2022\testing.mjs:1698:19)
    at Function.configureTestingModule (C:\Source\Repos\file-share-service-ui\node_modules\@angular\core\fesm2022\testing.mjs:1542:34)
    at C:\Source\Repos\file-share-service-ui\Tests\UnitTests\ess-types.component.spec.ts:21:19
    at _ZoneDelegate.invoke (C:\Source\Repos\file-share-service-ui\node_modules\zone.js\bundles\zone.umd.js:395:160)
    at ProxyZoneSpec.onInvoke (C:\Source\Repos\file-share-service-ui\node_modules\zone.js\bundles\zone-testing.umd.js:2158:35)
    at _ZoneDelegate.invoke (C:\Source\Repos\file-share-service-ui\node_modules\zone.js\bundles\zone.umd.js:395:48)
    at ZoneImpl.run (C:\Source\Repos\file-share-service-ui\node_modules\zone.js\bundles\zone.umd.js:145:37)
    at Object.wrappedFunc (C:\Source\Repos\file-share-service-ui\node_modules\zone.js\bundles\zone-testing.umd.js:430:28)
    at Promise.then.completed (C:\Source\Repos\file-share-service-ui\node_modules\jest-circus\build\utils.js:298:28)
    at new Promise (&lt;anonymous&gt;)
    at callAsyncCircusFn (C:\Source\Repos\file-share-service-ui\node_modules\jest-circus\build\utils.js:231:10)
    at _callCircusHook (C:\Source\Repos\file-share-service-ui\node_modules\jest-circus\build\run.js:281:40)
    at processTicksAndRejections (node:internal/process/task_queues:95:5)
    at _runTest (C:\Source\Repos\file-share-service-ui\node_modules\jest-circus\build\run.js:246:5)
    at _runTestsForDescribeBlock (C:\Source\Repos\file-share-service-ui\node_modules\jest-circus\build\run.js:126:9)
    at _runTestsForDescribeBlock (C:\Source\Repos\file-share-service-ui\node_modules\jest-circus\build\run.js:121:9)
    at run (C:\Source\Repos\file-share-service-ui\node_modules\jest-circus\build\run.js:71:3)
    at runAndTransformResultsToJestFormat (C:\Source\Repos\file-share-service-ui\node_modules\jest-circus\build\legacy-code-todo-rewrite\jestAdapterInit.js:122:21)</failure>
    </testcase>
  </testsuite>
  <testsuite name="FssSimplifiedFilterComponent" errors="0" failures="3" skipped="0" timestamp="2025-01-21T18:04:26" time="4.924" tests="3">
    <testcase classname="FssSimplifiedFilterComponent should create" name="FssSimplifiedFilterComponent should create" time="0.028">
      <failure>Error: Unexpected &quot;FssSimplifiedFilterComponent&quot; found in the &quot;declarations&quot; array of the &quot;TestBed.configureTestingModule&quot; call, &quot;FssSimplifiedFilterComponent&quot; is marked as standalone and can&apos;t be declared in any NgModule - did you intend to import it instead (by adding it to the &quot;imports&quot; array)?
    at C:\Source\Repos\file-share-service-ui\node_modules\@angular\core\fesm2022\testing.mjs:664:15
    at Array.forEach (&lt;anonymous&gt;)
    at forEach (C:\Source\Repos\file-share-service-ui\node_modules\@angular\core\fesm2022\testing.mjs:660:9)
    at TestBedCompiler.assertNoStandaloneComponents [as configureTestingModule] (C:\Source\Repos\file-share-service-ui\node_modules\@angular\core\fesm2022\testing.mjs:738:7)
    at _TestBedImpl.configureTestingModule (C:\Source\Repos\file-share-service-ui\node_modules\@angular\core\fesm2022\testing.mjs:1698:19)
    at Function.configureTestingModule (C:\Source\Repos\file-share-service-ui\node_modules\@angular\core\fesm2022\testing.mjs:1542:34)
    at C:\Source\Repos\file-share-service-ui\Tests\UnitTests\fss-simplified-filter.component.spec.ts:13:19
    at _ZoneDelegate.invoke (C:\Source\Repos\file-share-service-ui\node_modules\zone.js\bundles\zone.umd.js:395:160)
    at ProxyZoneSpec.onInvoke (C:\Source\Repos\file-share-service-ui\node_modules\zone.js\bundles\zone-testing.umd.js:2158:35)
    at _ZoneDelegate.invoke (C:\Source\Repos\file-share-service-ui\node_modules\zone.js\bundles\zone.umd.js:395:48)
    at ZoneImpl.run (C:\Source\Repos\file-share-service-ui\node_modules\zone.js\bundles\zone.umd.js:145:37)
    at Object.wrappedFunc (C:\Source\Repos\file-share-service-ui\node_modules\zone.js\bundles\zone-testing.umd.js:430:28)
    at Promise.then.completed (C:\Source\Repos\file-share-service-ui\node_modules\jest-circus\build\utils.js:298:28)
    at new Promise (&lt;anonymous&gt;)
    at callAsyncCircusFn (C:\Source\Repos\file-share-service-ui\node_modules\jest-circus\build\utils.js:231:10)
    at _callCircusHook (C:\Source\Repos\file-share-service-ui\node_modules\jest-circus\build\run.js:281:40)
    at processTicksAndRejections (node:internal/process/task_queues:95:5)
    at _runTest (C:\Source\Repos\file-share-service-ui\node_modules\jest-circus\build\run.js:246:5)
    at _runTestsForDescribeBlock (C:\Source\Repos\file-share-service-ui\node_modules\jest-circus\build\run.js:126:9)
    at _runTestsForDescribeBlock (C:\Source\Repos\file-share-service-ui\node_modules\jest-circus\build\run.js:121:9)
    at run (C:\Source\Repos\file-share-service-ui\node_modules\jest-circus\build\run.js:71:3)
    at runAndTransformResultsToJestFormat (C:\Source\Repos\file-share-service-ui\node_modules\jest-circus\build\legacy-code-todo-rewrite\jestAdapterInit.js:122:21)</failure>
    </testcase>
    <testcase classname="FssSimplifiedFilterComponent should emit when the simplified apply filter button is clicked" name="FssSimplifiedFilterComponent should emit when the simplified apply filter button is clicked" time="0.001">
      <failure>Error: Unexpected &quot;FssSimplifiedFilterComponent&quot; found in the &quot;declarations&quot; array of the &quot;TestBed.configureTestingModule&quot; call, &quot;FssSimplifiedFilterComponent&quot; is marked as standalone and can&apos;t be declared in any NgModule - did you intend to import it instead (by adding it to the &quot;imports&quot; array)?
    at C:\Source\Repos\file-share-service-ui\node_modules\@angular\core\fesm2022\testing.mjs:664:15
    at Array.forEach (&lt;anonymous&gt;)
    at forEach (C:\Source\Repos\file-share-service-ui\node_modules\@angular\core\fesm2022\testing.mjs:660:9)
    at TestBedCompiler.assertNoStandaloneComponents [as configureTestingModule] (C:\Source\Repos\file-share-service-ui\node_modules\@angular\core\fesm2022\testing.mjs:738:7)
    at _TestBedImpl.configureTestingModule (C:\Source\Repos\file-share-service-ui\node_modules\@angular\core\fesm2022\testing.mjs:1698:19)
    at Function.configureTestingModule (C:\Source\Repos\file-share-service-ui\node_modules\@angular\core\fesm2022\testing.mjs:1542:34)
    at C:\Source\Repos\file-share-service-ui\Tests\UnitTests\fss-simplified-filter.component.spec.ts:13:19
    at _ZoneDelegate.invoke (C:\Source\Repos\file-share-service-ui\node_modules\zone.js\bundles\zone.umd.js:395:160)
    at ProxyZoneSpec.onInvoke (C:\Source\Repos\file-share-service-ui\node_modules\zone.js\bundles\zone-testing.umd.js:2158:35)
    at _ZoneDelegate.invoke (C:\Source\Repos\file-share-service-ui\node_modules\zone.js\bundles\zone.umd.js:395:48)
    at ZoneImpl.run (C:\Source\Repos\file-share-service-ui\node_modules\zone.js\bundles\zone.umd.js:145:37)
    at Object.wrappedFunc (C:\Source\Repos\file-share-service-ui\node_modules\zone.js\bundles\zone-testing.umd.js:430:28)
    at Promise.then.completed (C:\Source\Repos\file-share-service-ui\node_modules\jest-circus\build\utils.js:298:28)
    at new Promise (&lt;anonymous&gt;)
    at callAsyncCircusFn (C:\Source\Repos\file-share-service-ui\node_modules\jest-circus\build\utils.js:231:10)
    at _callCircusHook (C:\Source\Repos\file-share-service-ui\node_modules\jest-circus\build\run.js:281:40)
    at processTicksAndRejections (node:internal/process/task_queues:95:5)
    at _runTest (C:\Source\Repos\file-share-service-ui\node_modules\jest-circus\build\run.js:246:5)
    at _runTestsForDescribeBlock (C:\Source\Repos\file-share-service-ui\node_modules\jest-circus\build\run.js:126:9)
    at _runTestsForDescribeBlock (C:\Source\Repos\file-share-service-ui\node_modules\jest-circus\build\run.js:121:9)
    at run (C:\Source\Repos\file-share-service-ui\node_modules\jest-circus\build\run.js:71:3)
    at runAndTransformResultsToJestFormat (C:\Source\Repos\file-share-service-ui\node_modules\jest-circus\build\legacy-code-todo-rewrite\jestAdapterInit.js:122:21)</failure>
    </testcase>
    <testcase classname="FssSimplifiedFilterComponent should return applyFilterExpression when the simplified apply filter button is clicked" name="FssSimplifiedFilterComponent should return applyFilterExpression when the simplified apply filter button is clicked" time="0.002">
      <failure>Error: Unexpected &quot;FssSimplifiedFilterComponent&quot; found in the &quot;declarations&quot; array of the &quot;TestBed.configureTestingModule&quot; call, &quot;FssSimplifiedFilterComponent&quot; is marked as standalone and can&apos;t be declared in any NgModule - did you intend to import it instead (by adding it to the &quot;imports&quot; array)?
    at C:\Source\Repos\file-share-service-ui\node_modules\@angular\core\fesm2022\testing.mjs:664:15
    at Array.forEach (&lt;anonymous&gt;)
    at forEach (C:\Source\Repos\file-share-service-ui\node_modules\@angular\core\fesm2022\testing.mjs:660:9)
    at TestBedCompiler.assertNoStandaloneComponents [as configureTestingModule] (C:\Source\Repos\file-share-service-ui\node_modules\@angular\core\fesm2022\testing.mjs:738:7)
    at _TestBedImpl.configureTestingModule (C:\Source\Repos\file-share-service-ui\node_modules\@angular\core\fesm2022\testing.mjs:1698:19)
    at Function.configureTestingModule (C:\Source\Repos\file-share-service-ui\node_modules\@angular\core\fesm2022\testing.mjs:1542:34)
    at C:\Source\Repos\file-share-service-ui\Tests\UnitTests\fss-simplified-filter.component.spec.ts:13:19
    at _ZoneDelegate.invoke (C:\Source\Repos\file-share-service-ui\node_modules\zone.js\bundles\zone.umd.js:395:160)
    at ProxyZoneSpec.onInvoke (C:\Source\Repos\file-share-service-ui\node_modules\zone.js\bundles\zone-testing.umd.js:2158:35)
    at _ZoneDelegate.invoke (C:\Source\Repos\file-share-service-ui\node_modules\zone.js\bundles\zone.umd.js:395:48)
    at ZoneImpl.run (C:\Source\Repos\file-share-service-ui\node_modules\zone.js\bundles\zone.umd.js:145:37)
    at Object.wrappedFunc (C:\Source\Repos\file-share-service-ui\node_modules\zone.js\bundles\zone-testing.umd.js:430:28)
    at Promise.then.completed (C:\Source\Repos\file-share-service-ui\node_modules\jest-circus\build\utils.js:298:28)
    at new Promise (&lt;anonymous&gt;)
    at callAsyncCircusFn (C:\Source\Repos\file-share-service-ui\node_modules\jest-circus\build\utils.js:231:10)
    at _callCircusHook (C:\Source\Repos\file-share-service-ui\node_modules\jest-circus\build\run.js:281:40)
    at processTicksAndRejections (node:internal/process/task_queues:95:5)
    at _runTest (C:\Source\Repos\file-share-service-ui\node_modules\jest-circus\build\run.js:246:5)
    at _runTestsForDescribeBlock (C:\Source\Repos\file-share-service-ui\node_modules\jest-circus\build\run.js:126:9)
    at _runTestsForDescribeBlock (C:\Source\Repos\file-share-service-ui\node_modules\jest-circus\build\run.js:121:9)
    at run (C:\Source\Repos\file-share-service-ui\node_modules\jest-circus\build\run.js:71:3)
    at runAndTransformResultsToJestFormat (C:\Source\Repos\file-share-service-ui\node_modules\jest-circus\build\legacy-code-todo-rewrite\jestAdapterInit.js:122:21)</failure>
    </testcase>
  </testsuite>
  <testsuite name="ExchangeSetComponent" errors="0" failures="7" skipped="0" timestamp="2025-01-21T18:04:26" time="5.09" tests="7">
    <testcase classname="ExchangeSetComponent should create exchange set component" name="ExchangeSetComponent should create exchange set component" time="0.014">
      <failure>Error: Unexpected &quot;ExchangeSetComponent&quot; found in the &quot;declarations&quot; array of the &quot;TestBed.configureTestingModule&quot; call, &quot;ExchangeSetComponent&quot; is marked as standalone and can&apos;t be declared in any NgModule - did you intend to import it instead (by adding it to the &quot;imports&quot; array)?
    at C:\Source\Repos\file-share-service-ui\node_modules\@angular\core\fesm2022\testing.mjs:664:15
    at Array.forEach (&lt;anonymous&gt;)
    at forEach (C:\Source\Repos\file-share-service-ui\node_modules\@angular\core\fesm2022\testing.mjs:660:9)
    at TestBedCompiler.assertNoStandaloneComponents [as configureTestingModule] (C:\Source\Repos\file-share-service-ui\node_modules\@angular\core\fesm2022\testing.mjs:738:7)
    at _TestBedImpl.configureTestingModule (C:\Source\Repos\file-share-service-ui\node_modules\@angular\core\fesm2022\testing.mjs:1698:19)
    at Function.configureTestingModule (C:\Source\Repos\file-share-service-ui\node_modules\@angular\core\fesm2022\testing.mjs:1542:34)
    at C:\Source\Repos\file-share-service-ui\Tests\UnitTests\exchange-set.component.spec.ts:21:19
    at _ZoneDelegate.invoke (C:\Source\Repos\file-share-service-ui\node_modules\zone.js\bundles\zone.umd.js:395:160)
    at ProxyZoneSpec.onInvoke (C:\Source\Repos\file-share-service-ui\node_modules\zone.js\bundles\zone-testing.umd.js:2158:35)
    at _ZoneDelegate.invoke (C:\Source\Repos\file-share-service-ui\node_modules\zone.js\bundles\zone.umd.js:395:48)
    at ZoneImpl.run (C:\Source\Repos\file-share-service-ui\node_modules\zone.js\bundles\zone.umd.js:145:37)
    at Object.wrappedFunc (C:\Source\Repos\file-share-service-ui\node_modules\zone.js\bundles\zone-testing.umd.js:430:28)
    at Promise.then.completed (C:\Source\Repos\file-share-service-ui\node_modules\jest-circus\build\utils.js:298:28)
    at new Promise (&lt;anonymous&gt;)
    at callAsyncCircusFn (C:\Source\Repos\file-share-service-ui\node_modules\jest-circus\build\utils.js:231:10)
    at _callCircusHook (C:\Source\Repos\file-share-service-ui\node_modules\jest-circus\build\run.js:281:40)
    at processTicksAndRejections (node:internal/process/task_queues:95:5)
    at _runTest (C:\Source\Repos\file-share-service-ui\node_modules\jest-circus\build\run.js:246:5)
    at _runTestsForDescribeBlock (C:\Source\Repos\file-share-service-ui\node_modules\jest-circus\build\run.js:126:9)
    at _runTestsForDescribeBlock (C:\Source\Repos\file-share-service-ui\node_modules\jest-circus\build\run.js:121:9)
    at run (C:\Source\Repos\file-share-service-ui\node_modules\jest-circus\build\run.js:71:3)
    at runAndTransformResultsToJestFormat (C:\Source\Repos\file-share-service-ui\node_modules\jest-circus\build\legacy-code-todo-rewrite\jestAdapterInit.js:122:21)</failure>
    </testcase>
    <testcase classname="ExchangeSetComponent should return 2 radio buttons value in exchange set" name="ExchangeSetComponent should return 2 radio buttons value in exchange set" time="0.001">
      <failure>Error: Unexpected &quot;ExchangeSetComponent&quot; found in the &quot;declarations&quot; array of the &quot;TestBed.configureTestingModule&quot; call, &quot;ExchangeSetComponent&quot; is marked as standalone and can&apos;t be declared in any NgModule - did you intend to import it instead (by adding it to the &quot;imports&quot; array)?
    at C:\Source\Repos\file-share-service-ui\node_modules\@angular\core\fesm2022\testing.mjs:664:15
    at Array.forEach (&lt;anonymous&gt;)
    at forEach (C:\Source\Repos\file-share-service-ui\node_modules\@angular\core\fesm2022\testing.mjs:660:9)
    at TestBedCompiler.assertNoStandaloneComponents [as configureTestingModule] (C:\Source\Repos\file-share-service-ui\node_modules\@angular\core\fesm2022\testing.mjs:738:7)
    at _TestBedImpl.configureTestingModule (C:\Source\Repos\file-share-service-ui\node_modules\@angular\core\fesm2022\testing.mjs:1698:19)
    at Function.configureTestingModule (C:\Source\Repos\file-share-service-ui\node_modules\@angular\core\fesm2022\testing.mjs:1542:34)
    at C:\Source\Repos\file-share-service-ui\Tests\UnitTests\exchange-set.component.spec.ts:21:19
    at _ZoneDelegate.invoke (C:\Source\Repos\file-share-service-ui\node_modules\zone.js\bundles\zone.umd.js:395:160)
    at ProxyZoneSpec.onInvoke (C:\Source\Repos\file-share-service-ui\node_modules\zone.js\bundles\zone-testing.umd.js:2158:35)
    at _ZoneDelegate.invoke (C:\Source\Repos\file-share-service-ui\node_modules\zone.js\bundles\zone.umd.js:395:48)
    at ZoneImpl.run (C:\Source\Repos\file-share-service-ui\node_modules\zone.js\bundles\zone.umd.js:145:37)
    at Object.wrappedFunc (C:\Source\Repos\file-share-service-ui\node_modules\zone.js\bundles\zone-testing.umd.js:430:28)
    at Promise.then.completed (C:\Source\Repos\file-share-service-ui\node_modules\jest-circus\build\utils.js:298:28)
    at new Promise (&lt;anonymous&gt;)
    at callAsyncCircusFn (C:\Source\Repos\file-share-service-ui\node_modules\jest-circus\build\utils.js:231:10)
    at _callCircusHook (C:\Source\Repos\file-share-service-ui\node_modules\jest-circus\build\run.js:281:40)
    at processTicksAndRejections (node:internal/process/task_queues:95:5)
    at _runTest (C:\Source\Repos\file-share-service-ui\node_modules\jest-circus\build\run.js:246:5)
    at _runTestsForDescribeBlock (C:\Source\Repos\file-share-service-ui\node_modules\jest-circus\build\run.js:126:9)
    at _runTestsForDescribeBlock (C:\Source\Repos\file-share-service-ui\node_modules\jest-circus\build\run.js:121:9)
    at run (C:\Source\Repos\file-share-service-ui\node_modules\jest-circus\build\run.js:71:3)
    at runAndTransformResultsToJestFormat (C:\Source\Repos\file-share-service-ui\node_modules\jest-circus\build\legacy-code-todo-rewrite\jestAdapterInit.js:122:21)</failure>
    </testcase>
    <testcase classname="ExchangeSetComponent should show the sub heading in exchange set" name="ExchangeSetComponent should show the sub heading in exchange set" time="0.001">
      <failure>Error: Unexpected &quot;ExchangeSetComponent&quot; found in the &quot;declarations&quot; array of the &quot;TestBed.configureTestingModule&quot; call, &quot;ExchangeSetComponent&quot; is marked as standalone and can&apos;t be declared in any NgModule - did you intend to import it instead (by adding it to the &quot;imports&quot; array)?
    at C:\Source\Repos\file-share-service-ui\node_modules\@angular\core\fesm2022\testing.mjs:664:15
    at Array.forEach (&lt;anonymous&gt;)
    at forEach (C:\Source\Repos\file-share-service-ui\node_modules\@angular\core\fesm2022\testing.mjs:660:9)
    at TestBedCompiler.assertNoStandaloneComponents [as configureTestingModule] (C:\Source\Repos\file-share-service-ui\node_modules\@angular\core\fesm2022\testing.mjs:738:7)
    at _TestBedImpl.configureTestingModule (C:\Source\Repos\file-share-service-ui\node_modules\@angular\core\fesm2022\testing.mjs:1698:19)
    at Function.configureTestingModule (C:\Source\Repos\file-share-service-ui\node_modules\@angular\core\fesm2022\testing.mjs:1542:34)
    at C:\Source\Repos\file-share-service-ui\Tests\UnitTests\exchange-set.component.spec.ts:21:19
    at _ZoneDelegate.invoke (C:\Source\Repos\file-share-service-ui\node_modules\zone.js\bundles\zone.umd.js:395:160)
    at ProxyZoneSpec.onInvoke (C:\Source\Repos\file-share-service-ui\node_modules\zone.js\bundles\zone-testing.umd.js:2158:35)
    at _ZoneDelegate.invoke (C:\Source\Repos\file-share-service-ui\node_modules\zone.js\bundles\zone.umd.js:395:48)
    at ZoneImpl.run (C:\Source\Repos\file-share-service-ui\node_modules\zone.js\bundles\zone.umd.js:145:37)
    at Object.wrappedFunc (C:\Source\Repos\file-share-service-ui\node_modules\zone.js\bundles\zone-testing.umd.js:430:28)
    at Promise.then.completed (C:\Source\Repos\file-share-service-ui\node_modules\jest-circus\build\utils.js:298:28)
    at new Promise (&lt;anonymous&gt;)
    at callAsyncCircusFn (C:\Source\Repos\file-share-service-ui\node_modules\jest-circus\build\utils.js:231:10)
    at _callCircusHook (C:\Source\Repos\file-share-service-ui\node_modules\jest-circus\build\run.js:281:40)
    at processTicksAndRejections (node:internal/process/task_queues:95:5)
    at _runTest (C:\Source\Repos\file-share-service-ui\node_modules\jest-circus\build\run.js:246:5)
    at _runTestsForDescribeBlock (C:\Source\Repos\file-share-service-ui\node_modules\jest-circus\build\run.js:126:9)
    at _runTestsForDescribeBlock (C:\Source\Repos\file-share-service-ui\node_modules\jest-circus\build\run.js:121:9)
    at run (C:\Source\Repos\file-share-service-ui\node_modules\jest-circus\build\run.js:71:3)
    at runAndTransformResultsToJestFormat (C:\Source\Repos\file-share-service-ui\node_modules\jest-circus\build\legacy-code-todo-rewrite\jestAdapterInit.js:122:21)</failure>
    </testcase>
    <testcase classname="ExchangeSetComponent should display addUploadEncComponents div when radioUploadEnc is checked " name="ExchangeSetComponent should display addUploadEncComponents div when radioUploadEnc is checked " time="0.001">
      <failure>Error: Unexpected &quot;ExchangeSetComponent&quot; found in the &quot;declarations&quot; array of the &quot;TestBed.configureTestingModule&quot; call, &quot;ExchangeSetComponent&quot; is marked as standalone and can&apos;t be declared in any NgModule - did you intend to import it instead (by adding it to the &quot;imports&quot; array)?
    at C:\Source\Repos\file-share-service-ui\node_modules\@angular\core\fesm2022\testing.mjs:664:15
    at Array.forEach (&lt;anonymous&gt;)
    at forEach (C:\Source\Repos\file-share-service-ui\node_modules\@angular\core\fesm2022\testing.mjs:660:9)
    at TestBedCompiler.assertNoStandaloneComponents [as configureTestingModule] (C:\Source\Repos\file-share-service-ui\node_modules\@angular\core\fesm2022\testing.mjs:738:7)
    at _TestBedImpl.configureTestingModule (C:\Source\Repos\file-share-service-ui\node_modules\@angular\core\fesm2022\testing.mjs:1698:19)
    at Function.configureTestingModule (C:\Source\Repos\file-share-service-ui\node_modules\@angular\core\fesm2022\testing.mjs:1542:34)
    at C:\Source\Repos\file-share-service-ui\Tests\UnitTests\exchange-set.component.spec.ts:21:19
    at _ZoneDelegate.invoke (C:\Source\Repos\file-share-service-ui\node_modules\zone.js\bundles\zone.umd.js:395:160)
    at ProxyZoneSpec.onInvoke (C:\Source\Repos\file-share-service-ui\node_modules\zone.js\bundles\zone-testing.umd.js:2158:35)
    at _ZoneDelegate.invoke (C:\Source\Repos\file-share-service-ui\node_modules\zone.js\bundles\zone.umd.js:395:48)
    at ZoneImpl.run (C:\Source\Repos\file-share-service-ui\node_modules\zone.js\bundles\zone.umd.js:145:37)
    at Object.wrappedFunc (C:\Source\Repos\file-share-service-ui\node_modules\zone.js\bundles\zone-testing.umd.js:430:28)
    at Promise.then.completed (C:\Source\Repos\file-share-service-ui\node_modules\jest-circus\build\utils.js:298:28)
    at new Promise (&lt;anonymous&gt;)
    at callAsyncCircusFn (C:\Source\Repos\file-share-service-ui\node_modules\jest-circus\build\utils.js:231:10)
    at _callCircusHook (C:\Source\Repos\file-share-service-ui\node_modules\jest-circus\build\run.js:281:40)
    at processTicksAndRejections (node:internal/process/task_queues:95:5)
    at _runTest (C:\Source\Repos\file-share-service-ui\node_modules\jest-circus\build\run.js:246:5)
    at _runTestsForDescribeBlock (C:\Source\Repos\file-share-service-ui\node_modules\jest-circus\build\run.js:126:9)
    at _runTestsForDescribeBlock (C:\Source\Repos\file-share-service-ui\node_modules\jest-circus\build\run.js:121:9)
    at run (C:\Source\Repos\file-share-service-ui\node_modules\jest-circus\build\run.js:71:3)
    at runAndTransformResultsToJestFormat (C:\Source\Repos\file-share-service-ui\node_modules\jest-circus\build\legacy-code-todo-rewrite\jestAdapterInit.js:122:21)</failure>
    </testcase>
    <testcase classname="ExchangeSetComponent should display addSingleFileSection div when radioAddEnc is checked " name="ExchangeSetComponent should display addSingleFileSection div when radioAddEnc is checked " time="0.001">
      <failure>Error: Unexpected &quot;ExchangeSetComponent&quot; found in the &quot;declarations&quot; array of the &quot;TestBed.configureTestingModule&quot; call, &quot;ExchangeSetComponent&quot; is marked as standalone and can&apos;t be declared in any NgModule - did you intend to import it instead (by adding it to the &quot;imports&quot; array)?
    at C:\Source\Repos\file-share-service-ui\node_modules\@angular\core\fesm2022\testing.mjs:664:15
    at Array.forEach (&lt;anonymous&gt;)
    at forEach (C:\Source\Repos\file-share-service-ui\node_modules\@angular\core\fesm2022\testing.mjs:660:9)
    at TestBedCompiler.assertNoStandaloneComponents [as configureTestingModule] (C:\Source\Repos\file-share-service-ui\node_modules\@angular\core\fesm2022\testing.mjs:738:7)
    at _TestBedImpl.configureTestingModule (C:\Source\Repos\file-share-service-ui\node_modules\@angular\core\fesm2022\testing.mjs:1698:19)
    at Function.configureTestingModule (C:\Source\Repos\file-share-service-ui\node_modules\@angular\core\fesm2022\testing.mjs:1542:34)
    at C:\Source\Repos\file-share-service-ui\Tests\UnitTests\exchange-set.component.spec.ts:21:19
    at _ZoneDelegate.invoke (C:\Source\Repos\file-share-service-ui\node_modules\zone.js\bundles\zone.umd.js:395:160)
    at ProxyZoneSpec.onInvoke (C:\Source\Repos\file-share-service-ui\node_modules\zone.js\bundles\zone-testing.umd.js:2158:35)
    at _ZoneDelegate.invoke (C:\Source\Repos\file-share-service-ui\node_modules\zone.js\bundles\zone.umd.js:395:48)
    at ZoneImpl.run (C:\Source\Repos\file-share-service-ui\node_modules\zone.js\bundles\zone.umd.js:145:37)
    at Object.wrappedFunc (C:\Source\Repos\file-share-service-ui\node_modules\zone.js\bundles\zone-testing.umd.js:430:28)
    at Promise.then.completed (C:\Source\Repos\file-share-service-ui\node_modules\jest-circus\build\utils.js:298:28)
    at new Promise (&lt;anonymous&gt;)
    at callAsyncCircusFn (C:\Source\Repos\file-share-service-ui\node_modules\jest-circus\build\utils.js:231:10)
    at _callCircusHook (C:\Source\Repos\file-share-service-ui\node_modules\jest-circus\build\run.js:281:40)
    at processTicksAndRejections (node:internal/process/task_queues:95:5)
    at _runTest (C:\Source\Repos\file-share-service-ui\node_modules\jest-circus\build\run.js:246:5)
    at _runTestsForDescribeBlock (C:\Source\Repos\file-share-service-ui\node_modules\jest-circus\build\run.js:126:9)
    at _runTestsForDescribeBlock (C:\Source\Repos\file-share-service-ui\node_modules\jest-circus\build\run.js:121:9)
    at run (C:\Source\Repos\file-share-service-ui\node_modules\jest-circus\build\run.js:71:3)
    at runAndTransformResultsToJestFormat (C:\Source\Repos\file-share-service-ui\node_modules\jest-circus\build\legacy-code-todo-rewrite\jestAdapterInit.js:122:21)</failure>
    </testcase>
    <testcase classname="ExchangeSetComponent should show the content of paragraph in exchange set with selection limit from config" name="ExchangeSetComponent should show the content of paragraph in exchange set with selection limit from config" time="0.001">
      <failure>Error: Unexpected &quot;ExchangeSetComponent&quot; found in the &quot;declarations&quot; array of the &quot;TestBed.configureTestingModule&quot; call, &quot;ExchangeSetComponent&quot; is marked as standalone and can&apos;t be declared in any NgModule - did you intend to import it instead (by adding it to the &quot;imports&quot; array)?
    at C:\Source\Repos\file-share-service-ui\node_modules\@angular\core\fesm2022\testing.mjs:664:15
    at Array.forEach (&lt;anonymous&gt;)
    at forEach (C:\Source\Repos\file-share-service-ui\node_modules\@angular\core\fesm2022\testing.mjs:660:9)
    at TestBedCompiler.assertNoStandaloneComponents [as configureTestingModule] (C:\Source\Repos\file-share-service-ui\node_modules\@angular\core\fesm2022\testing.mjs:738:7)
    at _TestBedImpl.configureTestingModule (C:\Source\Repos\file-share-service-ui\node_modules\@angular\core\fesm2022\testing.mjs:1698:19)
    at Function.configureTestingModule (C:\Source\Repos\file-share-service-ui\node_modules\@angular\core\fesm2022\testing.mjs:1542:34)
    at C:\Source\Repos\file-share-service-ui\Tests\UnitTests\exchange-set.component.spec.ts:21:19
    at _ZoneDelegate.invoke (C:\Source\Repos\file-share-service-ui\node_modules\zone.js\bundles\zone.umd.js:395:160)
    at ProxyZoneSpec.onInvoke (C:\Source\Repos\file-share-service-ui\node_modules\zone.js\bundles\zone-testing.umd.js:2158:35)
    at _ZoneDelegate.invoke (C:\Source\Repos\file-share-service-ui\node_modules\zone.js\bundles\zone.umd.js:395:48)
    at ZoneImpl.run (C:\Source\Repos\file-share-service-ui\node_modules\zone.js\bundles\zone.umd.js:145:37)
    at Object.wrappedFunc (C:\Source\Repos\file-share-service-ui\node_modules\zone.js\bundles\zone-testing.umd.js:430:28)
    at Promise.then.completed (C:\Source\Repos\file-share-service-ui\node_modules\jest-circus\build\utils.js:298:28)
    at new Promise (&lt;anonymous&gt;)
    at callAsyncCircusFn (C:\Source\Repos\file-share-service-ui\node_modules\jest-circus\build\utils.js:231:10)
    at _callCircusHook (C:\Source\Repos\file-share-service-ui\node_modules\jest-circus\build\run.js:281:40)
    at processTicksAndRejections (node:internal/process/task_queues:95:5)
    at _runTest (C:\Source\Repos\file-share-service-ui\node_modules\jest-circus\build\run.js:246:5)
    at _runTestsForDescribeBlock (C:\Source\Repos\file-share-service-ui\node_modules\jest-circus\build\run.js:126:9)
    at _runTestsForDescribeBlock (C:\Source\Repos\file-share-service-ui\node_modules\jest-circus\build\run.js:121:9)
    at run (C:\Source\Repos\file-share-service-ui\node_modules\jest-circus\build\run.js:71:3)
    at runAndTransformResultsToJestFormat (C:\Source\Repos\file-share-service-ui\node_modules\jest-circus\build\legacy-code-todo-rewrite\jestAdapterInit.js:122:21)</failure>
    </testcase>
    <testcase classname="ExchangeSetComponent when user click on start again then it should navigate to ess landing page" name="ExchangeSetComponent when user click on start again then it should navigate to ess landing page" time="0.001">
      <failure>Error: Unexpected &quot;ExchangeSetComponent&quot; found in the &quot;declarations&quot; array of the &quot;TestBed.configureTestingModule&quot; call, &quot;ExchangeSetComponent&quot; is marked as standalone and can&apos;t be declared in any NgModule - did you intend to import it instead (by adding it to the &quot;imports&quot; array)?
    at C:\Source\Repos\file-share-service-ui\node_modules\@angular\core\fesm2022\testing.mjs:664:15
    at Array.forEach (&lt;anonymous&gt;)
    at forEach (C:\Source\Repos\file-share-service-ui\node_modules\@angular\core\fesm2022\testing.mjs:660:9)
    at TestBedCompiler.assertNoStandaloneComponents [as configureTestingModule] (C:\Source\Repos\file-share-service-ui\node_modules\@angular\core\fesm2022\testing.mjs:738:7)
    at _TestBedImpl.configureTestingModule (C:\Source\Repos\file-share-service-ui\node_modules\@angular\core\fesm2022\testing.mjs:1698:19)
    at Function.configureTestingModule (C:\Source\Repos\file-share-service-ui\node_modules\@angular\core\fesm2022\testing.mjs:1542:34)
    at C:\Source\Repos\file-share-service-ui\Tests\UnitTests\exchange-set.component.spec.ts:21:19
    at _ZoneDelegate.invoke (C:\Source\Repos\file-share-service-ui\node_modules\zone.js\bundles\zone.umd.js:395:160)
    at ProxyZoneSpec.onInvoke (C:\Source\Repos\file-share-service-ui\node_modules\zone.js\bundles\zone-testing.umd.js:2158:35)
    at _ZoneDelegate.invoke (C:\Source\Repos\file-share-service-ui\node_modules\zone.js\bundles\zone.umd.js:395:48)
    at ZoneImpl.run (C:\Source\Repos\file-share-service-ui\node_modules\zone.js\bundles\zone.umd.js:145:37)
    at Object.wrappedFunc (C:\Source\Repos\file-share-service-ui\node_modules\zone.js\bundles\zone-testing.umd.js:430:28)
    at Promise.then.completed (C:\Source\Repos\file-share-service-ui\node_modules\jest-circus\build\utils.js:298:28)
    at new Promise (&lt;anonymous&gt;)
    at callAsyncCircusFn (C:\Source\Repos\file-share-service-ui\node_modules\jest-circus\build\utils.js:231:10)
    at _callCircusHook (C:\Source\Repos\file-share-service-ui\node_modules\jest-circus\build\run.js:281:40)
    at processTicksAndRejections (node:internal/process/task_queues:95:5)
    at _runTest (C:\Source\Repos\file-share-service-ui\node_modules\jest-circus\build\run.js:246:5)
    at _runTestsForDescribeBlock (C:\Source\Repos\file-share-service-ui\node_modules\jest-circus\build\run.js:126:9)
    at _runTestsForDescribeBlock (C:\Source\Repos\file-share-service-ui\node_modules\jest-circus\build\run.js:121:9)
    at run (C:\Source\Repos\file-share-service-ui\node_modules\jest-circus\build\run.js:71:3)
    at runAndTransformResultsToJestFormat (C:\Source\Repos\file-share-service-ui\node_modules\jest-circus\build\legacy-code-todo-rewrite\jestAdapterInit.js:122:21)</failure>
    </testcase>
  </testsuite>
  <testsuite name="FssSimplifiedSearchComponent" errors="0" failures="9" skipped="0" timestamp="2025-01-21T18:04:26" time="4.964" tests="9">
    <testcase classname="FssSimplifiedSearchComponent should create FssSimplifiedSearchComponent" name="FssSimplifiedSearchComponent should create FssSimplifiedSearchComponent" time="0.027">
      <failure>Error: Unexpected &quot;FssSimplifiedSearchComponent&quot; found in the &quot;declarations&quot; array of the &quot;TestBed.configureTestingModule&quot; call, &quot;FssSimplifiedSearchComponent&quot; is marked as standalone and can&apos;t be declared in any NgModule - did you intend to import it instead (by adding it to the &quot;imports&quot; array)?
    at C:\Source\Repos\file-share-service-ui\node_modules\@angular\core\fesm2022\testing.mjs:664:15
    at Array.forEach (&lt;anonymous&gt;)
    at forEach (C:\Source\Repos\file-share-service-ui\node_modules\@angular\core\fesm2022\testing.mjs:660:9)
    at TestBedCompiler.assertNoStandaloneComponents [as configureTestingModule] (C:\Source\Repos\file-share-service-ui\node_modules\@angular\core\fesm2022\testing.mjs:738:7)
    at _TestBedImpl.configureTestingModule (C:\Source\Repos\file-share-service-ui\node_modules\@angular\core\fesm2022\testing.mjs:1698:19)
    at Function.configureTestingModule (C:\Source\Repos\file-share-service-ui\node_modules\@angular\core\fesm2022\testing.mjs:1542:34)
    at C:\Source\Repos\file-share-service-ui\Tests\UnitTests\fss-simplified-search.component.spec.ts:17:19
    at _ZoneDelegate.invoke (C:\Source\Repos\file-share-service-ui\node_modules\zone.js\bundles\zone.umd.js:395:160)
    at ProxyZoneSpec.onInvoke (C:\Source\Repos\file-share-service-ui\node_modules\zone.js\bundles\zone-testing.umd.js:2158:35)
    at _ZoneDelegate.invoke (C:\Source\Repos\file-share-service-ui\node_modules\zone.js\bundles\zone.umd.js:395:48)
    at ZoneImpl.run (C:\Source\Repos\file-share-service-ui\node_modules\zone.js\bundles\zone.umd.js:145:37)
    at Object.wrappedFunc (C:\Source\Repos\file-share-service-ui\node_modules\zone.js\bundles\zone-testing.umd.js:430:28)
    at Promise.then.completed (C:\Source\Repos\file-share-service-ui\node_modules\jest-circus\build\utils.js:298:28)
    at new Promise (&lt;anonymous&gt;)
    at callAsyncCircusFn (C:\Source\Repos\file-share-service-ui\node_modules\jest-circus\build\utils.js:231:10)
    at _callCircusHook (C:\Source\Repos\file-share-service-ui\node_modules\jest-circus\build\run.js:281:40)
    at processTicksAndRejections (node:internal/process/task_queues:95:5)
    at _runTest (C:\Source\Repos\file-share-service-ui\node_modules\jest-circus\build\run.js:246:5)
    at _runTestsForDescribeBlock (C:\Source\Repos\file-share-service-ui\node_modules\jest-circus\build\run.js:126:9)
    at _runTestsForDescribeBlock (C:\Source\Repos\file-share-service-ui\node_modules\jest-circus\build\run.js:121:9)
    at run (C:\Source\Repos\file-share-service-ui\node_modules\jest-circus\build\run.js:71:3)
    at runAndTransformResultsToJestFormat (C:\Source\Repos\file-share-service-ui\node_modules\jest-circus\build\legacy-code-todo-rewrite\jestAdapterInit.js:122:21)</failure>
    </testcase>
    <testcase classname="FssSimplifiedSearchComponent should emit when the simplified search button is clicked" name="FssSimplifiedSearchComponent should emit when the simplified search button is clicked" time="0.003">
      <failure>Error: Unexpected &quot;FssSimplifiedSearchComponent&quot; found in the &quot;declarations&quot; array of the &quot;TestBed.configureTestingModule&quot; call, &quot;FssSimplifiedSearchComponent&quot; is marked as standalone and can&apos;t be declared in any NgModule - did you intend to import it instead (by adding it to the &quot;imports&quot; array)?
    at C:\Source\Repos\file-share-service-ui\node_modules\@angular\core\fesm2022\testing.mjs:664:15
    at Array.forEach (&lt;anonymous&gt;)
    at forEach (C:\Source\Repos\file-share-service-ui\node_modules\@angular\core\fesm2022\testing.mjs:660:9)
    at TestBedCompiler.assertNoStandaloneComponents [as configureTestingModule] (C:\Source\Repos\file-share-service-ui\node_modules\@angular\core\fesm2022\testing.mjs:738:7)
    at _TestBedImpl.configureTestingModule (C:\Source\Repos\file-share-service-ui\node_modules\@angular\core\fesm2022\testing.mjs:1698:19)
    at Function.configureTestingModule (C:\Source\Repos\file-share-service-ui\node_modules\@angular\core\fesm2022\testing.mjs:1542:34)
    at C:\Source\Repos\file-share-service-ui\Tests\UnitTests\fss-simplified-search.component.spec.ts:17:19
    at _ZoneDelegate.invoke (C:\Source\Repos\file-share-service-ui\node_modules\zone.js\bundles\zone.umd.js:395:160)
    at ProxyZoneSpec.onInvoke (C:\Source\Repos\file-share-service-ui\node_modules\zone.js\bundles\zone-testing.umd.js:2158:35)
    at _ZoneDelegate.invoke (C:\Source\Repos\file-share-service-ui\node_modules\zone.js\bundles\zone.umd.js:395:48)
    at ZoneImpl.run (C:\Source\Repos\file-share-service-ui\node_modules\zone.js\bundles\zone.umd.js:145:37)
    at Object.wrappedFunc (C:\Source\Repos\file-share-service-ui\node_modules\zone.js\bundles\zone-testing.umd.js:430:28)
    at Promise.then.completed (C:\Source\Repos\file-share-service-ui\node_modules\jest-circus\build\utils.js:298:28)
    at new Promise (&lt;anonymous&gt;)
    at callAsyncCircusFn (C:\Source\Repos\file-share-service-ui\node_modules\jest-circus\build\utils.js:231:10)
    at _callCircusHook (C:\Source\Repos\file-share-service-ui\node_modules\jest-circus\build\run.js:281:40)
    at processTicksAndRejections (node:internal/process/task_queues:95:5)
    at _runTest (C:\Source\Repos\file-share-service-ui\node_modules\jest-circus\build\run.js:246:5)
    at _runTestsForDescribeBlock (C:\Source\Repos\file-share-service-ui\node_modules\jest-circus\build\run.js:126:9)
    at _runTestsForDescribeBlock (C:\Source\Repos\file-share-service-ui\node_modules\jest-circus\build\run.js:121:9)
    at run (C:\Source\Repos\file-share-service-ui\node_modules\jest-circus\build\run.js:71:3)
    at runAndTransformResultsToJestFormat (C:\Source\Repos\file-share-service-ui\node_modules\jest-circus\build\legacy-code-todo-rewrite\jestAdapterInit.js:122:21)</failure>
    </testcase>
    <testcase classname="FssSimplifiedSearchComponent should show Advanced search Link" name="FssSimplifiedSearchComponent should show Advanced search Link" time="0.002">
      <failure>Error: Unexpected &quot;FssSimplifiedSearchComponent&quot; found in the &quot;declarations&quot; array of the &quot;TestBed.configureTestingModule&quot; call, &quot;FssSimplifiedSearchComponent&quot; is marked as standalone and can&apos;t be declared in any NgModule - did you intend to import it instead (by adding it to the &quot;imports&quot; array)?
    at C:\Source\Repos\file-share-service-ui\node_modules\@angular\core\fesm2022\testing.mjs:664:15
    at Array.forEach (&lt;anonymous&gt;)
    at forEach (C:\Source\Repos\file-share-service-ui\node_modules\@angular\core\fesm2022\testing.mjs:660:9)
    at TestBedCompiler.assertNoStandaloneComponents [as configureTestingModule] (C:\Source\Repos\file-share-service-ui\node_modules\@angular\core\fesm2022\testing.mjs:738:7)
    at _TestBedImpl.configureTestingModule (C:\Source\Repos\file-share-service-ui\node_modules\@angular\core\fesm2022\testing.mjs:1698:19)
    at Function.configureTestingModule (C:\Source\Repos\file-share-service-ui\node_modules\@angular\core\fesm2022\testing.mjs:1542:34)
    at C:\Source\Repos\file-share-service-ui\Tests\UnitTests\fss-simplified-search.component.spec.ts:17:19
    at _ZoneDelegate.invoke (C:\Source\Repos\file-share-service-ui\node_modules\zone.js\bundles\zone.umd.js:395:160)
    at ProxyZoneSpec.onInvoke (C:\Source\Repos\file-share-service-ui\node_modules\zone.js\bundles\zone-testing.umd.js:2158:35)
    at _ZoneDelegate.invoke (C:\Source\Repos\file-share-service-ui\node_modules\zone.js\bundles\zone.umd.js:395:48)
    at ZoneImpl.run (C:\Source\Repos\file-share-service-ui\node_modules\zone.js\bundles\zone.umd.js:145:37)
    at Object.wrappedFunc (C:\Source\Repos\file-share-service-ui\node_modules\zone.js\bundles\zone-testing.umd.js:430:28)
    at Promise.then.completed (C:\Source\Repos\file-share-service-ui\node_modules\jest-circus\build\utils.js:298:28)
    at new Promise (&lt;anonymous&gt;)
    at callAsyncCircusFn (C:\Source\Repos\file-share-service-ui\node_modules\jest-circus\build\utils.js:231:10)
    at _callCircusHook (C:\Source\Repos\file-share-service-ui\node_modules\jest-circus\build\run.js:281:40)
    at processTicksAndRejections (node:internal/process/task_queues:95:5)
    at _runTest (C:\Source\Repos\file-share-service-ui\node_modules\jest-circus\build\run.js:246:5)
    at _runTestsForDescribeBlock (C:\Source\Repos\file-share-service-ui\node_modules\jest-circus\build\run.js:126:9)
    at _runTestsForDescribeBlock (C:\Source\Repos\file-share-service-ui\node_modules\jest-circus\build\run.js:121:9)
    at run (C:\Source\Repos\file-share-service-ui\node_modules\jest-circus\build\run.js:71:3)
    at runAndTransformResultsToJestFormat (C:\Source\Repos\file-share-service-ui\node_modules\jest-circus\build\legacy-code-todo-rewrite\jestAdapterInit.js:122:21)</failure>
    </testcase>
    <testcase classname="FssSimplifiedSearchComponent should return filterExpression when the simplified search button is clicked with extra blank space" name="FssSimplifiedSearchComponent should return filterExpression when the simplified search button is clicked with extra blank space" time="0.002">
      <failure>Error: Unexpected &quot;FssSimplifiedSearchComponent&quot; found in the &quot;declarations&quot; array of the &quot;TestBed.configureTestingModule&quot; call, &quot;FssSimplifiedSearchComponent&quot; is marked as standalone and can&apos;t be declared in any NgModule - did you intend to import it instead (by adding it to the &quot;imports&quot; array)?
    at C:\Source\Repos\file-share-service-ui\node_modules\@angular\core\fesm2022\testing.mjs:664:15
    at Array.forEach (&lt;anonymous&gt;)
    at forEach (C:\Source\Repos\file-share-service-ui\node_modules\@angular\core\fesm2022\testing.mjs:660:9)
    at TestBedCompiler.assertNoStandaloneComponents [as configureTestingModule] (C:\Source\Repos\file-share-service-ui\node_modules\@angular\core\fesm2022\testing.mjs:738:7)
    at _TestBedImpl.configureTestingModule (C:\Source\Repos\file-share-service-ui\node_modules\@angular\core\fesm2022\testing.mjs:1698:19)
    at Function.configureTestingModule (C:\Source\Repos\file-share-service-ui\node_modules\@angular\core\fesm2022\testing.mjs:1542:34)
    at C:\Source\Repos\file-share-service-ui\Tests\UnitTests\fss-simplified-search.component.spec.ts:17:19
    at _ZoneDelegate.invoke (C:\Source\Repos\file-share-service-ui\node_modules\zone.js\bundles\zone.umd.js:395:160)
    at ProxyZoneSpec.onInvoke (C:\Source\Repos\file-share-service-ui\node_modules\zone.js\bundles\zone-testing.umd.js:2158:35)
    at _ZoneDelegate.invoke (C:\Source\Repos\file-share-service-ui\node_modules\zone.js\bundles\zone.umd.js:395:48)
    at ZoneImpl.run (C:\Source\Repos\file-share-service-ui\node_modules\zone.js\bundles\zone.umd.js:145:37)
    at Object.wrappedFunc (C:\Source\Repos\file-share-service-ui\node_modules\zone.js\bundles\zone-testing.umd.js:430:28)
    at Promise.then.completed (C:\Source\Repos\file-share-service-ui\node_modules\jest-circus\build\utils.js:298:28)
    at new Promise (&lt;anonymous&gt;)
    at callAsyncCircusFn (C:\Source\Repos\file-share-service-ui\node_modules\jest-circus\build\utils.js:231:10)
    at _callCircusHook (C:\Source\Repos\file-share-service-ui\node_modules\jest-circus\build\run.js:281:40)
    at processTicksAndRejections (node:internal/process/task_queues:95:5)
    at _runTest (C:\Source\Repos\file-share-service-ui\node_modules\jest-circus\build\run.js:246:5)
    at _runTestsForDescribeBlock (C:\Source\Repos\file-share-service-ui\node_modules\jest-circus\build\run.js:126:9)
    at _runTestsForDescribeBlock (C:\Source\Repos\file-share-service-ui\node_modules\jest-circus\build\run.js:121:9)
    at run (C:\Source\Repos\file-share-service-ui\node_modules\jest-circus\build\run.js:71:3)
    at runAndTransformResultsToJestFormat (C:\Source\Repos\file-share-service-ui\node_modules\jest-circus\build\legacy-code-todo-rewrite\jestAdapterInit.js:122:21)</failure>
    </testcase>
    <testcase classname="FssSimplifiedSearchComponent should return filterExpression when the simplified search button is clicked with no extra blank space" name="FssSimplifiedSearchComponent should return filterExpression when the simplified search button is clicked with no extra blank space" time="0.001">
      <failure>Error: Unexpected &quot;FssSimplifiedSearchComponent&quot; found in the &quot;declarations&quot; array of the &quot;TestBed.configureTestingModule&quot; call, &quot;FssSimplifiedSearchComponent&quot; is marked as standalone and can&apos;t be declared in any NgModule - did you intend to import it instead (by adding it to the &quot;imports&quot; array)?
    at C:\Source\Repos\file-share-service-ui\node_modules\@angular\core\fesm2022\testing.mjs:664:15
    at Array.forEach (&lt;anonymous&gt;)
    at forEach (C:\Source\Repos\file-share-service-ui\node_modules\@angular\core\fesm2022\testing.mjs:660:9)
    at TestBedCompiler.assertNoStandaloneComponents [as configureTestingModule] (C:\Source\Repos\file-share-service-ui\node_modules\@angular\core\fesm2022\testing.mjs:738:7)
    at _TestBedImpl.configureTestingModule (C:\Source\Repos\file-share-service-ui\node_modules\@angular\core\fesm2022\testing.mjs:1698:19)
    at Function.configureTestingModule (C:\Source\Repos\file-share-service-ui\node_modules\@angular\core\fesm2022\testing.mjs:1542:34)
    at C:\Source\Repos\file-share-service-ui\Tests\UnitTests\fss-simplified-search.component.spec.ts:17:19
    at _ZoneDelegate.invoke (C:\Source\Repos\file-share-service-ui\node_modules\zone.js\bundles\zone.umd.js:395:160)
    at ProxyZoneSpec.onInvoke (C:\Source\Repos\file-share-service-ui\node_modules\zone.js\bundles\zone-testing.umd.js:2158:35)
    at _ZoneDelegate.invoke (C:\Source\Repos\file-share-service-ui\node_modules\zone.js\bundles\zone.umd.js:395:48)
    at ZoneImpl.run (C:\Source\Repos\file-share-service-ui\node_modules\zone.js\bundles\zone.umd.js:145:37)
    at Object.wrappedFunc (C:\Source\Repos\file-share-service-ui\node_modules\zone.js\bundles\zone-testing.umd.js:430:28)
    at Promise.then.completed (C:\Source\Repos\file-share-service-ui\node_modules\jest-circus\build\utils.js:298:28)
    at new Promise (&lt;anonymous&gt;)
    at callAsyncCircusFn (C:\Source\Repos\file-share-service-ui\node_modules\jest-circus\build\utils.js:231:10)
    at _callCircusHook (C:\Source\Repos\file-share-service-ui\node_modules\jest-circus\build\run.js:281:40)
    at processTicksAndRejections (node:internal/process/task_queues:95:5)
    at _runTest (C:\Source\Repos\file-share-service-ui\node_modules\jest-circus\build\run.js:246:5)
    at _runTestsForDescribeBlock (C:\Source\Repos\file-share-service-ui\node_modules\jest-circus\build\run.js:126:9)
    at _runTestsForDescribeBlock (C:\Source\Repos\file-share-service-ui\node_modules\jest-circus\build\run.js:121:9)
    at run (C:\Source\Repos\file-share-service-ui\node_modules\jest-circus\build\run.js:71:3)
    at runAndTransformResultsToJestFormat (C:\Source\Repos\file-share-service-ui\node_modules\jest-circus\build\legacy-code-todo-rewrite\jestAdapterInit.js:122:21)</failure>
    </testcase>
    <testcase classname="FssSimplifiedSearchComponent should strip all single quotes from simplified search text" name="FssSimplifiedSearchComponent should strip all single quotes from simplified search text" time="0">
      <failure>Error: Unexpected &quot;FssSimplifiedSearchComponent&quot; found in the &quot;declarations&quot; array of the &quot;TestBed.configureTestingModule&quot; call, &quot;FssSimplifiedSearchComponent&quot; is marked as standalone and can&apos;t be declared in any NgModule - did you intend to import it instead (by adding it to the &quot;imports&quot; array)?
    at C:\Source\Repos\file-share-service-ui\node_modules\@angular\core\fesm2022\testing.mjs:664:15
    at Array.forEach (&lt;anonymous&gt;)
    at forEach (C:\Source\Repos\file-share-service-ui\node_modules\@angular\core\fesm2022\testing.mjs:660:9)
    at TestBedCompiler.assertNoStandaloneComponents [as configureTestingModule] (C:\Source\Repos\file-share-service-ui\node_modules\@angular\core\fesm2022\testing.mjs:738:7)
    at _TestBedImpl.configureTestingModule (C:\Source\Repos\file-share-service-ui\node_modules\@angular\core\fesm2022\testing.mjs:1698:19)
    at Function.configureTestingModule (C:\Source\Repos\file-share-service-ui\node_modules\@angular\core\fesm2022\testing.mjs:1542:34)
    at C:\Source\Repos\file-share-service-ui\Tests\UnitTests\fss-simplified-search.component.spec.ts:17:19
    at _ZoneDelegate.invoke (C:\Source\Repos\file-share-service-ui\node_modules\zone.js\bundles\zone.umd.js:395:160)
    at ProxyZoneSpec.onInvoke (C:\Source\Repos\file-share-service-ui\node_modules\zone.js\bundles\zone-testing.umd.js:2158:35)
    at _ZoneDelegate.invoke (C:\Source\Repos\file-share-service-ui\node_modules\zone.js\bundles\zone.umd.js:395:48)
    at ZoneImpl.run (C:\Source\Repos\file-share-service-ui\node_modules\zone.js\bundles\zone.umd.js:145:37)
    at Object.wrappedFunc (C:\Source\Repos\file-share-service-ui\node_modules\zone.js\bundles\zone-testing.umd.js:430:28)
    at Promise.then.completed (C:\Source\Repos\file-share-service-ui\node_modules\jest-circus\build\utils.js:298:28)
    at new Promise (&lt;anonymous&gt;)
    at callAsyncCircusFn (C:\Source\Repos\file-share-service-ui\node_modules\jest-circus\build\utils.js:231:10)
    at _callCircusHook (C:\Source\Repos\file-share-service-ui\node_modules\jest-circus\build\run.js:281:40)
    at processTicksAndRejections (node:internal/process/task_queues:95:5)
    at _runTest (C:\Source\Repos\file-share-service-ui\node_modules\jest-circus\build\run.js:246:5)
    at _runTestsForDescribeBlock (C:\Source\Repos\file-share-service-ui\node_modules\jest-circus\build\run.js:126:9)
    at _runTestsForDescribeBlock (C:\Source\Repos\file-share-service-ui\node_modules\jest-circus\build\run.js:121:9)
    at run (C:\Source\Repos\file-share-service-ui\node_modules\jest-circus\build\run.js:71:3)
    at runAndTransformResultsToJestFormat (C:\Source\Repos\file-share-service-ui\node_modules\jest-circus\build\legacy-code-todo-rewrite\jestAdapterInit.js:122:21)</failure>
    </testcase>
    <testcase classname="FssSimplifiedSearchComponent should show the content of exchange sets on search page" name="FssSimplifiedSearchComponent should show the content of exchange sets on search page" time="0.001">
      <failure>Error: Unexpected &quot;FssSimplifiedSearchComponent&quot; found in the &quot;declarations&quot; array of the &quot;TestBed.configureTestingModule&quot; call, &quot;FssSimplifiedSearchComponent&quot; is marked as standalone and can&apos;t be declared in any NgModule - did you intend to import it instead (by adding it to the &quot;imports&quot; array)?
    at C:\Source\Repos\file-share-service-ui\node_modules\@angular\core\fesm2022\testing.mjs:664:15
    at Array.forEach (&lt;anonymous&gt;)
    at forEach (C:\Source\Repos\file-share-service-ui\node_modules\@angular\core\fesm2022\testing.mjs:660:9)
    at TestBedCompiler.assertNoStandaloneComponents [as configureTestingModule] (C:\Source\Repos\file-share-service-ui\node_modules\@angular\core\fesm2022\testing.mjs:738:7)
    at _TestBedImpl.configureTestingModule (C:\Source\Repos\file-share-service-ui\node_modules\@angular\core\fesm2022\testing.mjs:1698:19)
    at Function.configureTestingModule (C:\Source\Repos\file-share-service-ui\node_modules\@angular\core\fesm2022\testing.mjs:1542:34)
    at C:\Source\Repos\file-share-service-ui\Tests\UnitTests\fss-simplified-search.component.spec.ts:17:19
    at _ZoneDelegate.invoke (C:\Source\Repos\file-share-service-ui\node_modules\zone.js\bundles\zone.umd.js:395:160)
    at ProxyZoneSpec.onInvoke (C:\Source\Repos\file-share-service-ui\node_modules\zone.js\bundles\zone-testing.umd.js:2158:35)
    at _ZoneDelegate.invoke (C:\Source\Repos\file-share-service-ui\node_modules\zone.js\bundles\zone.umd.js:395:48)
    at ZoneImpl.run (C:\Source\Repos\file-share-service-ui\node_modules\zone.js\bundles\zone.umd.js:145:37)
    at Object.wrappedFunc (C:\Source\Repos\file-share-service-ui\node_modules\zone.js\bundles\zone-testing.umd.js:430:28)
    at Promise.then.completed (C:\Source\Repos\file-share-service-ui\node_modules\jest-circus\build\utils.js:298:28)
    at new Promise (&lt;anonymous&gt;)
    at callAsyncCircusFn (C:\Source\Repos\file-share-service-ui\node_modules\jest-circus\build\utils.js:231:10)
    at _callCircusHook (C:\Source\Repos\file-share-service-ui\node_modules\jest-circus\build\run.js:281:40)
    at processTicksAndRejections (node:internal/process/task_queues:95:5)
    at _runTest (C:\Source\Repos\file-share-service-ui\node_modules\jest-circus\build\run.js:246:5)
    at _runTestsForDescribeBlock (C:\Source\Repos\file-share-service-ui\node_modules\jest-circus\build\run.js:126:9)
    at _runTestsForDescribeBlock (C:\Source\Repos\file-share-service-ui\node_modules\jest-circus\build\run.js:121:9)
    at run (C:\Source\Repos\file-share-service-ui\node_modules\jest-circus\build\run.js:71:3)
    at runAndTransformResultsToJestFormat (C:\Source\Repos\file-share-service-ui\node_modules\jest-circus\build\legacy-code-todo-rewrite\jestAdapterInit.js:122:21)</failure>
    </testcase>
    <testcase classname="FssSimplifiedSearchComponent should show the subtitle of exchange sets on search page" name="FssSimplifiedSearchComponent should show the subtitle of exchange sets on search page" time="0.001">
      <failure>Error: Unexpected &quot;FssSimplifiedSearchComponent&quot; found in the &quot;declarations&quot; array of the &quot;TestBed.configureTestingModule&quot; call, &quot;FssSimplifiedSearchComponent&quot; is marked as standalone and can&apos;t be declared in any NgModule - did you intend to import it instead (by adding it to the &quot;imports&quot; array)?
    at C:\Source\Repos\file-share-service-ui\node_modules\@angular\core\fesm2022\testing.mjs:664:15
    at Array.forEach (&lt;anonymous&gt;)
    at forEach (C:\Source\Repos\file-share-service-ui\node_modules\@angular\core\fesm2022\testing.mjs:660:9)
    at TestBedCompiler.assertNoStandaloneComponents [as configureTestingModule] (C:\Source\Repos\file-share-service-ui\node_modules\@angular\core\fesm2022\testing.mjs:738:7)
    at _TestBedImpl.configureTestingModule (C:\Source\Repos\file-share-service-ui\node_modules\@angular\core\fesm2022\testing.mjs:1698:19)
    at Function.configureTestingModule (C:\Source\Repos\file-share-service-ui\node_modules\@angular\core\fesm2022\testing.mjs:1542:34)
    at C:\Source\Repos\file-share-service-ui\Tests\UnitTests\fss-simplified-search.component.spec.ts:17:19
    at _ZoneDelegate.invoke (C:\Source\Repos\file-share-service-ui\node_modules\zone.js\bundles\zone.umd.js:395:160)
    at ProxyZoneSpec.onInvoke (C:\Source\Repos\file-share-service-ui\node_modules\zone.js\bundles\zone-testing.umd.js:2158:35)
    at _ZoneDelegate.invoke (C:\Source\Repos\file-share-service-ui\node_modules\zone.js\bundles\zone.umd.js:395:48)
    at ZoneImpl.run (C:\Source\Repos\file-share-service-ui\node_modules\zone.js\bundles\zone.umd.js:145:37)
    at Object.wrappedFunc (C:\Source\Repos\file-share-service-ui\node_modules\zone.js\bundles\zone-testing.umd.js:430:28)
    at Promise.then.completed (C:\Source\Repos\file-share-service-ui\node_modules\jest-circus\build\utils.js:298:28)
    at new Promise (&lt;anonymous&gt;)
    at callAsyncCircusFn (C:\Source\Repos\file-share-service-ui\node_modules\jest-circus\build\utils.js:231:10)
    at _callCircusHook (C:\Source\Repos\file-share-service-ui\node_modules\jest-circus\build\run.js:281:40)
    at processTicksAndRejections (node:internal/process/task_queues:95:5)
    at _runTest (C:\Source\Repos\file-share-service-ui\node_modules\jest-circus\build\run.js:246:5)
    at _runTestsForDescribeBlock (C:\Source\Repos\file-share-service-ui\node_modules\jest-circus\build\run.js:126:9)
    at _runTestsForDescribeBlock (C:\Source\Repos\file-share-service-ui\node_modules\jest-circus\build\run.js:121:9)
    at run (C:\Source\Repos\file-share-service-ui\node_modules\jest-circus\build\run.js:71:3)
    at runAndTransformResultsToJestFormat (C:\Source\Repos\file-share-service-ui\node_modules\jest-circus\build\legacy-code-todo-rewrite\jestAdapterInit.js:122:21)</failure>
    </testcase>
    <testcase classname="FssSimplifiedSearchComponent should show Make an exchange set Link" name="FssSimplifiedSearchComponent should show Make an exchange set Link" time="0.002">
      <failure>Error: Unexpected &quot;FssSimplifiedSearchComponent&quot; found in the &quot;declarations&quot; array of the &quot;TestBed.configureTestingModule&quot; call, &quot;FssSimplifiedSearchComponent&quot; is marked as standalone and can&apos;t be declared in any NgModule - did you intend to import it instead (by adding it to the &quot;imports&quot; array)?
    at C:\Source\Repos\file-share-service-ui\node_modules\@angular\core\fesm2022\testing.mjs:664:15
    at Array.forEach (&lt;anonymous&gt;)
    at forEach (C:\Source\Repos\file-share-service-ui\node_modules\@angular\core\fesm2022\testing.mjs:660:9)
    at TestBedCompiler.assertNoStandaloneComponents [as configureTestingModule] (C:\Source\Repos\file-share-service-ui\node_modules\@angular\core\fesm2022\testing.mjs:738:7)
    at _TestBedImpl.configureTestingModule (C:\Source\Repos\file-share-service-ui\node_modules\@angular\core\fesm2022\testing.mjs:1698:19)
    at Function.configureTestingModule (C:\Source\Repos\file-share-service-ui\node_modules\@angular\core\fesm2022\testing.mjs:1542:34)
    at C:\Source\Repos\file-share-service-ui\Tests\UnitTests\fss-simplified-search.component.spec.ts:17:19
    at _ZoneDelegate.invoke (C:\Source\Repos\file-share-service-ui\node_modules\zone.js\bundles\zone.umd.js:395:160)
    at ProxyZoneSpec.onInvoke (C:\Source\Repos\file-share-service-ui\node_modules\zone.js\bundles\zone-testing.umd.js:2158:35)
    at _ZoneDelegate.invoke (C:\Source\Repos\file-share-service-ui\node_modules\zone.js\bundles\zone.umd.js:395:48)
    at ZoneImpl.run (C:\Source\Repos\file-share-service-ui\node_modules\zone.js\bundles\zone.umd.js:145:37)
    at Object.wrappedFunc (C:\Source\Repos\file-share-service-ui\node_modules\zone.js\bundles\zone-testing.umd.js:430:28)
    at Promise.then.completed (C:\Source\Repos\file-share-service-ui\node_modules\jest-circus\build\utils.js:298:28)
    at new Promise (&lt;anonymous&gt;)
    at callAsyncCircusFn (C:\Source\Repos\file-share-service-ui\node_modules\jest-circus\build\utils.js:231:10)
    at _callCircusHook (C:\Source\Repos\file-share-service-ui\node_modules\jest-circus\build\run.js:281:40)
    at processTicksAndRejections (node:internal/process/task_queues:95:5)
    at _runTest (C:\Source\Repos\file-share-service-ui\node_modules\jest-circus\build\run.js:246:5)
    at _runTestsForDescribeBlock (C:\Source\Repos\file-share-service-ui\node_modules\jest-circus\build\run.js:126:9)
    at _runTestsForDescribeBlock (C:\Source\Repos\file-share-service-ui\node_modules\jest-circus\build\run.js:121:9)
    at run (C:\Source\Repos\file-share-service-ui\node_modules\jest-circus\build\run.js:71:3)
    at runAndTransformResultsToJestFormat (C:\Source\Repos\file-share-service-ui\node_modules\jest-circus\build\legacy-code-todo-rewrite\jestAdapterInit.js:122:21)</failure>
    </testcase>
  </testsuite>
  <testsuite name="FssHomeComponent" errors="0" failures="5" skipped="0" timestamp="2025-01-21T18:04:26" time="5.132" tests="5">
    <testcase classname="FssHomeComponent should have home component" name="FssHomeComponent should have home component" time="0.019">
      <failure>Error: Unexpected &quot;FssHomeComponent&quot; found in the &quot;declarations&quot; array of the &quot;TestBed.configureTestingModule&quot; call, &quot;FssHomeComponent&quot; is marked as standalone and can&apos;t be declared in any NgModule - did you intend to import it instead (by adding it to the &quot;imports&quot; array)?
    at C:\Source\Repos\file-share-service-ui\node_modules\@angular\core\fesm2022\testing.mjs:664:15
    at Array.forEach (&lt;anonymous&gt;)
    at forEach (C:\Source\Repos\file-share-service-ui\node_modules\@angular\core\fesm2022\testing.mjs:660:9)
    at TestBedCompiler.assertNoStandaloneComponents [as configureTestingModule] (C:\Source\Repos\file-share-service-ui\node_modules\@angular\core\fesm2022\testing.mjs:738:7)
    at _TestBedImpl.configureTestingModule (C:\Source\Repos\file-share-service-ui\node_modules\@angular\core\fesm2022\testing.mjs:1698:19)
    at Function.configureTestingModule (C:\Source\Repos\file-share-service-ui\node_modules\@angular\core\fesm2022\testing.mjs:1542:34)
    at C:\Source\Repos\file-share-service-ui\Tests\UnitTests\fss-home.component.spec.ts:14:21
    at _ZoneDelegate.invoke (C:\Source\Repos\file-share-service-ui\node_modules\zone.js\bundles\zone.umd.js:395:160)
    at ProxyZoneSpec.onInvoke (C:\Source\Repos\file-share-service-ui\node_modules\zone.js\bundles\zone-testing.umd.js:2158:35)
    at _ZoneDelegate.invoke (C:\Source\Repos\file-share-service-ui\node_modules\zone.js\bundles\zone.umd.js:395:48)
    at ZoneImpl.run (C:\Source\Repos\file-share-service-ui\node_modules\zone.js\bundles\zone.umd.js:145:37)
    at Object.wrappedFunc (C:\Source\Repos\file-share-service-ui\node_modules\zone.js\bundles\zone-testing.umd.js:430:28)
    at Promise.then.completed (C:\Source\Repos\file-share-service-ui\node_modules\jest-circus\build\utils.js:298:28)
    at new Promise (&lt;anonymous&gt;)
    at callAsyncCircusFn (C:\Source\Repos\file-share-service-ui\node_modules\jest-circus\build\utils.js:231:10)
    at _callCircusHook (C:\Source\Repos\file-share-service-ui\node_modules\jest-circus\build\run.js:281:40)
    at processTicksAndRejections (node:internal/process/task_queues:95:5)
    at _runTest (C:\Source\Repos\file-share-service-ui\node_modules\jest-circus\build\run.js:246:5)
    at _runTestsForDescribeBlock (C:\Source\Repos\file-share-service-ui\node_modules\jest-circus\build\run.js:126:9)
    at _runTestsForDescribeBlock (C:\Source\Repos\file-share-service-ui\node_modules\jest-circus\build\run.js:121:9)
    at run (C:\Source\Repos\file-share-service-ui\node_modules\jest-circus\build\run.js:71:3)
    at runAndTransformResultsToJestFormat (C:\Source\Repos\file-share-service-ui\node_modules\jest-circus\build\legacy-code-todo-rewrite\jestAdapterInit.js:122:21)</failure>
    </testcase>
    <testcase classname="FssHomeComponent should render the element admiralty-card" name="FssHomeComponent should render the element admiralty-card" time="0.002">
      <failure>Error: Unexpected &quot;FssHomeComponent&quot; found in the &quot;declarations&quot; array of the &quot;TestBed.configureTestingModule&quot; call, &quot;FssHomeComponent&quot; is marked as standalone and can&apos;t be declared in any NgModule - did you intend to import it instead (by adding it to the &quot;imports&quot; array)?
    at C:\Source\Repos\file-share-service-ui\node_modules\@angular\core\fesm2022\testing.mjs:664:15
    at Array.forEach (&lt;anonymous&gt;)
    at forEach (C:\Source\Repos\file-share-service-ui\node_modules\@angular\core\fesm2022\testing.mjs:660:9)
    at TestBedCompiler.assertNoStandaloneComponents [as configureTestingModule] (C:\Source\Repos\file-share-service-ui\node_modules\@angular\core\fesm2022\testing.mjs:738:7)
    at _TestBedImpl.configureTestingModule (C:\Source\Repos\file-share-service-ui\node_modules\@angular\core\fesm2022\testing.mjs:1698:19)
    at Function.configureTestingModule (C:\Source\Repos\file-share-service-ui\node_modules\@angular\core\fesm2022\testing.mjs:1542:34)
    at C:\Source\Repos\file-share-service-ui\Tests\UnitTests\fss-home.component.spec.ts:14:21
    at _ZoneDelegate.invoke (C:\Source\Repos\file-share-service-ui\node_modules\zone.js\bundles\zone.umd.js:395:160)
    at ProxyZoneSpec.onInvoke (C:\Source\Repos\file-share-service-ui\node_modules\zone.js\bundles\zone-testing.umd.js:2158:35)
    at _ZoneDelegate.invoke (C:\Source\Repos\file-share-service-ui\node_modules\zone.js\bundles\zone.umd.js:395:48)
    at ZoneImpl.run (C:\Source\Repos\file-share-service-ui\node_modules\zone.js\bundles\zone.umd.js:145:37)
    at Object.wrappedFunc (C:\Source\Repos\file-share-service-ui\node_modules\zone.js\bundles\zone-testing.umd.js:430:28)
    at Promise.then.completed (C:\Source\Repos\file-share-service-ui\node_modules\jest-circus\build\utils.js:298:28)
    at new Promise (&lt;anonymous&gt;)
    at callAsyncCircusFn (C:\Source\Repos\file-share-service-ui\node_modules\jest-circus\build\utils.js:231:10)
    at _callCircusHook (C:\Source\Repos\file-share-service-ui\node_modules\jest-circus\build\run.js:281:40)
    at processTicksAndRejections (node:internal/process/task_queues:95:5)
    at _runTest (C:\Source\Repos\file-share-service-ui\node_modules\jest-circus\build\run.js:246:5)
    at _runTestsForDescribeBlock (C:\Source\Repos\file-share-service-ui\node_modules\jest-circus\build\run.js:126:9)
    at _runTestsForDescribeBlock (C:\Source\Repos\file-share-service-ui\node_modules\jest-circus\build\run.js:121:9)
    at run (C:\Source\Repos\file-share-service-ui\node_modules\jest-circus\build\run.js:71:3)
    at runAndTransformResultsToJestFormat (C:\Source\Repos\file-share-service-ui\node_modules\jest-circus\build\legacy-code-todo-rewrite\jestAdapterInit.js:122:21)</failure>
    </testcase>
    <testcase classname="FssHomeComponent should render different texts inside admiralty-card" name="FssHomeComponent should render different texts inside admiralty-card" time="0.002">
      <failure>Error: Unexpected &quot;FssHomeComponent&quot; found in the &quot;declarations&quot; array of the &quot;TestBed.configureTestingModule&quot; call, &quot;FssHomeComponent&quot; is marked as standalone and can&apos;t be declared in any NgModule - did you intend to import it instead (by adding it to the &quot;imports&quot; array)?
    at C:\Source\Repos\file-share-service-ui\node_modules\@angular\core\fesm2022\testing.mjs:664:15
    at Array.forEach (&lt;anonymous&gt;)
    at forEach (C:\Source\Repos\file-share-service-ui\node_modules\@angular\core\fesm2022\testing.mjs:660:9)
    at TestBedCompiler.assertNoStandaloneComponents [as configureTestingModule] (C:\Source\Repos\file-share-service-ui\node_modules\@angular\core\fesm2022\testing.mjs:738:7)
    at _TestBedImpl.configureTestingModule (C:\Source\Repos\file-share-service-ui\node_modules\@angular\core\fesm2022\testing.mjs:1698:19)
    at Function.configureTestingModule (C:\Source\Repos\file-share-service-ui\node_modules\@angular\core\fesm2022\testing.mjs:1542:34)
    at C:\Source\Repos\file-share-service-ui\Tests\UnitTests\fss-home.component.spec.ts:14:21
    at _ZoneDelegate.invoke (C:\Source\Repos\file-share-service-ui\node_modules\zone.js\bundles\zone.umd.js:395:160)
    at ProxyZoneSpec.onInvoke (C:\Source\Repos\file-share-service-ui\node_modules\zone.js\bundles\zone-testing.umd.js:2158:35)
    at _ZoneDelegate.invoke (C:\Source\Repos\file-share-service-ui\node_modules\zone.js\bundles\zone.umd.js:395:48)
    at ZoneImpl.run (C:\Source\Repos\file-share-service-ui\node_modules\zone.js\bundles\zone.umd.js:145:37)
    at Object.wrappedFunc (C:\Source\Repos\file-share-service-ui\node_modules\zone.js\bundles\zone-testing.umd.js:430:28)
    at Promise.then.completed (C:\Source\Repos\file-share-service-ui\node_modules\jest-circus\build\utils.js:298:28)
    at new Promise (&lt;anonymous&gt;)
    at callAsyncCircusFn (C:\Source\Repos\file-share-service-ui\node_modules\jest-circus\build\utils.js:231:10)
    at _callCircusHook (C:\Source\Repos\file-share-service-ui\node_modules\jest-circus\build\run.js:281:40)
    at processTicksAndRejections (node:internal/process/task_queues:95:5)
    at _runTest (C:\Source\Repos\file-share-service-ui\node_modules\jest-circus\build\run.js:246:5)
    at _runTestsForDescribeBlock (C:\Source\Repos\file-share-service-ui\node_modules\jest-circus\build\run.js:126:9)
    at _runTestsForDescribeBlock (C:\Source\Repos\file-share-service-ui\node_modules\jest-circus\build\run.js:121:9)
    at run (C:\Source\Repos\file-share-service-ui\node_modules\jest-circus\build\run.js:71:3)
    at runAndTransformResultsToJestFormat (C:\Source\Repos\file-share-service-ui\node_modules\jest-circus\build\legacy-code-todo-rewrite\jestAdapterInit.js:122:21)</failure>
    </testcase>
    <testcase classname="FssHomeComponent should render SignIn button inside admiralty-card" name="FssHomeComponent should render SignIn button inside admiralty-card" time="0.001">
      <failure>Error: Unexpected &quot;FssHomeComponent&quot; found in the &quot;declarations&quot; array of the &quot;TestBed.configureTestingModule&quot; call, &quot;FssHomeComponent&quot; is marked as standalone and can&apos;t be declared in any NgModule - did you intend to import it instead (by adding it to the &quot;imports&quot; array)?
    at C:\Source\Repos\file-share-service-ui\node_modules\@angular\core\fesm2022\testing.mjs:664:15
    at Array.forEach (&lt;anonymous&gt;)
    at forEach (C:\Source\Repos\file-share-service-ui\node_modules\@angular\core\fesm2022\testing.mjs:660:9)
    at TestBedCompiler.assertNoStandaloneComponents [as configureTestingModule] (C:\Source\Repos\file-share-service-ui\node_modules\@angular\core\fesm2022\testing.mjs:738:7)
    at _TestBedImpl.configureTestingModule (C:\Source\Repos\file-share-service-ui\node_modules\@angular\core\fesm2022\testing.mjs:1698:19)
    at Function.configureTestingModule (C:\Source\Repos\file-share-service-ui\node_modules\@angular\core\fesm2022\testing.mjs:1542:34)
    at C:\Source\Repos\file-share-service-ui\Tests\UnitTests\fss-home.component.spec.ts:14:21
    at _ZoneDelegate.invoke (C:\Source\Repos\file-share-service-ui\node_modules\zone.js\bundles\zone.umd.js:395:160)
    at ProxyZoneSpec.onInvoke (C:\Source\Repos\file-share-service-ui\node_modules\zone.js\bundles\zone-testing.umd.js:2158:35)
    at _ZoneDelegate.invoke (C:\Source\Repos\file-share-service-ui\node_modules\zone.js\bundles\zone.umd.js:395:48)
    at ZoneImpl.run (C:\Source\Repos\file-share-service-ui\node_modules\zone.js\bundles\zone.umd.js:145:37)
    at Object.wrappedFunc (C:\Source\Repos\file-share-service-ui\node_modules\zone.js\bundles\zone-testing.umd.js:430:28)
    at Promise.then.completed (C:\Source\Repos\file-share-service-ui\node_modules\jest-circus\build\utils.js:298:28)
    at new Promise (&lt;anonymous&gt;)
    at callAsyncCircusFn (C:\Source\Repos\file-share-service-ui\node_modules\jest-circus\build\utils.js:231:10)
    at _callCircusHook (C:\Source\Repos\file-share-service-ui\node_modules\jest-circus\build\run.js:281:40)
    at processTicksAndRejections (node:internal/process/task_queues:95:5)
    at _runTest (C:\Source\Repos\file-share-service-ui\node_modules\jest-circus\build\run.js:246:5)
    at _runTestsForDescribeBlock (C:\Source\Repos\file-share-service-ui\node_modules\jest-circus\build\run.js:126:9)
    at _runTestsForDescribeBlock (C:\Source\Repos\file-share-service-ui\node_modules\jest-circus\build\run.js:121:9)
    at run (C:\Source\Repos\file-share-service-ui\node_modules\jest-circus\build\run.js:71:3)
    at runAndTransformResultsToJestFormat (C:\Source\Repos\file-share-service-ui\node_modules\jest-circus\build\legacy-code-todo-rewrite\jestAdapterInit.js:122:21)</failure>
    </testcase>
    <testcase classname="FssHomeComponent should render Create Account link inside admiralty-card" name="FssHomeComponent should render Create Account link inside admiralty-card" time="0.002">
      <failure>Error: Unexpected &quot;FssHomeComponent&quot; found in the &quot;declarations&quot; array of the &quot;TestBed.configureTestingModule&quot; call, &quot;FssHomeComponent&quot; is marked as standalone and can&apos;t be declared in any NgModule - did you intend to import it instead (by adding it to the &quot;imports&quot; array)?
    at C:\Source\Repos\file-share-service-ui\node_modules\@angular\core\fesm2022\testing.mjs:664:15
    at Array.forEach (&lt;anonymous&gt;)
    at forEach (C:\Source\Repos\file-share-service-ui\node_modules\@angular\core\fesm2022\testing.mjs:660:9)
    at TestBedCompiler.assertNoStandaloneComponents [as configureTestingModule] (C:\Source\Repos\file-share-service-ui\node_modules\@angular\core\fesm2022\testing.mjs:738:7)
    at _TestBedImpl.configureTestingModule (C:\Source\Repos\file-share-service-ui\node_modules\@angular\core\fesm2022\testing.mjs:1698:19)
    at Function.configureTestingModule (C:\Source\Repos\file-share-service-ui\node_modules\@angular\core\fesm2022\testing.mjs:1542:34)
    at C:\Source\Repos\file-share-service-ui\Tests\UnitTests\fss-home.component.spec.ts:14:21
    at _ZoneDelegate.invoke (C:\Source\Repos\file-share-service-ui\node_modules\zone.js\bundles\zone.umd.js:395:160)
    at ProxyZoneSpec.onInvoke (C:\Source\Repos\file-share-service-ui\node_modules\zone.js\bundles\zone-testing.umd.js:2158:35)
    at _ZoneDelegate.invoke (C:\Source\Repos\file-share-service-ui\node_modules\zone.js\bundles\zone.umd.js:395:48)
    at ZoneImpl.run (C:\Source\Repos\file-share-service-ui\node_modules\zone.js\bundles\zone.umd.js:145:37)
    at Object.wrappedFunc (C:\Source\Repos\file-share-service-ui\node_modules\zone.js\bundles\zone-testing.umd.js:430:28)
    at Promise.then.completed (C:\Source\Repos\file-share-service-ui\node_modules\jest-circus\build\utils.js:298:28)
    at new Promise (&lt;anonymous&gt;)
    at callAsyncCircusFn (C:\Source\Repos\file-share-service-ui\node_modules\jest-circus\build\utils.js:231:10)
    at _callCircusHook (C:\Source\Repos\file-share-service-ui\node_modules\jest-circus\build\run.js:281:40)
    at processTicksAndRejections (node:internal/process/task_queues:95:5)
    at _runTest (C:\Source\Repos\file-share-service-ui\node_modules\jest-circus\build\run.js:246:5)
    at _runTestsForDescribeBlock (C:\Source\Repos\file-share-service-ui\node_modules\jest-circus\build\run.js:126:9)
    at _runTestsForDescribeBlock (C:\Source\Repos\file-share-service-ui\node_modules\jest-circus\build\run.js:121:9)
    at run (C:\Source\Repos\file-share-service-ui\node_modules\jest-circus\build\run.js:71:3)
    at runAndTransformResultsToJestFormat (C:\Source\Repos\file-share-service-ui\node_modules\jest-circus\build\legacy-code-todo-rewrite\jestAdapterInit.js:122:21)</failure>
    </testcase>
  </testsuite>
  <testsuite name="FssSearchComponent" errors="0" failures="2" skipped="0" timestamp="2025-01-21T18:04:26" time="6.217" tests="2">
    <testcase classname="FssSearchComponent should create FssSearchComponent" name="FssSearchComponent should create FssSearchComponent" time="0.172">
      <failure>BrowserAuthError: crypto_nonexistent: The crypto object or function is not available.
    at createBrowserAuthError (C:\Source\Repos\file-share-service-ui\node_modules\@azure\src\error\BrowserAuthError.ts:366:12)
    at createBrowserAuthError (C:\Source\Repos\file-share-service-ui\node_modules\@azure\src\crypto\BrowserCrypto.ts:73:15)
    at new validateCryptoAvailable (C:\Source\Repos\file-share-service-ui\node_modules\@azure\src\crypto\CryptoOps.ts:60:9)
    at new StandardController (C:\Source\Repos\file-share-service-ui\node_modules\@azure\src\controllers\StandardController.ts:233:15)
    at new PublicClientApplication (C:\Source\Repos\file-share-service-ui\node_modules\@azure\src\app\PublicClientApplication.ts:87:13)
    at Object.MockMSALInstanceFactory [as useFactory] (C:\Source\Repos\file-share-service-ui\Tests\UnitTests\fss-search.component.spec.ts:126:11)
    at Object.useFactory [as factory] (C:\Source\Repos\file-share-service-ui\node_modules\@angular\core\fesm2022\core.mjs:1992:32)
    at factory (C:\Source\Repos\file-share-service-ui\node_modules\@angular\core\fesm2022\core.mjs:1913:35)
    at callback (C:\Source\Repos\file-share-service-ui\node_modules\@angular\core\fesm2022\core.mjs:1077:5)
    at R3Injector.runInInjectorProfilerContext [as hydrate] (C:\Source\Repos\file-share-service-ui\node_modules\@angular\core\fesm2022\core.mjs:1912:11)
    at R3Injector.hydrate [as get] (C:\Source\Repos\file-share-service-ui\node_modules\@angular\core\fesm2022\core.mjs:1810:23)
    at get (C:\Source\Repos\file-share-service-ui\node_modules\@angular\core\fesm2022\core.mjs:1200:36)
    at ɵɵinject (C:\Source\Repos\file-share-service-ui\node_modules\@angular\core\fesm2022\core.mjs:1206:58)
    at Object.MsalService_Factory [as factory] (ng:///MsalService/ɵfac.js:5:55)
    at factory (C:\Source\Repos\file-share-service-ui\node_modules\@angular\core\fesm2022\core.mjs:1913:35)
    at callback (C:\Source\Repos\file-share-service-ui\node_modules\@angular\core\fesm2022\core.mjs:1077:5)
    at R3Injector.runInInjectorProfilerContext [as hydrate] (C:\Source\Repos\file-share-service-ui\node_modules\@angular\core\fesm2022\core.mjs:1912:11)
    at R3Injector.hydrate [as get] (C:\Source\Repos\file-share-service-ui\node_modules\@angular\core\fesm2022\core.mjs:1810:23)
    at _TestBedImpl.get [as inject] (C:\Source\Repos\file-share-service-ui\node_modules\@angular\core\fesm2022\testing.mjs:1709:48)
    at Function.inject (C:\Source\Repos\file-share-service-ui\node_modules\@angular\core\fesm2022\testing.mjs:1580:34)
    at C:\Source\Repos\file-share-service-ui\Tests\UnitTests\fss-search.component.spec.ts:63:29
    at processTicksAndRejections (node:internal/process/task_queues:95:5)</failure>
    </testcase>
    <testcase classname="FssSearchComponent should have filterGroups ordered to match the configuration after transformSearchAttributesToFilter is called" name="FssSearchComponent should have filterGroups ordered to match the configuration after transformSearchAttributesToFilter is called" time="0.024">
      <failure>BrowserAuthError: crypto_nonexistent: The crypto object or function is not available.
    at createBrowserAuthError (C:\Source\Repos\file-share-service-ui\node_modules\@azure\src\error\BrowserAuthError.ts:366:12)
    at createBrowserAuthError (C:\Source\Repos\file-share-service-ui\node_modules\@azure\src\crypto\BrowserCrypto.ts:73:15)
    at new validateCryptoAvailable (C:\Source\Repos\file-share-service-ui\node_modules\@azure\src\crypto\CryptoOps.ts:60:9)
    at new StandardController (C:\Source\Repos\file-share-service-ui\node_modules\@azure\src\controllers\StandardController.ts:233:15)
    at new PublicClientApplication (C:\Source\Repos\file-share-service-ui\node_modules\@azure\src\app\PublicClientApplication.ts:87:13)
    at Object.MockMSALInstanceFactory [as useFactory] (C:\Source\Repos\file-share-service-ui\Tests\UnitTests\fss-search.component.spec.ts:126:11)
    at Object.useFactory [as factory] (C:\Source\Repos\file-share-service-ui\node_modules\@angular\core\fesm2022\core.mjs:1992:32)
    at factory (C:\Source\Repos\file-share-service-ui\node_modules\@angular\core\fesm2022\core.mjs:1913:35)
    at callback (C:\Source\Repos\file-share-service-ui\node_modules\@angular\core\fesm2022\core.mjs:1077:5)
    at R3Injector.runInInjectorProfilerContext [as hydrate] (C:\Source\Repos\file-share-service-ui\node_modules\@angular\core\fesm2022\core.mjs:1912:11)
    at R3Injector.hydrate [as get] (C:\Source\Repos\file-share-service-ui\node_modules\@angular\core\fesm2022\core.mjs:1810:23)
    at get (C:\Source\Repos\file-share-service-ui\node_modules\@angular\core\fesm2022\core.mjs:1200:36)
    at ɵɵinject (C:\Source\Repos\file-share-service-ui\node_modules\@angular\core\fesm2022\core.mjs:1206:58)
    at Object.MsalService_Factory [as factory] (ng:///MsalService/ɵfac.js:5:55)
    at factory (C:\Source\Repos\file-share-service-ui\node_modules\@angular\core\fesm2022\core.mjs:1913:35)
    at callback (C:\Source\Repos\file-share-service-ui\node_modules\@angular\core\fesm2022\core.mjs:1077:5)
    at R3Injector.runInInjectorProfilerContext [as hydrate] (C:\Source\Repos\file-share-service-ui\node_modules\@angular\core\fesm2022\core.mjs:1912:11)
    at R3Injector.hydrate [as get] (C:\Source\Repos\file-share-service-ui\node_modules\@angular\core\fesm2022\core.mjs:1810:23)
    at _TestBedImpl.get [as inject] (C:\Source\Repos\file-share-service-ui\node_modules\@angular\core\fesm2022\testing.mjs:1709:48)
    at Function.inject (C:\Source\Repos\file-share-service-ui\node_modules\@angular\core\fesm2022\testing.mjs:1580:34)
    at C:\Source\Repos\file-share-service-ui\Tests\UnitTests\fss-search.component.spec.ts:63:29
    at processTicksAndRejections (node:internal/process/task_queues:95:5)</failure>
    </testcase>
  </testsuite>
  <testsuite name="FssSearchRowComponent" errors="0" failures="8" skipped="0" timestamp="2025-01-21T18:04:31" time="1.217" tests="8">
    <testcase classname="FssSearchRowComponent should create FssSearchRowComponent" name="FssSearchRowComponent should create FssSearchRowComponent" time="0.002">
      <failure>Error: Unexpected &quot;FssSearchRowComponent&quot; found in the &quot;declarations&quot; array of the &quot;TestBed.configureTestingModule&quot; call, &quot;FssSearchRowComponent&quot; is marked as standalone and can&apos;t be declared in any NgModule - did you intend to import it instead (by adding it to the &quot;imports&quot; array)?
    at C:\Source\Repos\file-share-service-ui\node_modules\@angular\core\fesm2022\testing.mjs:664:15
    at Array.forEach (&lt;anonymous&gt;)
    at forEach (C:\Source\Repos\file-share-service-ui\node_modules\@angular\core\fesm2022\testing.mjs:660:9)
    at TestBedCompiler.assertNoStandaloneComponents [as configureTestingModule] (C:\Source\Repos\file-share-service-ui\node_modules\@angular\core\fesm2022\testing.mjs:738:7)
    at _TestBedImpl.configureTestingModule (C:\Source\Repos\file-share-service-ui\node_modules\@angular\core\fesm2022\testing.mjs:1698:19)
    at Function.configureTestingModule (C:\Source\Repos\file-share-service-ui\node_modules\@angular\core\fesm2022\testing.mjs:1542:34)
    at C:\Source\Repos\file-share-service-ui\Tests\UnitTests\fss-search-row.component.spec.ts:14:19
    at _ZoneDelegate.invoke (C:\Source\Repos\file-share-service-ui\node_modules\zone.js\bundles\zone.umd.js:395:160)
    at ProxyZoneSpec.onInvoke (C:\Source\Repos\file-share-service-ui\node_modules\zone.js\bundles\zone-testing.umd.js:2158:35)
    at _ZoneDelegate.invoke (C:\Source\Repos\file-share-service-ui\node_modules\zone.js\bundles\zone.umd.js:395:48)
    at ZoneImpl.run (C:\Source\Repos\file-share-service-ui\node_modules\zone.js\bundles\zone.umd.js:145:37)
    at Object.wrappedFunc (C:\Source\Repos\file-share-service-ui\node_modules\zone.js\bundles\zone-testing.umd.js:430:28)
    at Promise.then.completed (C:\Source\Repos\file-share-service-ui\node_modules\jest-circus\build\utils.js:298:28)
    at new Promise (&lt;anonymous&gt;)
    at callAsyncCircusFn (C:\Source\Repos\file-share-service-ui\node_modules\jest-circus\build\utils.js:231:10)
    at _callCircusHook (C:\Source\Repos\file-share-service-ui\node_modules\jest-circus\build\run.js:281:40)
    at processTicksAndRejections (node:internal/process/task_queues:95:5)
    at _runTest (C:\Source\Repos\file-share-service-ui\node_modules\jest-circus\build\run.js:246:5)
    at _runTestsForDescribeBlock (C:\Source\Repos\file-share-service-ui\node_modules\jest-circus\build\run.js:126:9)
    at _runTestsForDescribeBlock (C:\Source\Repos\file-share-service-ui\node_modules\jest-circus\build\run.js:121:9)
    at run (C:\Source\Repos\file-share-service-ui\node_modules\jest-circus\build\run.js:71:3)
    at runAndTransformResultsToJestFormat (C:\Source\Repos\file-share-service-ui\node_modules\jest-circus\build\legacy-code-todo-rewrite\jestAdapterInit.js:122:21)</failure>
    </testcase>
    <testcase classname="FssSearchRowComponent should return enable grouping true when consecutive search rows checked" name="FssSearchRowComponent should return enable grouping true when consecutive search rows checked" time="0.001">
      <failure>Error: Unexpected &quot;FssSearchRowComponent&quot; found in the &quot;declarations&quot; array of the &quot;TestBed.configureTestingModule&quot; call, &quot;FssSearchRowComponent&quot; is marked as standalone and can&apos;t be declared in any NgModule - did you intend to import it instead (by adding it to the &quot;imports&quot; array)?
    at C:\Source\Repos\file-share-service-ui\node_modules\@angular\core\fesm2022\testing.mjs:664:15
    at Array.forEach (&lt;anonymous&gt;)
    at forEach (C:\Source\Repos\file-share-service-ui\node_modules\@angular\core\fesm2022\testing.mjs:660:9)
    at TestBedCompiler.assertNoStandaloneComponents [as configureTestingModule] (C:\Source\Repos\file-share-service-ui\node_modules\@angular\core\fesm2022\testing.mjs:738:7)
    at _TestBedImpl.configureTestingModule (C:\Source\Repos\file-share-service-ui\node_modules\@angular\core\fesm2022\testing.mjs:1698:19)
    at Function.configureTestingModule (C:\Source\Repos\file-share-service-ui\node_modules\@angular\core\fesm2022\testing.mjs:1542:34)
    at C:\Source\Repos\file-share-service-ui\Tests\UnitTests\fss-search-row.component.spec.ts:14:19
    at _ZoneDelegate.invoke (C:\Source\Repos\file-share-service-ui\node_modules\zone.js\bundles\zone.umd.js:395:160)
    at ProxyZoneSpec.onInvoke (C:\Source\Repos\file-share-service-ui\node_modules\zone.js\bundles\zone-testing.umd.js:2158:35)
    at _ZoneDelegate.invoke (C:\Source\Repos\file-share-service-ui\node_modules\zone.js\bundles\zone.umd.js:395:48)
    at ZoneImpl.run (C:\Source\Repos\file-share-service-ui\node_modules\zone.js\bundles\zone.umd.js:145:37)
    at Object.wrappedFunc (C:\Source\Repos\file-share-service-ui\node_modules\zone.js\bundles\zone-testing.umd.js:430:28)
    at Promise.then.completed (C:\Source\Repos\file-share-service-ui\node_modules\jest-circus\build\utils.js:298:28)
    at new Promise (&lt;anonymous&gt;)
    at callAsyncCircusFn (C:\Source\Repos\file-share-service-ui\node_modules\jest-circus\build\utils.js:231:10)
    at _callCircusHook (C:\Source\Repos\file-share-service-ui\node_modules\jest-circus\build\run.js:281:40)
    at processTicksAndRejections (node:internal/process/task_queues:95:5)
    at _runTest (C:\Source\Repos\file-share-service-ui\node_modules\jest-circus\build\run.js:246:5)
    at _runTestsForDescribeBlock (C:\Source\Repos\file-share-service-ui\node_modules\jest-circus\build\run.js:126:9)
    at _runTestsForDescribeBlock (C:\Source\Repos\file-share-service-ui\node_modules\jest-circus\build\run.js:121:9)
    at run (C:\Source\Repos\file-share-service-ui\node_modules\jest-circus\build\run.js:71:3)
    at runAndTransformResultsToJestFormat (C:\Source\Repos\file-share-service-ui\node_modules\jest-circus\build\legacy-code-todo-rewrite\jestAdapterInit.js:122:21)</failure>
    </testcase>
    <testcase classname="FssSearchRowComponent should return enable grouping false when non consecutive search rows checked" name="FssSearchRowComponent should return enable grouping false when non consecutive search rows checked" time="0.02">
      <failure>Error: Unexpected &quot;FssSearchRowComponent&quot; found in the &quot;declarations&quot; array of the &quot;TestBed.configureTestingModule&quot; call, &quot;FssSearchRowComponent&quot; is marked as standalone and can&apos;t be declared in any NgModule - did you intend to import it instead (by adding it to the &quot;imports&quot; array)?
    at C:\Source\Repos\file-share-service-ui\node_modules\@angular\core\fesm2022\testing.mjs:664:15
    at Array.forEach (&lt;anonymous&gt;)
    at forEach (C:\Source\Repos\file-share-service-ui\node_modules\@angular\core\fesm2022\testing.mjs:660:9)
    at TestBedCompiler.assertNoStandaloneComponents [as configureTestingModule] (C:\Source\Repos\file-share-service-ui\node_modules\@angular\core\fesm2022\testing.mjs:738:7)
    at _TestBedImpl.configureTestingModule (C:\Source\Repos\file-share-service-ui\node_modules\@angular\core\fesm2022\testing.mjs:1698:19)
    at Function.configureTestingModule (C:\Source\Repos\file-share-service-ui\node_modules\@angular\core\fesm2022\testing.mjs:1542:34)
    at C:\Source\Repos\file-share-service-ui\Tests\UnitTests\fss-search-row.component.spec.ts:14:19
    at _ZoneDelegate.invoke (C:\Source\Repos\file-share-service-ui\node_modules\zone.js\bundles\zone.umd.js:395:160)
    at ProxyZoneSpec.onInvoke (C:\Source\Repos\file-share-service-ui\node_modules\zone.js\bundles\zone-testing.umd.js:2158:35)
    at _ZoneDelegate.invoke (C:\Source\Repos\file-share-service-ui\node_modules\zone.js\bundles\zone.umd.js:395:48)
    at ZoneImpl.run (C:\Source\Repos\file-share-service-ui\node_modules\zone.js\bundles\zone.umd.js:145:37)
    at Object.wrappedFunc (C:\Source\Repos\file-share-service-ui\node_modules\zone.js\bundles\zone-testing.umd.js:430:28)
    at Promise.then.completed (C:\Source\Repos\file-share-service-ui\node_modules\jest-circus\build\utils.js:298:28)
    at new Promise (&lt;anonymous&gt;)
    at callAsyncCircusFn (C:\Source\Repos\file-share-service-ui\node_modules\jest-circus\build\utils.js:231:10)
    at _callCircusHook (C:\Source\Repos\file-share-service-ui\node_modules\jest-circus\build\run.js:281:40)
    at processTicksAndRejections (node:internal/process/task_queues:95:5)
    at _runTest (C:\Source\Repos\file-share-service-ui\node_modules\jest-circus\build\run.js:246:5)
    at _runTestsForDescribeBlock (C:\Source\Repos\file-share-service-ui\node_modules\jest-circus\build\run.js:126:9)
    at _runTestsForDescribeBlock (C:\Source\Repos\file-share-service-ui\node_modules\jest-circus\build\run.js:121:9)
    at run (C:\Source\Repos\file-share-service-ui\node_modules\jest-circus\build\run.js:71:3)
    at runAndTransformResultsToJestFormat (C:\Source\Repos\file-share-service-ui\node_modules\jest-circus\build\legacy-code-todo-rewrite\jestAdapterInit.js:122:21)</failure>
    </testcase>
    <testcase classname="FssSearchRowComponent should emit when the search row delete button is clicked" name="FssSearchRowComponent should emit when the search row delete button is clicked" time="0.001">
      <failure>Error: Unexpected &quot;FssSearchRowComponent&quot; found in the &quot;declarations&quot; array of the &quot;TestBed.configureTestingModule&quot; call, &quot;FssSearchRowComponent&quot; is marked as standalone and can&apos;t be declared in any NgModule - did you intend to import it instead (by adding it to the &quot;imports&quot; array)?
    at C:\Source\Repos\file-share-service-ui\node_modules\@angular\core\fesm2022\testing.mjs:664:15
    at Array.forEach (&lt;anonymous&gt;)
    at forEach (C:\Source\Repos\file-share-service-ui\node_modules\@angular\core\fesm2022\testing.mjs:660:9)
    at TestBedCompiler.assertNoStandaloneComponents [as configureTestingModule] (C:\Source\Repos\file-share-service-ui\node_modules\@angular\core\fesm2022\testing.mjs:738:7)
    at _TestBedImpl.configureTestingModule (C:\Source\Repos\file-share-service-ui\node_modules\@angular\core\fesm2022\testing.mjs:1698:19)
    at Function.configureTestingModule (C:\Source\Repos\file-share-service-ui\node_modules\@angular\core\fesm2022\testing.mjs:1542:34)
    at C:\Source\Repos\file-share-service-ui\Tests\UnitTests\fss-search-row.component.spec.ts:14:19
    at _ZoneDelegate.invoke (C:\Source\Repos\file-share-service-ui\node_modules\zone.js\bundles\zone.umd.js:395:160)
    at ProxyZoneSpec.onInvoke (C:\Source\Repos\file-share-service-ui\node_modules\zone.js\bundles\zone-testing.umd.js:2158:35)
    at _ZoneDelegate.invoke (C:\Source\Repos\file-share-service-ui\node_modules\zone.js\bundles\zone.umd.js:395:48)
    at ZoneImpl.run (C:\Source\Repos\file-share-service-ui\node_modules\zone.js\bundles\zone.umd.js:145:37)
    at Object.wrappedFunc (C:\Source\Repos\file-share-service-ui\node_modules\zone.js\bundles\zone-testing.umd.js:430:28)
    at Promise.then.completed (C:\Source\Repos\file-share-service-ui\node_modules\jest-circus\build\utils.js:298:28)
    at new Promise (&lt;anonymous&gt;)
    at callAsyncCircusFn (C:\Source\Repos\file-share-service-ui\node_modules\jest-circus\build\utils.js:231:10)
    at _callCircusHook (C:\Source\Repos\file-share-service-ui\node_modules\jest-circus\build\run.js:281:40)
    at processTicksAndRejections (node:internal/process/task_queues:95:5)
    at _runTest (C:\Source\Repos\file-share-service-ui\node_modules\jest-circus\build\run.js:246:5)
    at _runTestsForDescribeBlock (C:\Source\Repos\file-share-service-ui\node_modules\jest-circus\build\run.js:126:9)
    at _runTestsForDescribeBlock (C:\Source\Repos\file-share-service-ui\node_modules\jest-circus\build\run.js:121:9)
    at run (C:\Source\Repos\file-share-service-ui\node_modules\jest-circus\build\run.js:71:3)
    at runAndTransformResultsToJestFormat (C:\Source\Repos\file-share-service-ui\node_modules\jest-circus\build\legacy-code-todo-rewrite\jestAdapterInit.js:122:21)</failure>
    </testcase>
    <testcase classname="FssSearchRowComponent should emit when group delete button is clicked" name="FssSearchRowComponent should emit when group delete button is clicked" time="0.002">
      <failure>Error: Unexpected &quot;FssSearchRowComponent&quot; found in the &quot;declarations&quot; array of the &quot;TestBed.configureTestingModule&quot; call, &quot;FssSearchRowComponent&quot; is marked as standalone and can&apos;t be declared in any NgModule - did you intend to import it instead (by adding it to the &quot;imports&quot; array)?
    at C:\Source\Repos\file-share-service-ui\node_modules\@angular\core\fesm2022\testing.mjs:664:15
    at Array.forEach (&lt;anonymous&gt;)
    at forEach (C:\Source\Repos\file-share-service-ui\node_modules\@angular\core\fesm2022\testing.mjs:660:9)
    at TestBedCompiler.assertNoStandaloneComponents [as configureTestingModule] (C:\Source\Repos\file-share-service-ui\node_modules\@angular\core\fesm2022\testing.mjs:738:7)
    at _TestBedImpl.configureTestingModule (C:\Source\Repos\file-share-service-ui\node_modules\@angular\core\fesm2022\testing.mjs:1698:19)
    at Function.configureTestingModule (C:\Source\Repos\file-share-service-ui\node_modules\@angular\core\fesm2022\testing.mjs:1542:34)
    at C:\Source\Repos\file-share-service-ui\Tests\UnitTests\fss-search-row.component.spec.ts:14:19
    at _ZoneDelegate.invoke (C:\Source\Repos\file-share-service-ui\node_modules\zone.js\bundles\zone.umd.js:395:160)
    at ProxyZoneSpec.onInvoke (C:\Source\Repos\file-share-service-ui\node_modules\zone.js\bundles\zone-testing.umd.js:2158:35)
    at _ZoneDelegate.invoke (C:\Source\Repos\file-share-service-ui\node_modules\zone.js\bundles\zone.umd.js:395:48)
    at ZoneImpl.run (C:\Source\Repos\file-share-service-ui\node_modules\zone.js\bundles\zone.umd.js:145:37)
    at Object.wrappedFunc (C:\Source\Repos\file-share-service-ui\node_modules\zone.js\bundles\zone-testing.umd.js:430:28)
    at Promise.then.completed (C:\Source\Repos\file-share-service-ui\node_modules\jest-circus\build\utils.js:298:28)
    at new Promise (&lt;anonymous&gt;)
    at callAsyncCircusFn (C:\Source\Repos\file-share-service-ui\node_modules\jest-circus\build\utils.js:231:10)
    at _callCircusHook (C:\Source\Repos\file-share-service-ui\node_modules\jest-circus\build\run.js:281:40)
    at processTicksAndRejections (node:internal/process/task_queues:95:5)
    at _runTest (C:\Source\Repos\file-share-service-ui\node_modules\jest-circus\build\run.js:246:5)
    at _runTestsForDescribeBlock (C:\Source\Repos\file-share-service-ui\node_modules\jest-circus\build\run.js:126:9)
    at _runTestsForDescribeBlock (C:\Source\Repos\file-share-service-ui\node_modules\jest-circus\build\run.js:121:9)
    at run (C:\Source\Repos\file-share-service-ui\node_modules\jest-circus\build\run.js:71:3)
    at runAndTransformResultsToJestFormat (C:\Source\Repos\file-share-service-ui\node_modules\jest-circus\build\legacy-code-todo-rewrite\jestAdapterInit.js:122:21)</failure>
    </testcase>
    <testcase classname="FssSearchRowComponent should emit when filed change in search row" name="FssSearchRowComponent should emit when filed change in search row" time="0.001">
      <failure>Error: Unexpected &quot;FssSearchRowComponent&quot; found in the &quot;declarations&quot; array of the &quot;TestBed.configureTestingModule&quot; call, &quot;FssSearchRowComponent&quot; is marked as standalone and can&apos;t be declared in any NgModule - did you intend to import it instead (by adding it to the &quot;imports&quot; array)?
    at C:\Source\Repos\file-share-service-ui\node_modules\@angular\core\fesm2022\testing.mjs:664:15
    at Array.forEach (&lt;anonymous&gt;)
    at forEach (C:\Source\Repos\file-share-service-ui\node_modules\@angular\core\fesm2022\testing.mjs:660:9)
    at TestBedCompiler.assertNoStandaloneComponents [as configureTestingModule] (C:\Source\Repos\file-share-service-ui\node_modules\@angular\core\fesm2022\testing.mjs:738:7)
    at _TestBedImpl.configureTestingModule (C:\Source\Repos\file-share-service-ui\node_modules\@angular\core\fesm2022\testing.mjs:1698:19)
    at Function.configureTestingModule (C:\Source\Repos\file-share-service-ui\node_modules\@angular\core\fesm2022\testing.mjs:1542:34)
    at C:\Source\Repos\file-share-service-ui\Tests\UnitTests\fss-search-row.component.spec.ts:14:19
    at _ZoneDelegate.invoke (C:\Source\Repos\file-share-service-ui\node_modules\zone.js\bundles\zone.umd.js:395:160)
    at ProxyZoneSpec.onInvoke (C:\Source\Repos\file-share-service-ui\node_modules\zone.js\bundles\zone-testing.umd.js:2158:35)
    at _ZoneDelegate.invoke (C:\Source\Repos\file-share-service-ui\node_modules\zone.js\bundles\zone.umd.js:395:48)
    at ZoneImpl.run (C:\Source\Repos\file-share-service-ui\node_modules\zone.js\bundles\zone.umd.js:145:37)
    at Object.wrappedFunc (C:\Source\Repos\file-share-service-ui\node_modules\zone.js\bundles\zone-testing.umd.js:430:28)
    at Promise.then.completed (C:\Source\Repos\file-share-service-ui\node_modules\jest-circus\build\utils.js:298:28)
    at new Promise (&lt;anonymous&gt;)
    at callAsyncCircusFn (C:\Source\Repos\file-share-service-ui\node_modules\jest-circus\build\utils.js:231:10)
    at _callCircusHook (C:\Source\Repos\file-share-service-ui\node_modules\jest-circus\build\run.js:281:40)
    at processTicksAndRejections (node:internal/process/task_queues:95:5)
    at _runTest (C:\Source\Repos\file-share-service-ui\node_modules\jest-circus\build\run.js:246:5)
    at _runTestsForDescribeBlock (C:\Source\Repos\file-share-service-ui\node_modules\jest-circus\build\run.js:126:9)
    at _runTestsForDescribeBlock (C:\Source\Repos\file-share-service-ui\node_modules\jest-circus\build\run.js:121:9)
    at run (C:\Source\Repos\file-share-service-ui\node_modules\jest-circus\build\run.js:71:3)
    at runAndTransformResultsToJestFormat (C:\Source\Repos\file-share-service-ui\node_modules\jest-circus\build\legacy-code-todo-rewrite\jestAdapterInit.js:122:21)</failure>
    </testcase>
    <testcase classname="FssSearchRowComponent should emit group when onGroupClick" name="FssSearchRowComponent should emit group when onGroupClick" time="0.001">
      <failure>Error: Unexpected &quot;FssSearchRowComponent&quot; found in the &quot;declarations&quot; array of the &quot;TestBed.configureTestingModule&quot; call, &quot;FssSearchRowComponent&quot; is marked as standalone and can&apos;t be declared in any NgModule - did you intend to import it instead (by adding it to the &quot;imports&quot; array)?
    at C:\Source\Repos\file-share-service-ui\node_modules\@angular\core\fesm2022\testing.mjs:664:15
    at Array.forEach (&lt;anonymous&gt;)
    at forEach (C:\Source\Repos\file-share-service-ui\node_modules\@angular\core\fesm2022\testing.mjs:660:9)
    at TestBedCompiler.assertNoStandaloneComponents [as configureTestingModule] (C:\Source\Repos\file-share-service-ui\node_modules\@angular\core\fesm2022\testing.mjs:738:7)
    at _TestBedImpl.configureTestingModule (C:\Source\Repos\file-share-service-ui\node_modules\@angular\core\fesm2022\testing.mjs:1698:19)
    at Function.configureTestingModule (C:\Source\Repos\file-share-service-ui\node_modules\@angular\core\fesm2022\testing.mjs:1542:34)
    at C:\Source\Repos\file-share-service-ui\Tests\UnitTests\fss-search-row.component.spec.ts:14:19
    at _ZoneDelegate.invoke (C:\Source\Repos\file-share-service-ui\node_modules\zone.js\bundles\zone.umd.js:395:160)
    at ProxyZoneSpec.onInvoke (C:\Source\Repos\file-share-service-ui\node_modules\zone.js\bundles\zone-testing.umd.js:2158:35)
    at _ZoneDelegate.invoke (C:\Source\Repos\file-share-service-ui\node_modules\zone.js\bundles\zone.umd.js:395:48)
    at ZoneImpl.run (C:\Source\Repos\file-share-service-ui\node_modules\zone.js\bundles\zone.umd.js:145:37)
    at Object.wrappedFunc (C:\Source\Repos\file-share-service-ui\node_modules\zone.js\bundles\zone-testing.umd.js:430:28)
    at Promise.then.completed (C:\Source\Repos\file-share-service-ui\node_modules\jest-circus\build\utils.js:298:28)
    at new Promise (&lt;anonymous&gt;)
    at callAsyncCircusFn (C:\Source\Repos\file-share-service-ui\node_modules\jest-circus\build\utils.js:231:10)
    at _callCircusHook (C:\Source\Repos\file-share-service-ui\node_modules\jest-circus\build\run.js:281:40)
    at processTicksAndRejections (node:internal/process/task_queues:95:5)
    at _runTest (C:\Source\Repos\file-share-service-ui\node_modules\jest-circus\build\run.js:246:5)
    at _runTestsForDescribeBlock (C:\Source\Repos\file-share-service-ui\node_modules\jest-circus\build\run.js:126:9)
    at _runTestsForDescribeBlock (C:\Source\Repos\file-share-service-ui\node_modules\jest-circus\build\run.js:121:9)
    at run (C:\Source\Repos\file-share-service-ui\node_modules\jest-circus\build\run.js:71:3)
    at runAndTransformResultsToJestFormat (C:\Source\Repos\file-share-service-ui\node_modules\jest-circus\build\legacy-code-todo-rewrite\jestAdapterInit.js:122:21)</failure>
    </testcase>
    <testcase classname="FssSearchRowComponent should disable grouping onCheckbox changed" name="FssSearchRowComponent should disable grouping onCheckbox changed" time="0.002">
      <failure>Error: Unexpected &quot;FssSearchRowComponent&quot; found in the &quot;declarations&quot; array of the &quot;TestBed.configureTestingModule&quot; call, &quot;FssSearchRowComponent&quot; is marked as standalone and can&apos;t be declared in any NgModule - did you intend to import it instead (by adding it to the &quot;imports&quot; array)?
    at C:\Source\Repos\file-share-service-ui\node_modules\@angular\core\fesm2022\testing.mjs:664:15
    at Array.forEach (&lt;anonymous&gt;)
    at forEach (C:\Source\Repos\file-share-service-ui\node_modules\@angular\core\fesm2022\testing.mjs:660:9)
    at TestBedCompiler.assertNoStandaloneComponents [as configureTestingModule] (C:\Source\Repos\file-share-service-ui\node_modules\@angular\core\fesm2022\testing.mjs:738:7)
    at _TestBedImpl.configureTestingModule (C:\Source\Repos\file-share-service-ui\node_modules\@angular\core\fesm2022\testing.mjs:1698:19)
    at Function.configureTestingModule (C:\Source\Repos\file-share-service-ui\node_modules\@angular\core\fesm2022\testing.mjs:1542:34)
    at C:\Source\Repos\file-share-service-ui\Tests\UnitTests\fss-search-row.component.spec.ts:14:19
    at _ZoneDelegate.invoke (C:\Source\Repos\file-share-service-ui\node_modules\zone.js\bundles\zone.umd.js:395:160)
    at ProxyZoneSpec.onInvoke (C:\Source\Repos\file-share-service-ui\node_modules\zone.js\bundles\zone-testing.umd.js:2158:35)
    at _ZoneDelegate.invoke (C:\Source\Repos\file-share-service-ui\node_modules\zone.js\bundles\zone.umd.js:395:48)
    at ZoneImpl.run (C:\Source\Repos\file-share-service-ui\node_modules\zone.js\bundles\zone.umd.js:145:37)
    at Object.wrappedFunc (C:\Source\Repos\file-share-service-ui\node_modules\zone.js\bundles\zone-testing.umd.js:430:28)
    at Promise.then.completed (C:\Source\Repos\file-share-service-ui\node_modules\jest-circus\build\utils.js:298:28)
    at new Promise (&lt;anonymous&gt;)
    at callAsyncCircusFn (C:\Source\Repos\file-share-service-ui\node_modules\jest-circus\build\utils.js:231:10)
    at _callCircusHook (C:\Source\Repos\file-share-service-ui\node_modules\jest-circus\build\run.js:281:40)
    at processTicksAndRejections (node:internal/process/task_queues:95:5)
    at _runTest (C:\Source\Repos\file-share-service-ui\node_modules\jest-circus\build\run.js:246:5)
    at _runTestsForDescribeBlock (C:\Source\Repos\file-share-service-ui\node_modules\jest-circus\build\run.js:126:9)
    at _runTestsForDescribeBlock (C:\Source\Repos\file-share-service-ui\node_modules\jest-circus\build\run.js:121:9)
    at run (C:\Source\Repos\file-share-service-ui\node_modules\jest-circus\build\run.js:71:3)
    at runAndTransformResultsToJestFormat (C:\Source\Repos\file-share-service-ui\node_modules\jest-circus\build\legacy-code-todo-rewrite\jestAdapterInit.js:122:21)</failure>
    </testcase>
  </testsuite>
  <testsuite name="EssInfoErrorMessageComponent" errors="0" failures="12" skipped="0" timestamp="2025-01-21T18:04:31" time="1.528" tests="12">
    <testcase classname="EssInfoErrorMessageComponent should create" name="EssInfoErrorMessageComponent should create" time="0.002">
      <failure>Error: Unexpected &quot;EssInfoErrorMessageComponent&quot; found in the &quot;declarations&quot; array of the &quot;TestBed.configureTestingModule&quot; call, &quot;EssInfoErrorMessageComponent&quot; is marked as standalone and can&apos;t be declared in any NgModule - did you intend to import it instead (by adding it to the &quot;imports&quot; array)?
    at C:\Source\Repos\file-share-service-ui\node_modules\@angular\core\fesm2022\testing.mjs:664:15
    at Array.forEach (&lt;anonymous&gt;)
    at forEach (C:\Source\Repos\file-share-service-ui\node_modules\@angular\core\fesm2022\testing.mjs:660:9)
    at TestBedCompiler.assertNoStandaloneComponents [as configureTestingModule] (C:\Source\Repos\file-share-service-ui\node_modules\@angular\core\fesm2022\testing.mjs:738:7)
    at _TestBedImpl.configureTestingModule (C:\Source\Repos\file-share-service-ui\node_modules\@angular\core\fesm2022\testing.mjs:1698:19)
    at Function.configureTestingModule (C:\Source\Repos\file-share-service-ui\node_modules\@angular\core\fesm2022\testing.mjs:1542:34)
    at C:\Source\Repos\file-share-service-ui\Tests\UnitTests\ess-info-error-message.component.spec.ts:13:19
    at _ZoneDelegate.invoke (C:\Source\Repos\file-share-service-ui\node_modules\zone.js\bundles\zone.umd.js:395:160)
    at ProxyZoneSpec.onInvoke (C:\Source\Repos\file-share-service-ui\node_modules\zone.js\bundles\zone-testing.umd.js:2158:35)
    at _ZoneDelegate.invoke (C:\Source\Repos\file-share-service-ui\node_modules\zone.js\bundles\zone.umd.js:395:48)
    at ZoneImpl.run (C:\Source\Repos\file-share-service-ui\node_modules\zone.js\bundles\zone.umd.js:145:37)
    at Object.wrappedFunc (C:\Source\Repos\file-share-service-ui\node_modules\zone.js\bundles\zone-testing.umd.js:430:28)
    at Promise.then.completed (C:\Source\Repos\file-share-service-ui\node_modules\jest-circus\build\utils.js:298:28)
    at new Promise (&lt;anonymous&gt;)
    at callAsyncCircusFn (C:\Source\Repos\file-share-service-ui\node_modules\jest-circus\build\utils.js:231:10)
    at _callCircusHook (C:\Source\Repos\file-share-service-ui\node_modules\jest-circus\build\run.js:281:40)
    at processTicksAndRejections (node:internal/process/task_queues:95:5)
    at _runTest (C:\Source\Repos\file-share-service-ui\node_modules\jest-circus\build\run.js:246:5)
    at _runTestsForDescribeBlock (C:\Source\Repos\file-share-service-ui\node_modules\jest-circus\build\run.js:126:9)
    at _runTestsForDescribeBlock (C:\Source\Repos\file-share-service-ui\node_modules\jest-circus\build\run.js:121:9)
    at run (C:\Source\Repos\file-share-service-ui\node_modules\jest-circus\build\run.js:71:3)
    at runAndTransformResultsToJestFormat (C:\Source\Repos\file-share-service-ui\node_modules\jest-circus\build\legacy-code-todo-rewrite\jestAdapterInit.js:122:21)</failure>
    </testcase>
    <testcase classname="EssInfoErrorMessageComponent ngOnInit should set inital error messages" name="EssInfoErrorMessageComponent ngOnInit should set inital error messages" time="0.001">
      <failure>Error: Unexpected &quot;EssInfoErrorMessageComponent&quot; found in the &quot;declarations&quot; array of the &quot;TestBed.configureTestingModule&quot; call, &quot;EssInfoErrorMessageComponent&quot; is marked as standalone and can&apos;t be declared in any NgModule - did you intend to import it instead (by adding it to the &quot;imports&quot; array)?
    at C:\Source\Repos\file-share-service-ui\node_modules\@angular\core\fesm2022\testing.mjs:664:15
    at Array.forEach (&lt;anonymous&gt;)
    at forEach (C:\Source\Repos\file-share-service-ui\node_modules\@angular\core\fesm2022\testing.mjs:660:9)
    at TestBedCompiler.assertNoStandaloneComponents [as configureTestingModule] (C:\Source\Repos\file-share-service-ui\node_modules\@angular\core\fesm2022\testing.mjs:738:7)
    at _TestBedImpl.configureTestingModule (C:\Source\Repos\file-share-service-ui\node_modules\@angular\core\fesm2022\testing.mjs:1698:19)
    at Function.configureTestingModule (C:\Source\Repos\file-share-service-ui\node_modules\@angular\core\fesm2022\testing.mjs:1542:34)
    at C:\Source\Repos\file-share-service-ui\Tests\UnitTests\ess-info-error-message.component.spec.ts:13:19
    at _ZoneDelegate.invoke (C:\Source\Repos\file-share-service-ui\node_modules\zone.js\bundles\zone.umd.js:395:160)
    at ProxyZoneSpec.onInvoke (C:\Source\Repos\file-share-service-ui\node_modules\zone.js\bundles\zone-testing.umd.js:2158:35)
    at _ZoneDelegate.invoke (C:\Source\Repos\file-share-service-ui\node_modules\zone.js\bundles\zone.umd.js:395:48)
    at ZoneImpl.run (C:\Source\Repos\file-share-service-ui\node_modules\zone.js\bundles\zone.umd.js:145:37)
    at Object.wrappedFunc (C:\Source\Repos\file-share-service-ui\node_modules\zone.js\bundles\zone-testing.umd.js:430:28)
    at Promise.then.completed (C:\Source\Repos\file-share-service-ui\node_modules\jest-circus\build\utils.js:298:28)
    at new Promise (&lt;anonymous&gt;)
    at callAsyncCircusFn (C:\Source\Repos\file-share-service-ui\node_modules\jest-circus\build\utils.js:231:10)
    at _callCircusHook (C:\Source\Repos\file-share-service-ui\node_modules\jest-circus\build\run.js:281:40)
    at processTicksAndRejections (node:internal/process/task_queues:95:5)
    at _runTest (C:\Source\Repos\file-share-service-ui\node_modules\jest-circus\build\run.js:246:5)
    at _runTestsForDescribeBlock (C:\Source\Repos\file-share-service-ui\node_modules\jest-circus\build\run.js:126:9)
    at _runTestsForDescribeBlock (C:\Source\Repos\file-share-service-ui\node_modules\jest-circus\build\run.js:121:9)
    at run (C:\Source\Repos\file-share-service-ui\node_modules\jest-circus\build\run.js:71:3)
    at runAndTransformResultsToJestFormat (C:\Source\Repos\file-share-service-ui\node_modules\jest-circus\build\legacy-code-todo-rewrite\jestAdapterInit.js:122:21)</failure>
    </testcase>
    <testcase classname="EssInfoErrorMessageComponent ngOnDestroy should essInfoErrorMessagesubscription.unsubscribe" name="EssInfoErrorMessageComponent ngOnDestroy should essInfoErrorMessagesubscription.unsubscribe" time="0.001">
      <failure>Error: Unexpected &quot;EssInfoErrorMessageComponent&quot; found in the &quot;declarations&quot; array of the &quot;TestBed.configureTestingModule&quot; call, &quot;EssInfoErrorMessageComponent&quot; is marked as standalone and can&apos;t be declared in any NgModule - did you intend to import it instead (by adding it to the &quot;imports&quot; array)?
    at C:\Source\Repos\file-share-service-ui\node_modules\@angular\core\fesm2022\testing.mjs:664:15
    at Array.forEach (&lt;anonymous&gt;)
    at forEach (C:\Source\Repos\file-share-service-ui\node_modules\@angular\core\fesm2022\testing.mjs:660:9)
    at TestBedCompiler.assertNoStandaloneComponents [as configureTestingModule] (C:\Source\Repos\file-share-service-ui\node_modules\@angular\core\fesm2022\testing.mjs:738:7)
    at _TestBedImpl.configureTestingModule (C:\Source\Repos\file-share-service-ui\node_modules\@angular\core\fesm2022\testing.mjs:1698:19)
    at Function.configureTestingModule (C:\Source\Repos\file-share-service-ui\node_modules\@angular\core\fesm2022\testing.mjs:1542:34)
    at C:\Source\Repos\file-share-service-ui\Tests\UnitTests\ess-info-error-message.component.spec.ts:13:19
    at _ZoneDelegate.invoke (C:\Source\Repos\file-share-service-ui\node_modules\zone.js\bundles\zone.umd.js:395:160)
    at ProxyZoneSpec.onInvoke (C:\Source\Repos\file-share-service-ui\node_modules\zone.js\bundles\zone-testing.umd.js:2158:35)
    at _ZoneDelegate.invoke (C:\Source\Repos\file-share-service-ui\node_modules\zone.js\bundles\zone.umd.js:395:48)
    at ZoneImpl.run (C:\Source\Repos\file-share-service-ui\node_modules\zone.js\bundles\zone.umd.js:145:37)
    at Object.wrappedFunc (C:\Source\Repos\file-share-service-ui\node_modules\zone.js\bundles\zone-testing.umd.js:430:28)
    at Promise.then.completed (C:\Source\Repos\file-share-service-ui\node_modules\jest-circus\build\utils.js:298:28)
    at new Promise (&lt;anonymous&gt;)
    at callAsyncCircusFn (C:\Source\Repos\file-share-service-ui\node_modules\jest-circus\build\utils.js:231:10)
    at _callCircusHook (C:\Source\Repos\file-share-service-ui\node_modules\jest-circus\build\run.js:281:40)
    at processTicksAndRejections (node:internal/process/task_queues:95:5)
    at _runTest (C:\Source\Repos\file-share-service-ui\node_modules\jest-circus\build\run.js:246:5)
    at _runTestsForDescribeBlock (C:\Source\Repos\file-share-service-ui\node_modules\jest-circus\build\run.js:126:9)
    at _runTestsForDescribeBlock (C:\Source\Repos\file-share-service-ui\node_modules\jest-circus\build\run.js:121:9)
    at run (C:\Source\Repos\file-share-service-ui\node_modules\jest-circus\build\run.js:71:3)
    at runAndTransformResultsToJestFormat (C:\Source\Repos\file-share-service-ui\node_modules\jest-circus\build\legacy-code-todo-rewrite\jestAdapterInit.js:122:21)</failure>
    </testcase>
    <testcase classname="EssInfoErrorMessageComponent showMessage should set correct mesages : true info , test info 1" name="EssInfoErrorMessageComponent showMessage should set correct mesages : true info , test info 1" time="0">
      <failure>Error: Unexpected &quot;EssInfoErrorMessageComponent&quot; found in the &quot;declarations&quot; array of the &quot;TestBed.configureTestingModule&quot; call, &quot;EssInfoErrorMessageComponent&quot; is marked as standalone and can&apos;t be declared in any NgModule - did you intend to import it instead (by adding it to the &quot;imports&quot; array)?
    at C:\Source\Repos\file-share-service-ui\node_modules\@angular\core\fesm2022\testing.mjs:664:15
    at Array.forEach (&lt;anonymous&gt;)
    at forEach (C:\Source\Repos\file-share-service-ui\node_modules\@angular\core\fesm2022\testing.mjs:660:9)
    at TestBedCompiler.assertNoStandaloneComponents [as configureTestingModule] (C:\Source\Repos\file-share-service-ui\node_modules\@angular\core\fesm2022\testing.mjs:738:7)
    at _TestBedImpl.configureTestingModule (C:\Source\Repos\file-share-service-ui\node_modules\@angular\core\fesm2022\testing.mjs:1698:19)
    at Function.configureTestingModule (C:\Source\Repos\file-share-service-ui\node_modules\@angular\core\fesm2022\testing.mjs:1542:34)
    at C:\Source\Repos\file-share-service-ui\Tests\UnitTests\ess-info-error-message.component.spec.ts:13:19
    at _ZoneDelegate.invoke (C:\Source\Repos\file-share-service-ui\node_modules\zone.js\bundles\zone.umd.js:395:160)
    at ProxyZoneSpec.onInvoke (C:\Source\Repos\file-share-service-ui\node_modules\zone.js\bundles\zone-testing.umd.js:2158:35)
    at _ZoneDelegate.invoke (C:\Source\Repos\file-share-service-ui\node_modules\zone.js\bundles\zone.umd.js:395:48)
    at ZoneImpl.run (C:\Source\Repos\file-share-service-ui\node_modules\zone.js\bundles\zone.umd.js:145:37)
    at Object.wrappedFunc (C:\Source\Repos\file-share-service-ui\node_modules\zone.js\bundles\zone-testing.umd.js:430:28)
    at Promise.then.completed (C:\Source\Repos\file-share-service-ui\node_modules\jest-circus\build\utils.js:298:28)
    at new Promise (&lt;anonymous&gt;)
    at callAsyncCircusFn (C:\Source\Repos\file-share-service-ui\node_modules\jest-circus\build\utils.js:231:10)
    at _callCircusHook (C:\Source\Repos\file-share-service-ui\node_modules\jest-circus\build\run.js:281:40)
    at processTicksAndRejections (node:internal/process/task_queues:95:5)
    at _runTest (C:\Source\Repos\file-share-service-ui\node_modules\jest-circus\build\run.js:246:5)
    at _runTestsForDescribeBlock (C:\Source\Repos\file-share-service-ui\node_modules\jest-circus\build\run.js:126:9)
    at _runTestsForDescribeBlock (C:\Source\Repos\file-share-service-ui\node_modules\jest-circus\build\run.js:121:9)
    at run (C:\Source\Repos\file-share-service-ui\node_modules\jest-circus\build\run.js:71:3)
    at runAndTransformResultsToJestFormat (C:\Source\Repos\file-share-service-ui\node_modules\jest-circus\build\legacy-code-todo-rewrite\jestAdapterInit.js:122:21)</failure>
    </testcase>
    <testcase classname="EssInfoErrorMessageComponent showMessage should set correct mesages : true error , test error 1" name="EssInfoErrorMessageComponent showMessage should set correct mesages : true error , test error 1" time="0.001">
      <failure>Error: Unexpected &quot;EssInfoErrorMessageComponent&quot; found in the &quot;declarations&quot; array of the &quot;TestBed.configureTestingModule&quot; call, &quot;EssInfoErrorMessageComponent&quot; is marked as standalone and can&apos;t be declared in any NgModule - did you intend to import it instead (by adding it to the &quot;imports&quot; array)?
    at C:\Source\Repos\file-share-service-ui\node_modules\@angular\core\fesm2022\testing.mjs:664:15
    at Array.forEach (&lt;anonymous&gt;)
    at forEach (C:\Source\Repos\file-share-service-ui\node_modules\@angular\core\fesm2022\testing.mjs:660:9)
    at TestBedCompiler.assertNoStandaloneComponents [as configureTestingModule] (C:\Source\Repos\file-share-service-ui\node_modules\@angular\core\fesm2022\testing.mjs:738:7)
    at _TestBedImpl.configureTestingModule (C:\Source\Repos\file-share-service-ui\node_modules\@angular\core\fesm2022\testing.mjs:1698:19)
    at Function.configureTestingModule (C:\Source\Repos\file-share-service-ui\node_modules\@angular\core\fesm2022\testing.mjs:1542:34)
    at C:\Source\Repos\file-share-service-ui\Tests\UnitTests\ess-info-error-message.component.spec.ts:13:19
    at _ZoneDelegate.invoke (C:\Source\Repos\file-share-service-ui\node_modules\zone.js\bundles\zone.umd.js:395:160)
    at ProxyZoneSpec.onInvoke (C:\Source\Repos\file-share-service-ui\node_modules\zone.js\bundles\zone-testing.umd.js:2158:35)
    at _ZoneDelegate.invoke (C:\Source\Repos\file-share-service-ui\node_modules\zone.js\bundles\zone.umd.js:395:48)
    at ZoneImpl.run (C:\Source\Repos\file-share-service-ui\node_modules\zone.js\bundles\zone.umd.js:145:37)
    at Object.wrappedFunc (C:\Source\Repos\file-share-service-ui\node_modules\zone.js\bundles\zone-testing.umd.js:430:28)
    at Promise.then.completed (C:\Source\Repos\file-share-service-ui\node_modules\jest-circus\build\utils.js:298:28)
    at new Promise (&lt;anonymous&gt;)
    at callAsyncCircusFn (C:\Source\Repos\file-share-service-ui\node_modules\jest-circus\build\utils.js:231:10)
    at _callCircusHook (C:\Source\Repos\file-share-service-ui\node_modules\jest-circus\build\run.js:281:40)
    at processTicksAndRejections (node:internal/process/task_queues:95:5)
    at _runTest (C:\Source\Repos\file-share-service-ui\node_modules\jest-circus\build\run.js:246:5)
    at _runTestsForDescribeBlock (C:\Source\Repos\file-share-service-ui\node_modules\jest-circus\build\run.js:126:9)
    at _runTestsForDescribeBlock (C:\Source\Repos\file-share-service-ui\node_modules\jest-circus\build\run.js:121:9)
    at run (C:\Source\Repos\file-share-service-ui\node_modules\jest-circus\build\run.js:71:3)
    at runAndTransformResultsToJestFormat (C:\Source\Repos\file-share-service-ui\node_modules\jest-circus\build\legacy-code-todo-rewrite\jestAdapterInit.js:122:21)</failure>
    </testcase>
    <testcase classname="EssInfoErrorMessageComponent showMessage should set correct mesages : true success , test success 1" name="EssInfoErrorMessageComponent showMessage should set correct mesages : true success , test success 1" time="0">
      <failure>Error: Unexpected &quot;EssInfoErrorMessageComponent&quot; found in the &quot;declarations&quot; array of the &quot;TestBed.configureTestingModule&quot; call, &quot;EssInfoErrorMessageComponent&quot; is marked as standalone and can&apos;t be declared in any NgModule - did you intend to import it instead (by adding it to the &quot;imports&quot; array)?
    at C:\Source\Repos\file-share-service-ui\node_modules\@angular\core\fesm2022\testing.mjs:664:15
    at Array.forEach (&lt;anonymous&gt;)
    at forEach (C:\Source\Repos\file-share-service-ui\node_modules\@angular\core\fesm2022\testing.mjs:660:9)
    at TestBedCompiler.assertNoStandaloneComponents [as configureTestingModule] (C:\Source\Repos\file-share-service-ui\node_modules\@angular\core\fesm2022\testing.mjs:738:7)
    at _TestBedImpl.configureTestingModule (C:\Source\Repos\file-share-service-ui\node_modules\@angular\core\fesm2022\testing.mjs:1698:19)
    at Function.configureTestingModule (C:\Source\Repos\file-share-service-ui\node_modules\@angular\core\fesm2022\testing.mjs:1542:34)
    at C:\Source\Repos\file-share-service-ui\Tests\UnitTests\ess-info-error-message.component.spec.ts:13:19
    at _ZoneDelegate.invoke (C:\Source\Repos\file-share-service-ui\node_modules\zone.js\bundles\zone.umd.js:395:160)
    at ProxyZoneSpec.onInvoke (C:\Source\Repos\file-share-service-ui\node_modules\zone.js\bundles\zone-testing.umd.js:2158:35)
    at _ZoneDelegate.invoke (C:\Source\Repos\file-share-service-ui\node_modules\zone.js\bundles\zone.umd.js:395:48)
    at ZoneImpl.run (C:\Source\Repos\file-share-service-ui\node_modules\zone.js\bundles\zone.umd.js:145:37)
    at Object.wrappedFunc (C:\Source\Repos\file-share-service-ui\node_modules\zone.js\bundles\zone-testing.umd.js:430:28)
    at Promise.then.completed (C:\Source\Repos\file-share-service-ui\node_modules\jest-circus\build\utils.js:298:28)
    at new Promise (&lt;anonymous&gt;)
    at callAsyncCircusFn (C:\Source\Repos\file-share-service-ui\node_modules\jest-circus\build\utils.js:231:10)
    at _callCircusHook (C:\Source\Repos\file-share-service-ui\node_modules\jest-circus\build\run.js:281:40)
    at processTicksAndRejections (node:internal/process/task_queues:95:5)
    at _runTest (C:\Source\Repos\file-share-service-ui\node_modules\jest-circus\build\run.js:246:5)
    at _runTestsForDescribeBlock (C:\Source\Repos\file-share-service-ui\node_modules\jest-circus\build\run.js:126:9)
    at _runTestsForDescribeBlock (C:\Source\Repos\file-share-service-ui\node_modules\jest-circus\build\run.js:121:9)
    at run (C:\Source\Repos\file-share-service-ui\node_modules\jest-circus\build\run.js:71:3)
    at runAndTransformResultsToJestFormat (C:\Source\Repos\file-share-service-ui\node_modules\jest-circus\build\legacy-code-todo-rewrite\jestAdapterInit.js:122:21)</failure>
    </testcase>
    <testcase classname="EssInfoErrorMessageComponent showMessage should set correct mesages : true warning , test warning 1" name="EssInfoErrorMessageComponent showMessage should set correct mesages : true warning , test warning 1" time="0">
      <failure>Error: Unexpected &quot;EssInfoErrorMessageComponent&quot; found in the &quot;declarations&quot; array of the &quot;TestBed.configureTestingModule&quot; call, &quot;EssInfoErrorMessageComponent&quot; is marked as standalone and can&apos;t be declared in any NgModule - did you intend to import it instead (by adding it to the &quot;imports&quot; array)?
    at C:\Source\Repos\file-share-service-ui\node_modules\@angular\core\fesm2022\testing.mjs:664:15
    at Array.forEach (&lt;anonymous&gt;)
    at forEach (C:\Source\Repos\file-share-service-ui\node_modules\@angular\core\fesm2022\testing.mjs:660:9)
    at TestBedCompiler.assertNoStandaloneComponents [as configureTestingModule] (C:\Source\Repos\file-share-service-ui\node_modules\@angular\core\fesm2022\testing.mjs:738:7)
    at _TestBedImpl.configureTestingModule (C:\Source\Repos\file-share-service-ui\node_modules\@angular\core\fesm2022\testing.mjs:1698:19)
    at Function.configureTestingModule (C:\Source\Repos\file-share-service-ui\node_modules\@angular\core\fesm2022\testing.mjs:1542:34)
    at C:\Source\Repos\file-share-service-ui\Tests\UnitTests\ess-info-error-message.component.spec.ts:13:19
    at _ZoneDelegate.invoke (C:\Source\Repos\file-share-service-ui\node_modules\zone.js\bundles\zone.umd.js:395:160)
    at ProxyZoneSpec.onInvoke (C:\Source\Repos\file-share-service-ui\node_modules\zone.js\bundles\zone-testing.umd.js:2158:35)
    at _ZoneDelegate.invoke (C:\Source\Repos\file-share-service-ui\node_modules\zone.js\bundles\zone.umd.js:395:48)
    at ZoneImpl.run (C:\Source\Repos\file-share-service-ui\node_modules\zone.js\bundles\zone.umd.js:145:37)
    at Object.wrappedFunc (C:\Source\Repos\file-share-service-ui\node_modules\zone.js\bundles\zone-testing.umd.js:430:28)
    at Promise.then.completed (C:\Source\Repos\file-share-service-ui\node_modules\jest-circus\build\utils.js:298:28)
    at new Promise (&lt;anonymous&gt;)
    at callAsyncCircusFn (C:\Source\Repos\file-share-service-ui\node_modules\jest-circus\build\utils.js:231:10)
    at _callCircusHook (C:\Source\Repos\file-share-service-ui\node_modules\jest-circus\build\run.js:281:40)
    at processTicksAndRejections (node:internal/process/task_queues:95:5)
    at _runTest (C:\Source\Repos\file-share-service-ui\node_modules\jest-circus\build\run.js:246:5)
    at _runTestsForDescribeBlock (C:\Source\Repos\file-share-service-ui\node_modules\jest-circus\build\run.js:126:9)
    at _runTestsForDescribeBlock (C:\Source\Repos\file-share-service-ui\node_modules\jest-circus\build\run.js:121:9)
    at run (C:\Source\Repos\file-share-service-ui\node_modules\jest-circus\build\run.js:71:3)
    at runAndTransformResultsToJestFormat (C:\Source\Repos\file-share-service-ui\node_modules\jest-circus\build\legacy-code-todo-rewrite\jestAdapterInit.js:122:21)</failure>
    </testcase>
    <testcase classname="EssInfoErrorMessageComponent showMessage should set correct mesages : true info , test info 2" name="EssInfoErrorMessageComponent showMessage should set correct mesages : true info , test info 2" time="0">
      <failure>Error: Unexpected &quot;EssInfoErrorMessageComponent&quot; found in the &quot;declarations&quot; array of the &quot;TestBed.configureTestingModule&quot; call, &quot;EssInfoErrorMessageComponent&quot; is marked as standalone and can&apos;t be declared in any NgModule - did you intend to import it instead (by adding it to the &quot;imports&quot; array)?
    at C:\Source\Repos\file-share-service-ui\node_modules\@angular\core\fesm2022\testing.mjs:664:15
    at Array.forEach (&lt;anonymous&gt;)
    at forEach (C:\Source\Repos\file-share-service-ui\node_modules\@angular\core\fesm2022\testing.mjs:660:9)
    at TestBedCompiler.assertNoStandaloneComponents [as configureTestingModule] (C:\Source\Repos\file-share-service-ui\node_modules\@angular\core\fesm2022\testing.mjs:738:7)
    at _TestBedImpl.configureTestingModule (C:\Source\Repos\file-share-service-ui\node_modules\@angular\core\fesm2022\testing.mjs:1698:19)
    at Function.configureTestingModule (C:\Source\Repos\file-share-service-ui\node_modules\@angular\core\fesm2022\testing.mjs:1542:34)
    at C:\Source\Repos\file-share-service-ui\Tests\UnitTests\ess-info-error-message.component.spec.ts:13:19
    at _ZoneDelegate.invoke (C:\Source\Repos\file-share-service-ui\node_modules\zone.js\bundles\zone.umd.js:395:160)
    at ProxyZoneSpec.onInvoke (C:\Source\Repos\file-share-service-ui\node_modules\zone.js\bundles\zone-testing.umd.js:2158:35)
    at _ZoneDelegate.invoke (C:\Source\Repos\file-share-service-ui\node_modules\zone.js\bundles\zone.umd.js:395:48)
    at ZoneImpl.run (C:\Source\Repos\file-share-service-ui\node_modules\zone.js\bundles\zone.umd.js:145:37)
    at Object.wrappedFunc (C:\Source\Repos\file-share-service-ui\node_modules\zone.js\bundles\zone-testing.umd.js:430:28)
    at Promise.then.completed (C:\Source\Repos\file-share-service-ui\node_modules\jest-circus\build\utils.js:298:28)
    at new Promise (&lt;anonymous&gt;)
    at callAsyncCircusFn (C:\Source\Repos\file-share-service-ui\node_modules\jest-circus\build\utils.js:231:10)
    at _callCircusHook (C:\Source\Repos\file-share-service-ui\node_modules\jest-circus\build\run.js:281:40)
    at processTicksAndRejections (node:internal/process/task_queues:95:5)
    at _runTest (C:\Source\Repos\file-share-service-ui\node_modules\jest-circus\build\run.js:246:5)
    at _runTestsForDescribeBlock (C:\Source\Repos\file-share-service-ui\node_modules\jest-circus\build\run.js:126:9)
    at _runTestsForDescribeBlock (C:\Source\Repos\file-share-service-ui\node_modules\jest-circus\build\run.js:121:9)
    at run (C:\Source\Repos\file-share-service-ui\node_modules\jest-circus\build\run.js:71:3)
    at runAndTransformResultsToJestFormat (C:\Source\Repos\file-share-service-ui\node_modules\jest-circus\build\legacy-code-todo-rewrite\jestAdapterInit.js:122:21)</failure>
    </testcase>
    <testcase classname="EssInfoErrorMessageComponent showMessage should set correct mesages : true error , test error 3" name="EssInfoErrorMessageComponent showMessage should set correct mesages : true error , test error 3" time="0.001">
      <failure>Error: Unexpected &quot;EssInfoErrorMessageComponent&quot; found in the &quot;declarations&quot; array of the &quot;TestBed.configureTestingModule&quot; call, &quot;EssInfoErrorMessageComponent&quot; is marked as standalone and can&apos;t be declared in any NgModule - did you intend to import it instead (by adding it to the &quot;imports&quot; array)?
    at C:\Source\Repos\file-share-service-ui\node_modules\@angular\core\fesm2022\testing.mjs:664:15
    at Array.forEach (&lt;anonymous&gt;)
    at forEach (C:\Source\Repos\file-share-service-ui\node_modules\@angular\core\fesm2022\testing.mjs:660:9)
    at TestBedCompiler.assertNoStandaloneComponents [as configureTestingModule] (C:\Source\Repos\file-share-service-ui\node_modules\@angular\core\fesm2022\testing.mjs:738:7)
    at _TestBedImpl.configureTestingModule (C:\Source\Repos\file-share-service-ui\node_modules\@angular\core\fesm2022\testing.mjs:1698:19)
    at Function.configureTestingModule (C:\Source\Repos\file-share-service-ui\node_modules\@angular\core\fesm2022\testing.mjs:1542:34)
    at C:\Source\Repos\file-share-service-ui\Tests\UnitTests\ess-info-error-message.component.spec.ts:13:19
    at _ZoneDelegate.invoke (C:\Source\Repos\file-share-service-ui\node_modules\zone.js\bundles\zone.umd.js:395:160)
    at ProxyZoneSpec.onInvoke (C:\Source\Repos\file-share-service-ui\node_modules\zone.js\bundles\zone-testing.umd.js:2158:35)
    at _ZoneDelegate.invoke (C:\Source\Repos\file-share-service-ui\node_modules\zone.js\bundles\zone.umd.js:395:48)
    at ZoneImpl.run (C:\Source\Repos\file-share-service-ui\node_modules\zone.js\bundles\zone.umd.js:145:37)
    at Object.wrappedFunc (C:\Source\Repos\file-share-service-ui\node_modules\zone.js\bundles\zone-testing.umd.js:430:28)
    at Promise.then.completed (C:\Source\Repos\file-share-service-ui\node_modules\jest-circus\build\utils.js:298:28)
    at new Promise (&lt;anonymous&gt;)
    at callAsyncCircusFn (C:\Source\Repos\file-share-service-ui\node_modules\jest-circus\build\utils.js:231:10)
    at _callCircusHook (C:\Source\Repos\file-share-service-ui\node_modules\jest-circus\build\run.js:281:40)
    at processTicksAndRejections (node:internal/process/task_queues:95:5)
    at _runTest (C:\Source\Repos\file-share-service-ui\node_modules\jest-circus\build\run.js:246:5)
    at _runTestsForDescribeBlock (C:\Source\Repos\file-share-service-ui\node_modules\jest-circus\build\run.js:126:9)
    at _runTestsForDescribeBlock (C:\Source\Repos\file-share-service-ui\node_modules\jest-circus\build\run.js:121:9)
    at run (C:\Source\Repos\file-share-service-ui\node_modules\jest-circus\build\run.js:71:3)
    at runAndTransformResultsToJestFormat (C:\Source\Repos\file-share-service-ui\node_modules\jest-circus\build\legacy-code-todo-rewrite\jestAdapterInit.js:122:21)</failure>
    </testcase>
    <testcase classname="EssInfoErrorMessageComponent showMessage should set correct mesages : true success , test success 4" name="EssInfoErrorMessageComponent showMessage should set correct mesages : true success , test success 4" time="0.001">
      <failure>Error: Unexpected &quot;EssInfoErrorMessageComponent&quot; found in the &quot;declarations&quot; array of the &quot;TestBed.configureTestingModule&quot; call, &quot;EssInfoErrorMessageComponent&quot; is marked as standalone and can&apos;t be declared in any NgModule - did you intend to import it instead (by adding it to the &quot;imports&quot; array)?
    at C:\Source\Repos\file-share-service-ui\node_modules\@angular\core\fesm2022\testing.mjs:664:15
    at Array.forEach (&lt;anonymous&gt;)
    at forEach (C:\Source\Repos\file-share-service-ui\node_modules\@angular\core\fesm2022\testing.mjs:660:9)
    at TestBedCompiler.assertNoStandaloneComponents [as configureTestingModule] (C:\Source\Repos\file-share-service-ui\node_modules\@angular\core\fesm2022\testing.mjs:738:7)
    at _TestBedImpl.configureTestingModule (C:\Source\Repos\file-share-service-ui\node_modules\@angular\core\fesm2022\testing.mjs:1698:19)
    at Function.configureTestingModule (C:\Source\Repos\file-share-service-ui\node_modules\@angular\core\fesm2022\testing.mjs:1542:34)
    at C:\Source\Repos\file-share-service-ui\Tests\UnitTests\ess-info-error-message.component.spec.ts:13:19
    at _ZoneDelegate.invoke (C:\Source\Repos\file-share-service-ui\node_modules\zone.js\bundles\zone.umd.js:395:160)
    at ProxyZoneSpec.onInvoke (C:\Source\Repos\file-share-service-ui\node_modules\zone.js\bundles\zone-testing.umd.js:2158:35)
    at _ZoneDelegate.invoke (C:\Source\Repos\file-share-service-ui\node_modules\zone.js\bundles\zone.umd.js:395:48)
    at ZoneImpl.run (C:\Source\Repos\file-share-service-ui\node_modules\zone.js\bundles\zone.umd.js:145:37)
    at Object.wrappedFunc (C:\Source\Repos\file-share-service-ui\node_modules\zone.js\bundles\zone-testing.umd.js:430:28)
    at Promise.then.completed (C:\Source\Repos\file-share-service-ui\node_modules\jest-circus\build\utils.js:298:28)
    at new Promise (&lt;anonymous&gt;)
    at callAsyncCircusFn (C:\Source\Repos\file-share-service-ui\node_modules\jest-circus\build\utils.js:231:10)
    at _callCircusHook (C:\Source\Repos\file-share-service-ui\node_modules\jest-circus\build\run.js:281:40)
    at processTicksAndRejections (node:internal/process/task_queues:95:5)
    at _runTest (C:\Source\Repos\file-share-service-ui\node_modules\jest-circus\build\run.js:246:5)
    at _runTestsForDescribeBlock (C:\Source\Repos\file-share-service-ui\node_modules\jest-circus\build\run.js:126:9)
    at _runTestsForDescribeBlock (C:\Source\Repos\file-share-service-ui\node_modules\jest-circus\build\run.js:121:9)
    at run (C:\Source\Repos\file-share-service-ui\node_modules\jest-circus\build\run.js:71:3)
    at runAndTransformResultsToJestFormat (C:\Source\Repos\file-share-service-ui\node_modules\jest-circus\build\legacy-code-todo-rewrite\jestAdapterInit.js:122:21)</failure>
    </testcase>
    <testcase classname="EssInfoErrorMessageComponent showMessage should set correct mesages : true warning , test warning 5" name="EssInfoErrorMessageComponent showMessage should set correct mesages : true warning , test warning 5" time="0.001">
      <failure>Error: Unexpected &quot;EssInfoErrorMessageComponent&quot; found in the &quot;declarations&quot; array of the &quot;TestBed.configureTestingModule&quot; call, &quot;EssInfoErrorMessageComponent&quot; is marked as standalone and can&apos;t be declared in any NgModule - did you intend to import it instead (by adding it to the &quot;imports&quot; array)?
    at C:\Source\Repos\file-share-service-ui\node_modules\@angular\core\fesm2022\testing.mjs:664:15
    at Array.forEach (&lt;anonymous&gt;)
    at forEach (C:\Source\Repos\file-share-service-ui\node_modules\@angular\core\fesm2022\testing.mjs:660:9)
    at TestBedCompiler.assertNoStandaloneComponents [as configureTestingModule] (C:\Source\Repos\file-share-service-ui\node_modules\@angular\core\fesm2022\testing.mjs:738:7)
    at _TestBedImpl.configureTestingModule (C:\Source\Repos\file-share-service-ui\node_modules\@angular\core\fesm2022\testing.mjs:1698:19)
    at Function.configureTestingModule (C:\Source\Repos\file-share-service-ui\node_modules\@angular\core\fesm2022\testing.mjs:1542:34)
    at C:\Source\Repos\file-share-service-ui\Tests\UnitTests\ess-info-error-message.component.spec.ts:13:19
    at _ZoneDelegate.invoke (C:\Source\Repos\file-share-service-ui\node_modules\zone.js\bundles\zone.umd.js:395:160)
    at ProxyZoneSpec.onInvoke (C:\Source\Repos\file-share-service-ui\node_modules\zone.js\bundles\zone-testing.umd.js:2158:35)
    at _ZoneDelegate.invoke (C:\Source\Repos\file-share-service-ui\node_modules\zone.js\bundles\zone.umd.js:395:48)
    at ZoneImpl.run (C:\Source\Repos\file-share-service-ui\node_modules\zone.js\bundles\zone.umd.js:145:37)
    at Object.wrappedFunc (C:\Source\Repos\file-share-service-ui\node_modules\zone.js\bundles\zone-testing.umd.js:430:28)
    at Promise.then.completed (C:\Source\Repos\file-share-service-ui\node_modules\jest-circus\build\utils.js:298:28)
    at new Promise (&lt;anonymous&gt;)
    at callAsyncCircusFn (C:\Source\Repos\file-share-service-ui\node_modules\jest-circus\build\utils.js:231:10)
    at _callCircusHook (C:\Source\Repos\file-share-service-ui\node_modules\jest-circus\build\run.js:281:40)
    at processTicksAndRejections (node:internal/process/task_queues:95:5)
    at _runTest (C:\Source\Repos\file-share-service-ui\node_modules\jest-circus\build\run.js:246:5)
    at _runTestsForDescribeBlock (C:\Source\Repos\file-share-service-ui\node_modules\jest-circus\build\run.js:126:9)
    at _runTestsForDescribeBlock (C:\Source\Repos\file-share-service-ui\node_modules\jest-circus\build\run.js:121:9)
    at run (C:\Source\Repos\file-share-service-ui\node_modules\jest-circus\build\run.js:71:3)
    at runAndTransformResultsToJestFormat (C:\Source\Repos\file-share-service-ui\node_modules\jest-circus\build\legacy-code-todo-rewrite\jestAdapterInit.js:122:21)</failure>
    </testcase>
    <testcase classname="EssInfoErrorMessageComponent showMessage should set correct mesages : false info , " name="EssInfoErrorMessageComponent showMessage should set correct mesages : false info , " time="0.001">
      <failure>Error: Unexpected &quot;EssInfoErrorMessageComponent&quot; found in the &quot;declarations&quot; array of the &quot;TestBed.configureTestingModule&quot; call, &quot;EssInfoErrorMessageComponent&quot; is marked as standalone and can&apos;t be declared in any NgModule - did you intend to import it instead (by adding it to the &quot;imports&quot; array)?
    at C:\Source\Repos\file-share-service-ui\node_modules\@angular\core\fesm2022\testing.mjs:664:15
    at Array.forEach (&lt;anonymous&gt;)
    at forEach (C:\Source\Repos\file-share-service-ui\node_modules\@angular\core\fesm2022\testing.mjs:660:9)
    at TestBedCompiler.assertNoStandaloneComponents [as configureTestingModule] (C:\Source\Repos\file-share-service-ui\node_modules\@angular\core\fesm2022\testing.mjs:738:7)
    at _TestBedImpl.configureTestingModule (C:\Source\Repos\file-share-service-ui\node_modules\@angular\core\fesm2022\testing.mjs:1698:19)
    at Function.configureTestingModule (C:\Source\Repos\file-share-service-ui\node_modules\@angular\core\fesm2022\testing.mjs:1542:34)
    at C:\Source\Repos\file-share-service-ui\Tests\UnitTests\ess-info-error-message.component.spec.ts:13:19
    at _ZoneDelegate.invoke (C:\Source\Repos\file-share-service-ui\node_modules\zone.js\bundles\zone.umd.js:395:160)
    at ProxyZoneSpec.onInvoke (C:\Source\Repos\file-share-service-ui\node_modules\zone.js\bundles\zone-testing.umd.js:2158:35)
    at _ZoneDelegate.invoke (C:\Source\Repos\file-share-service-ui\node_modules\zone.js\bundles\zone.umd.js:395:48)
    at ZoneImpl.run (C:\Source\Repos\file-share-service-ui\node_modules\zone.js\bundles\zone.umd.js:145:37)
    at Object.wrappedFunc (C:\Source\Repos\file-share-service-ui\node_modules\zone.js\bundles\zone-testing.umd.js:430:28)
    at Promise.then.completed (C:\Source\Repos\file-share-service-ui\node_modules\jest-circus\build\utils.js:298:28)
    at new Promise (&lt;anonymous&gt;)
    at callAsyncCircusFn (C:\Source\Repos\file-share-service-ui\node_modules\jest-circus\build\utils.js:231:10)
    at _callCircusHook (C:\Source\Repos\file-share-service-ui\node_modules\jest-circus\build\run.js:281:40)
    at processTicksAndRejections (node:internal/process/task_queues:95:5)
    at _runTest (C:\Source\Repos\file-share-service-ui\node_modules\jest-circus\build\run.js:246:5)
    at _runTestsForDescribeBlock (C:\Source\Repos\file-share-service-ui\node_modules\jest-circus\build\run.js:126:9)
    at _runTestsForDescribeBlock (C:\Source\Repos\file-share-service-ui\node_modules\jest-circus\build\run.js:121:9)
    at run (C:\Source\Repos\file-share-service-ui\node_modules\jest-circus\build\run.js:71:3)
    at runAndTransformResultsToJestFormat (C:\Source\Repos\file-share-service-ui\node_modules\jest-circus\build\legacy-code-todo-rewrite\jestAdapterInit.js:122:21)</failure>
    </testcase>
  </testsuite>
  <testsuite name="FssSearchValidatorService" errors="0" failures="0" skipped="0" timestamp="2025-01-21T18:04:31" time="1.304" tests="5">
    <testcase classname="FssSearchValidatorService should be created" name="FssSearchValidatorService should be created" time="0.094">
    </testcase>
    <testcase classname="FssSearchValidatorService should highlight the value field when FileSize value is not entered" name="FssSearchValidatorService should highlight the value field when FileSize value is not entered" time="0.025">
    </testcase>
    <testcase classname="FssSearchValidatorService should return datatype as &quot;date&quot; when SystemAttribute BatchExpiryDate is passed" name="FssSearchValidatorService should return datatype as &quot;date&quot; when SystemAttribute BatchExpiryDate is passed" time="0.012">
    </testcase>
    <testcase classname="FssSearchValidatorService should highlight the value field when BatchExpiryDate value is not entered when non null operator is selected" name="FssSearchValidatorService should highlight the value field when BatchExpiryDate value is not entered when non null operator is selected" time="0.01">
    </testcase>
    <testcase classname="FssSearchValidatorService should return operator type nullOperator based on operator value ne null" name="FssSearchValidatorService should return operator type nullOperator based on operator value ne null" time="0.009">
    </testcase>
  </testsuite>
  <testsuite name="FssPhaseBannerComponent" errors="0" failures="0" skipped="0" timestamp="2025-01-21T18:04:31" time="1.742" tests="4">
    <testcase classname="FssPhaseBannerComponent should have banner component" name="FssPhaseBannerComponent should have banner component" time="0.877">
    </testcase>
    <testcase classname="FssPhaseBannerComponent beta should exist in phase for banner" name="FssPhaseBannerComponent beta should exist in phase for banner" time="0.003">
    </testcase>
    <testcase classname="FssPhaseBannerComponent mailto link should exist in link for banner" name="FssPhaseBannerComponent mailto link should exist in link for banner" time="0.003">
    </testcase>
    <testcase classname="FssPhaseBannerComponent feedback should exist in link for banner" name="FssPhaseBannerComponent feedback should exist in link for banner" time="0.002">
    </testcase>
  </testsuite>
  <testsuite name="FssFooterComponent" errors="0" failures="0" skipped="0" timestamp="2025-01-21T18:04:31" time="1.837" tests="4">
    <testcase classname="FssFooterComponent should have footer component" name="FssFooterComponent should have footer component" time="0.82">
    </testcase>
    <testcase classname="FssFooterComponent should render image and navigation in ukho-footer" name="FssFooterComponent should render image and navigation in ukho-footer" time="0.084">
    </testcase>
    <testcase classname="FssFooterComponent should render 2 navigation elements in admiralty-footer" name="FssFooterComponent should render 2 navigation elements in admiralty-footer" time="0.036">
    </testcase>
    <testcase classname="FssFooterComponent should exist data for footer navigation" name="FssFooterComponent should exist data for footer navigation" time="0.002">
    </testcase>
  </testsuite>
  <testsuite name="EssInfoErrorMessageService" errors="0" failures="0" skipped="0" timestamp="2025-01-21T18:04:33" time="0.621" tests="4">
    <testcase classname="EssInfoErrorMessageService should be created" name="EssInfoErrorMessageService should be created" time="0.013">
    </testcase>
    <testcase classname="EssInfoErrorMessageService infoErrorMessage should not be null" name="EssInfoErrorMessageService infoErrorMessage should not be null" time="0.005">
    </testcase>
    <testcase classname="EssInfoErrorMessageService showInfoMessageSubject should not be null" name="EssInfoErrorMessageService showInfoMessageSubject should not be null" time="0.007">
    </testcase>
    <testcase classname="EssInfoErrorMessageService showInfoErrorMessage should emit messages from showInfoMessageBSubject" name="EssInfoErrorMessageService showInfoErrorMessage should emit messages from showInfoMessageBSubject" time="0.007">
    </testcase>
  </testsuite>
  <testsuite name="AuthGuard" errors="0" failures="0" skipped="0" timestamp="2025-01-21T18:04:32" time="1.022" tests="8">
    <testcase classname="AuthGuard should be created" name="AuthGuard should be created" time="0.044">
    </testcase>
    <testcase classname="AuthGuard canActivate should return false and call router with [&quot;search&quot;] if account exists and url is /" name="AuthGuard canActivate should return false and call router with [&quot;search&quot;] if account exists and url is /" time="0.022">
    </testcase>
    <testcase classname="AuthGuard canActivate should return true if account exists and url is /search" name="AuthGuard canActivate should return true if account exists and url is /search" time="0.01">
    </testcase>
    <testcase classname="AuthGuard canActivate should return true if account exists and url is /enc-list" name="AuthGuard canActivate should return true if account exists and url is /enc-list" time="0.006">
    </testcase>
    <testcase classname="AuthGuard canActivate should return false if account exists and enc list is null and url is /enc-list" name="AuthGuard canActivate should return false if account exists and enc list is null and url is /enc-list" time="0.007">
    </testcase>
    <testcase classname="AuthGuard canActivate should return false and call router.navigation with [&quot;&quot;] if account is null and url is /search" name="AuthGuard canActivate should return false and call router.navigation with [&quot;&quot;] if account is null and url is /search" time="0.006">
    </testcase>
    <testcase classname="AuthGuard canActivate should return true if account is null and url is /" name="AuthGuard canActivate should return true if account is null and url is /" time="0.012">
    </testcase>
    <testcase classname="AuthGuard canActivate should return false if account is null and url is &quot;&quot;" name="AuthGuard canActivate should return false if account is null and url is &quot;&quot;" time="0.007">
    </testcase>
  </testsuite>
  <testsuite name="EssUploadFileService" errors="0" failures="0" skipped="0" timestamp="2025-01-21T18:04:33" time="0.941" tests="32">
    <testcase classname="EssUploadFileService should be created" name="EssUploadFileService should be created" time="0.042">
    </testcase>
    <testcase classname="EssUploadFileService getEncFileData should return parsed json" name="EssUploadFileService getEncFileData should return parsed json" time="0.008">
    </testcase>
    <testcase classname="EssUploadFileService isValidEncFile should return true/false based on file type and file contents" name="EssUploadFileService isValidEncFile should return true/false based on file type and file contents" time="0.009">
    </testcase>
    <testcase classname="EssUploadFileService extractEncsFromFile should return enc&quot;s if :ENC and :ECS exist in file" name="EssUploadFileService extractEncsFromFile should return enc&quot;s if :ENC and :ECS exist in file" time="0.008">
    </testcase>
    <testcase classname="EssUploadFileService extractEncsFromFile should return enc&quot;s if :ENC and :ECS do not exist in file" name="EssUploadFileService extractEncsFromFile should return enc&quot;s if :ENC and :ECS do not exist in file" time="0.016">
    </testcase>
    <testcase classname="EssUploadFileService getValidEncs should return encs" name="EssUploadFileService getValidEncs should return encs" time="0.007">
    </testcase>
    <testcase classname="EssUploadFileService getValidEncs should return encs uploaded with different case" name="EssUploadFileService getValidEncs should return encs uploaded with different case" time="0.007">
    </testcase>
    <testcase classname="EssUploadFileService validateENCFormat should return enc if passed parameter is valid else returns null" name="EssUploadFileService validateENCFormat should return enc if passed parameter is valid else returns null" time="0.007">
    </testcase>
    <testcase classname="EssUploadFileService getEncFileData should return enc file data for csv file" name="EssUploadFileService getEncFileData should return enc file data for csv file" time="0.013">
    </testcase>
    <testcase classname="EssUploadFileService isValidEncFile should return true/false based on file type and file contents for csv File" name="EssUploadFileService isValidEncFile should return true/false based on file type and file contents for csv File" time="0.01">
    </testcase>
    <testcase classname="EssUploadFileService extractEncsFromFile should extract encs from file" name="EssUploadFileService extractEncsFromFile should extract encs from file" time="0.013">
    </testcase>
    <testcase classname="EssUploadFileService extractEncsFromFile should extract encs from file and also removes blank data" name="EssUploadFileService extractEncsFromFile should extract encs from file and also removes blank data" time="0.004">
    </testcase>
    <testcase classname="EssUploadFileService setValidENCs and getValidEncs should return valid encs" name="EssUploadFileService setValidENCs and getValidEncs should return valid encs" time="0.006">
    </testcase>
    <testcase classname="EssUploadFileService setValidENCs and getValidEncs should return valid encs when duplicate record found" name="EssUploadFileService setValidENCs and getValidEncs should return valid encs when duplicate record found" time="0.01">
    </testcase>
    <testcase classname="EssUploadFileService setValidENCs and getValidEncs should return valid encs as per configuration settings" name="EssUploadFileService setValidENCs and getValidEncs should return valid encs as per configuration settings" time="0.006">
    </testcase>
    <testcase classname="EssUploadFileService service.infoMessage should set true/false" name="EssUploadFileService service.infoMessage should set true/false" time="0.021">
    </testcase>
    <testcase classname="EssUploadFileService addSelectedEnc adds enc into selectedEncs" name="EssUploadFileService addSelectedEnc adds enc into selectedEncs" time="0.011">
    </testcase>
    <testcase classname="EssUploadFileService removeSelectedEncs removes enc from selectedEncs" name="EssUploadFileService removeSelectedEncs removes enc from selectedEncs" time="0.021">
    </testcase>
    <testcase classname="EssUploadFileService clearSelectedEncs clears enc from selectedEncs" name="EssUploadFileService clearSelectedEncs clears enc from selectedEncs" time="0.005">
    </testcase>
    <testcase classname="EssUploadFileService valid encs should always be less than MaxEncLimit" name="EssUploadFileService valid encs should always be less than MaxEncLimit" time="0.006">
    </testcase>
    <testcase classname="EssUploadFileService setValidSingleEnc should set single ENC in validEnc list" name="EssUploadFileService setValidSingleEnc should set single ENC in validEnc list" time="0.005">
    </testcase>
    <testcase classname="EssUploadFileService checkMaxEncLimit should return true as per configuration settings" name="EssUploadFileService checkMaxEncLimit should return true as per configuration settings" time="0.016">
    </testcase>
    <testcase classname="EssUploadFileService checkMaxEncLimit should return false as per configuration settings" name="EssUploadFileService checkMaxEncLimit should return false as per configuration settings" time="0.005">
    </testcase>
    <testcase classname="EssUploadFileService addSingleEnc should set single ENC in validEnc list" name="EssUploadFileService addSingleEnc should set single ENC in validEnc list" time="0.005">
    </testcase>
    <testcase classname="EssUploadFileService should return true for valid encName" name="EssUploadFileService should return true for valid encName" time="0.005">
    </testcase>
    <testcase classname="EssUploadFileService should return false for invalid AIO encName" name="EssUploadFileService should return false for invalid AIO encName" time="0.005">
    </testcase>
    <testcase classname="EssUploadFileService get exchangeSetDownloadType should return the correct download type" name="EssUploadFileService get exchangeSetDownloadType should return the correct download type" time="0.005">
    </testcase>
    <testcase classname="EssUploadFileService set exchangeSetDownloadType should set the correct download type" name="EssUploadFileService set exchangeSetDownloadType should set the correct download type" time="0.004">
    </testcase>
    <testcase classname="EssUploadFileService get exchangeSetDeltaDate should return the correct date" name="EssUploadFileService get exchangeSetDeltaDate should return the correct date" time="0.004">
    </testcase>
    <testcase classname="EssUploadFileService set exchangeSetDeltaDate should set the correct date" name="EssUploadFileService set exchangeSetDeltaDate should set the correct date" time="0.004">
    </testcase>
    <testcase classname="EssUploadFileService scsInvalidProducts should return invalid product" name="EssUploadFileService scsInvalidProducts should return invalid product" time="0.004">
    </testcase>
    <testcase classname="EssUploadFileService getEstimatedTotalSize calculates total size accurately" name="EssUploadFileService getEstimatedTotalSize calculates total size accurately" time="0.006">
    </testcase>
  </testsuite>
  <testsuite name="FssPopularSearchBatchesComponent" errors="0" failures="0" skipped="0" timestamp="2025-01-21T18:04:32" time="1.155" tests="1">
    <testcase classname="FssPopularSearchBatchesComponent should create" name="FssPopularSearchBatchesComponent should create" time="0.125">
    </testcase>
  </testsuite>
  <testsuite name="FssSearchService" errors="0" failures="0" skipped="0" timestamp="2025-01-21T18:04:33" time="0.742" tests="8">
    <testcase classname="FssSearchService should be created" name="FssSearchService should be created" time="0.015">
    </testcase>
    <testcase classname="FssSearchService should convert object of type any into Field[]" name="FssSearchService should convert object of type any into Field[]" time="0.007">
    </testcase>
    <testcase classname="FssSearchService should return the count of getJoinOperators list as 2" name="FssSearchService should return the count of getJoinOperators list as 2" time="0.007">
    </testcase>
    <testcase classname="FssSearchService should return the count of getOperators list as 14" name="FssSearchService should return the count of getOperators list as 14" time="0.005">
    </testcase>
    <testcase classname="FssSearchService should return the value of first JoinOperator as and" name="FssSearchService should return the value of first JoinOperator as and" time="0.006">
    </testcase>
    <testcase classname="FssSearchService should return the value of last JoinOperator as or" name="FssSearchService should return the value of last JoinOperator as or" time="0.005">
    </testcase>
    <testcase classname="FssSearchService should return the the value of first Operator list as eq" name="FssSearchService should return the the value of first Operator list as eq" time="0.011">
    </testcase>
    <testcase classname="FssSearchService should return the the value of last Operator list as not contains" name="FssSearchService should return the the value of last Operator list as not contains" time="0.01">
    </testcase>
  </testsuite>
  <testsuite name="FssSearchGroupingService" errors="0" failures="0" skipped="0" timestamp="2025-01-21T18:04:33" time="0.733" tests="4">
    <testcase classname="FssSearchGroupingService FssSearchGroupingService should be created" name="FssSearchGroupingService FssSearchGroupingService should be created" time="0.036">
    </testcase>
    <testcase classname="FssSearchGroupingService should create valid grouping levels for selected groupings" name="FssSearchGroupingService should create valid grouping levels for selected groupings" time="0.008">
    </testcase>
    <testcase classname="FssSearchGroupingService should create valid ui groupings for selected groupings &amp; grouping levels" name="FssSearchGroupingService should create valid ui groupings for selected groupings &amp; grouping levels" time="0.007">
    </testcase>
    <testcase classname="FssSearchGroupingService should reset groupings on selected row deletion" name="FssSearchGroupingService should reset groupings on selected row deletion" time="0.009">
    </testcase>
  </testsuite>
  <testsuite name="FssSearchFilterService" errors="0" failures="0" skipped="0" timestamp="2025-01-21T18:04:33" time="0.778" tests="6">
    <testcase classname="FssSearchFilterService should be created" name="FssSearchFilterService should be created" time="0.015">
    </testcase>
    <testcase classname="FssSearchFilterService should create valid filter expression for single search criteria" name="FssSearchFilterService should create valid filter expression for single search criteria" time="0.018">
    </testcase>
    <testcase classname="FssSearchFilterService should create valid filter expression for multiple search criteria" name="FssSearchFilterService should create valid filter expression for multiple search criteria" time="0.007">
    </testcase>
    <testcase classname="FssSearchFilterService should create valid filter expression for multiple search criteria for grouping query" name="FssSearchFilterService should create valid filter expression for multiple search criteria for grouping query" time="0.008">
    </testcase>
    <testcase classname="FssSearchFilterService should create valid filter expression for single search criteria" name="FssSearchFilterService should create valid filter expression for single search criteria" time="0.007">
    </testcase>
    <testcase classname="FssSearchFilterService should create valid filter expression for multiple search criteria" name="FssSearchFilterService should create valid filter expression for multiple search criteria" time="0.005">
    </testcase>
  </testsuite>
  <testsuite name="FssSearchComponent" errors="0" failures="13" skipped="0" timestamp="2025-01-21T18:04:26" time="13.284" tests="13">
    <testcase classname="FssSearchComponent should create FssSearchComponent" name="FssSearchComponent should create FssSearchComponent" time="0.236">
      <failure>BrowserAuthError: crypto_nonexistent: The crypto object or function is not available.
    at createBrowserAuthError (C:\Source\Repos\file-share-service-ui\node_modules\@azure\src\error\BrowserAuthError.ts:366:12)
    at createBrowserAuthError (C:\Source\Repos\file-share-service-ui\node_modules\@azure\src\crypto\BrowserCrypto.ts:73:15)
    at new validateCryptoAvailable (C:\Source\Repos\file-share-service-ui\node_modules\@azure\src\crypto\CryptoOps.ts:60:9)
    at new StandardController (C:\Source\Repos\file-share-service-ui\node_modules\@azure\src\controllers\StandardController.ts:233:15)
    at new PublicClientApplication (C:\Source\Repos\file-share-service-ui\node_modules\@azure\src\app\PublicClientApplication.ts:87:13)
    at Object.MockMSALInstanceFactory [as useFactory] (C:\Source\Repos\file-share-service-ui\Tests\UnitTests\fss-search.component.spec.ts:126:11)
    at Object.useFactory [as factory] (C:\Source\Repos\file-share-service-ui\node_modules\@angular\core\fesm2022\core.mjs:1992:32)
    at factory (C:\Source\Repos\file-share-service-ui\node_modules\@angular\core\fesm2022\core.mjs:1913:35)
    at callback (C:\Source\Repos\file-share-service-ui\node_modules\@angular\core\fesm2022\core.mjs:1077:5)
    at R3Injector.runInInjectorProfilerContext [as hydrate] (C:\Source\Repos\file-share-service-ui\node_modules\@angular\core\fesm2022\core.mjs:1912:11)
    at R3Injector.hydrate [as get] (C:\Source\Repos\file-share-service-ui\node_modules\@angular\core\fesm2022\core.mjs:1810:23)
    at get (C:\Source\Repos\file-share-service-ui\node_modules\@angular\core\fesm2022\core.mjs:1200:36)
    at ɵɵinject (C:\Source\Repos\file-share-service-ui\node_modules\@angular\core\fesm2022\core.mjs:1206:58)
    at Object.MsalService_Factory [as factory] (ng:///MsalService/ɵfac.js:5:55)
    at factory (C:\Source\Repos\file-share-service-ui\node_modules\@angular\core\fesm2022\core.mjs:1913:35)
    at callback (C:\Source\Repos\file-share-service-ui\node_modules\@angular\core\fesm2022\core.mjs:1077:5)
    at R3Injector.runInInjectorProfilerContext [as hydrate] (C:\Source\Repos\file-share-service-ui\node_modules\@angular\core\fesm2022\core.mjs:1912:11)
    at R3Injector.hydrate [as get] (C:\Source\Repos\file-share-service-ui\node_modules\@angular\core\fesm2022\core.mjs:1810:23)
    at _TestBedImpl.get [as inject] (C:\Source\Repos\file-share-service-ui\node_modules\@angular\core\fesm2022\testing.mjs:1709:48)
    at Function.inject (C:\Source\Repos\file-share-service-ui\node_modules\@angular\core\fesm2022\testing.mjs:1580:34)
    at C:\Source\Repos\file-share-service-ui\Tests\UnitTests\fss-search.component.spec.ts:63:29
    at processTicksAndRejections (node:internal/process/task_queues:95:5)</failure>
    </testcase>
    <testcase classname="FssSearchComponent should have filterGroups ordered to match the configuration after transformSearchAttributesToFilter is called" name="FssSearchComponent should have filterGroups ordered to match the configuration after transformSearchAttributesToFilter is called" time="0.016">
      <failure>BrowserAuthError: crypto_nonexistent: The crypto object or function is not available.
    at createBrowserAuthError (C:\Source\Repos\file-share-service-ui\node_modules\@azure\src\error\BrowserAuthError.ts:366:12)
    at createBrowserAuthError (C:\Source\Repos\file-share-service-ui\node_modules\@azure\src\crypto\BrowserCrypto.ts:73:15)
    at new validateCryptoAvailable (C:\Source\Repos\file-share-service-ui\node_modules\@azure\src\crypto\CryptoOps.ts:60:9)
    at new StandardController (C:\Source\Repos\file-share-service-ui\node_modules\@azure\src\controllers\StandardController.ts:233:15)
    at new PublicClientApplication (C:\Source\Repos\file-share-service-ui\node_modules\@azure\src\app\PublicClientApplication.ts:87:13)
    at Object.MockMSALInstanceFactory [as useFactory] (C:\Source\Repos\file-share-service-ui\Tests\UnitTests\fss-search.component.spec.ts:126:11)
    at Object.useFactory [as factory] (C:\Source\Repos\file-share-service-ui\node_modules\@angular\core\fesm2022\core.mjs:1992:32)
    at factory (C:\Source\Repos\file-share-service-ui\node_modules\@angular\core\fesm2022\core.mjs:1913:35)
    at callback (C:\Source\Repos\file-share-service-ui\node_modules\@angular\core\fesm2022\core.mjs:1077:5)
    at R3Injector.runInInjectorProfilerContext [as hydrate] (C:\Source\Repos\file-share-service-ui\node_modules\@angular\core\fesm2022\core.mjs:1912:11)
    at R3Injector.hydrate [as get] (C:\Source\Repos\file-share-service-ui\node_modules\@angular\core\fesm2022\core.mjs:1810:23)
    at get (C:\Source\Repos\file-share-service-ui\node_modules\@angular\core\fesm2022\core.mjs:1200:36)
    at ɵɵinject (C:\Source\Repos\file-share-service-ui\node_modules\@angular\core\fesm2022\core.mjs:1206:58)
    at Object.MsalService_Factory [as factory] (ng:///MsalService/ɵfac.js:5:55)
    at factory (C:\Source\Repos\file-share-service-ui\node_modules\@angular\core\fesm2022\core.mjs:1913:35)
    at callback (C:\Source\Repos\file-share-service-ui\node_modules\@angular\core\fesm2022\core.mjs:1077:5)
    at R3Injector.runInInjectorProfilerContext [as hydrate] (C:\Source\Repos\file-share-service-ui\node_modules\@angular\core\fesm2022\core.mjs:1912:11)
    at R3Injector.hydrate [as get] (C:\Source\Repos\file-share-service-ui\node_modules\@angular\core\fesm2022\core.mjs:1810:23)
    at _TestBedImpl.get [as inject] (C:\Source\Repos\file-share-service-ui\node_modules\@angular\core\fesm2022\testing.mjs:1709:48)
    at Function.inject (C:\Source\Repos\file-share-service-ui\node_modules\@angular\core\fesm2022\testing.mjs:1580:34)
    at C:\Source\Repos\file-share-service-ui\Tests\UnitTests\fss-search.component.spec.ts:63:29
    at processTicksAndRejections (node:internal/process/task_queues:95:5)</failure>
    </testcase>
    <testcase classname="EssDownloadExchangesetComponent should create EssDownloadExchangesetComponent" name="EssDownloadExchangesetComponent should create EssDownloadExchangesetComponent" time="0.059">
      <failure>Error: Unexpected &quot;AdmiraltyBreadcrumb&quot; found in the &quot;declarations&quot; array of the &quot;DesignSystemModule&quot; NgModule, &quot;AdmiraltyBreadcrumb&quot; is marked as standalone and can&apos;t be declared in any NgModule - did you intend to import it instead (by adding it to the &quot;imports&quot; array)?
Unexpected &quot;AdmiraltyBreadcrumbs&quot; found in the &quot;declarations&quot; array of the &quot;DesignSystemModule&quot; NgModule, &quot;AdmiraltyBreadcrumbs&quot; is marked as standalone and can&apos;t be declared in any NgModule - did you intend to import it instead (by adding it to the &quot;imports&quot; array)?
Unexpected &quot;AdmiraltyButton&quot; found in the &quot;declarations&quot; array of the &quot;DesignSystemModule&quot; NgModule, &quot;AdmiraltyButton&quot; is marked as standalone and can&apos;t be declared in any NgModule - did you intend to import it instead (by adding it to the &quot;imports&quot; array)?
Unexpected &quot;AdmiraltyCard&quot; found in the &quot;declarations&quot; array of the &quot;DesignSystemModule&quot; NgModule, &quot;AdmiraltyCard&quot; is marked as standalone and can&apos;t be declared in any NgModule - did you intend to import it instead (by adding it to the &quot;imports&quot; array)?
Unexpected &quot;AdmiraltyCheckbox&quot; found in the &quot;declarations&quot; array of the &quot;DesignSystemModule&quot; NgModule, &quot;AdmiraltyCheckbox&quot; is marked as standalone and can&apos;t be declared in any NgModule - did you intend to import it instead (by adding it to the &quot;imports&quot; array)?
Unexpected &quot;AdmiraltyColourBlock&quot; found in the &quot;declarations&quot; array of the &quot;DesignSystemModule&quot; NgModule, &quot;AdmiraltyColourBlock&quot; is marked as standalone and can&apos;t be declared in any NgModule - did you intend to import it instead (by adding it to the &quot;imports&quot; array)?
Unexpected &quot;AdmiraltyDialogue&quot; found in the &quot;declarations&quot; array of the &quot;DesignSystemModule&quot; NgModule, &quot;AdmiraltyDialogue&quot; is marked as standalone and can&apos;t be declared in any NgModule - did you intend to import it instead (by adding it to the &quot;imports&quot; array)?
Unexpected &quot;AdmiraltyExpansion&quot; found in the &quot;declarations&quot; array of the &quot;DesignSystemModule&quot; NgModule, &quot;AdmiraltyExpansion&quot; is marked as standalone and can&apos;t be declared in any NgModule - did you intend to import it instead (by adding it to the &quot;imports&quot; array)?
Unexpected &quot;AdmiraltyFileInput&quot; found in the &quot;declarations&quot; array of the &quot;DesignSystemModule&quot; NgModule, &quot;AdmiraltyFileInput&quot; is marked as standalone and can&apos;t be declared in any NgModule - did you intend to import it instead (by adding it to the &quot;imports&quot; array)?
Unexpected &quot;AdmiraltyFilter&quot; found in the &quot;declarations&quot; array of the &quot;DesignSystemModule&quot; NgModule, &quot;AdmiraltyFilter&quot; is marked as standalone and can&apos;t be declared in any NgModule - did you intend to import it instead (by adding it to the &quot;imports&quot; array)?
Unexpected &quot;AdmiraltyFilterGroup&quot; found in the &quot;declarations&quot; array of the &quot;DesignSystemModule&quot; NgModule, &quot;AdmiraltyFilterGroup&quot; is marked as standalone and can&apos;t be declared in any NgModule - did you intend to import it instead (by adding it to the &quot;imports&quot; array)?
Unexpected &quot;AdmiraltyFooter&quot; found in the &quot;declarations&quot; array of the &quot;DesignSystemModule&quot; NgModule, &quot;AdmiraltyFooter&quot; is marked as standalone and can&apos;t be declared in any NgModule - did you intend to import it instead (by adding it to the &quot;imports&quot; array)?
Unexpected &quot;AdmiraltyHeader&quot; found in the &quot;declarations&quot; array of the &quot;DesignSystemModule&quot; NgModule, &quot;AdmiraltyHeader&quot; is marked as standalone and can&apos;t be declared in any NgModule - did you intend to import it instead (by adding it to the &quot;imports&quot; array)?
Unexpected &quot;AdmiraltyHeaderMenuItem&quot; found in the &quot;declarations&quot; array of the &quot;DesignSystemModule&quot; NgModule, &quot;AdmiraltyHeaderMenuItem&quot; is marked as standalone and can&apos;t be declared in any NgModule - did you intend to import it instead (by adding it to the &quot;imports&quot; array)?
Unexpected &quot;AdmiraltyHeaderProfile&quot; found in the &quot;declarations&quot; array of the &quot;DesignSystemModule&quot; NgModule, &quot;AdmiraltyHeaderProfile&quot; is marked as standalone and can&apos;t be declared in any NgModule - did you intend to import it instead (by adding it to the &quot;imports&quot; array)?
Unexpected &quot;AdmiraltyHeaderSubMenuItem&quot; found in the &quot;declarations&quot; array of the &quot;DesignSystemModule&quot; NgModule, &quot;AdmiraltyHeaderSubMenuItem&quot; is marked as standalone and can&apos;t be declared in any NgModule - did you intend to import it instead (by adding it to the &quot;imports&quot; array)?
Unexpected &quot;AdmiraltyHint&quot; found in the &quot;declarations&quot; array of the &quot;DesignSystemModule&quot; NgModule, &quot;AdmiraltyHint&quot; is marked as standalone and can&apos;t be declared in any NgModule - did you intend to import it instead (by adding it to the &quot;imports&quot; array)?
Unexpected &quot;AdmiraltyHr&quot; found in the &quot;declarations&quot; array of the &quot;DesignSystemModule&quot; NgModule, &quot;AdmiraltyHr&quot; is marked as standalone and can&apos;t be declared in any NgModule - did you intend to import it instead (by adding it to the &quot;imports&quot; array)?
Unexpected &quot;AdmiraltyIcon&quot; found in the &quot;declarations&quot; array of the &quot;DesignSystemModule&quot; NgModule, &quot;AdmiraltyIcon&quot; is marked as standalone and can&apos;t be declared in any NgModule - did you intend to import it instead (by adding it to the &quot;imports&quot; array)?
Unexpected &quot;AdmiraltyInput&quot; found in the &quot;declarations&quot; array of the &quot;DesignSystemModule&quot; NgModule, &quot;AdmiraltyInput&quot; is marked as standalone and can&apos;t be declared in any NgModule - did you intend to import it instead (by adding it to the &quot;imports&quot; array)?
Unexpected &quot;AdmiraltyInputError&quot; found in the &quot;declarations&quot; array of the &quot;DesignSystemModule&quot; NgModule, &quot;AdmiraltyInputError&quot; is marked as standalone and can&apos;t be declared in any NgModule - did you intend to import it instead (by adding it to the &quot;imports&quot; array)?
Unexpected &quot;AdmiraltyLabel&quot; found in the &quot;declarations&quot; array of the &quot;DesignSystemModule&quot; NgModule, &quot;AdmiraltyLabel&quot; is marked as standalone and can&apos;t be declared in any NgModule - did you intend to import it instead (by adding it to the &quot;imports&quot; array)?
Unexpected &quot;AdmiraltyLink&quot; found in the &quot;declarations&quot; array of the &quot;DesignSystemModule&quot; NgModule, &quot;AdmiraltyLink&quot; is marked as standalone and can&apos;t be declared in any NgModule - did you intend to import it instead (by adding it to the &quot;imports&quot; array)?
Unexpected &quot;AdmiraltyPaginator&quot; found in the &quot;declarations&quot; array of the &quot;DesignSystemModule&quot; NgModule, &quot;AdmiraltyPaginator&quot; is marked as standalone and can&apos;t be declared in any NgModule - did you intend to import it instead (by adding it to the &quot;imports&quot; array)?
Unexpected &quot;AdmiraltyPhaseBanner&quot; found in the &quot;declarations&quot; array of the &quot;DesignSystemModule&quot; NgModule, &quot;AdmiraltyPhaseBanner&quot; is marked as standalone and can&apos;t be declared in any NgModule - did you intend to import it instead (by adding it to the &quot;imports&quot; array)?
Unexpected &quot;AdmiraltyProgressBar&quot; found in the &quot;declarations&quot; array of the &quot;DesignSystemModule&quot; NgModule, &quot;AdmiraltyProgressBar&quot; is marked as standalone and can&apos;t be declared in any NgModule - did you intend to import it instead (by adding it to the &quot;imports&quot; array)?
Unexpected &quot;AdmiraltyRadio&quot; found in the &quot;declarations&quot; array of the &quot;DesignSystemModule&quot; NgModule, &quot;AdmiraltyRadio&quot; is marked as standalone and can&apos;t be declared in any NgModule - did you intend to import it instead (by adding it to the &quot;imports&quot; array)?
Unexpected &quot;AdmiraltyRadioGroup&quot; found in the &quot;declarations&quot; array of the &quot;DesignSystemModule&quot; NgModule, &quot;AdmiraltyRadioGroup&quot; is marked as standalone and can&apos;t be declared in any NgModule - did you intend to import it instead (by adding it to the &quot;imports&quot; array)?
Unexpected &quot;AdmiraltyReadMore&quot; found in the &quot;declarations&quot; array of the &quot;DesignSystemModule&quot; NgModule, &quot;AdmiraltyReadMore&quot; is marked as standalone and can&apos;t be declared in any NgModule - did you intend to import it instead (by adding it to the &quot;imports&quot; array)?
Unexpected &quot;AdmiraltySelect&quot; found in the &quot;declarations&quot; array of the &quot;DesignSystemModule&quot; NgModule, &quot;AdmiraltySelect&quot; is marked as standalone and can&apos;t be declared in any NgModule - did you intend to import it instead (by adding it to the &quot;imports&quot; array)?
Unexpected &quot;AdmiraltySideNav&quot; found in the &quot;declarations&quot; array of the &quot;DesignSystemModule&quot; NgModule, &quot;AdmiraltySideNav&quot; is marked as standalone and can&apos;t be declared in any NgModule - did you intend to import it instead (by adding it to the &quot;imports&quot; array)?
Unexpected &quot;AdmiraltySideNavItem&quot; found in the &quot;declarations&quot; array of the &quot;DesignSystemModule&quot; NgModule, &quot;AdmiraltySideNavItem&quot; is marked as standalone and can&apos;t be declared in any NgModule - did you intend to import it instead (by adding it to the &quot;imports&quot; array)?
Unexpected &quot;AdmiraltyTab&quot; found in the &quot;declarations&quot; array of the &quot;DesignSystemModule&quot; NgModule, &quot;AdmiraltyTab&quot; is marked as standalone and can&apos;t be declared in any NgModule - did you intend to import it instead (by adding it to the &quot;imports&quot; array)?
Unexpected &quot;AdmiraltyTabGroup&quot; found in the &quot;declarations&quot; array of the &quot;DesignSystemModule&quot; NgModule, &quot;AdmiraltyTabGroup&quot; is marked as standalone and can&apos;t be declared in any NgModule - did you intend to import it instead (by adding it to the &quot;imports&quot; array)?
Unexpected &quot;AdmiraltyTable&quot; found in the &quot;declarations&quot; array of the &quot;DesignSystemModule&quot; NgModule, &quot;AdmiraltyTable&quot; is marked as standalone and can&apos;t be declared in any NgModule - did you intend to import it instead (by adding it to the &quot;imports&quot; array)?
Unexpected &quot;AdmiraltyTableBody&quot; found in the &quot;declarations&quot; array of the &quot;DesignSystemModule&quot; NgModule, &quot;AdmiraltyTableBody&quot; is marked as standalone and can&apos;t be declared in any NgModule - did you intend to import it instead (by adding it to the &quot;imports&quot; array)?
Unexpected &quot;AdmiraltyTableCell&quot; found in the &quot;declarations&quot; array of the &quot;DesignSystemModule&quot; NgModule, &quot;AdmiraltyTableCell&quot; is marked as standalone and can&apos;t be declared in any NgModule - did you intend to import it instead (by adding it to the &quot;imports&quot; array)?
Unexpected &quot;AdmiraltyTableHeader&quot; found in the &quot;declarations&quot; array of the &quot;DesignSystemModule&quot; NgModule, &quot;AdmiraltyTableHeader&quot; is marked as standalone and can&apos;t be declared in any NgModule - did you intend to import it instead (by adding it to the &quot;imports&quot; array)?
Unexpected &quot;AdmiraltyTableHeaderCell&quot; found in the &quot;declarations&quot; array of the &quot;DesignSystemModule&quot; NgModule, &quot;AdmiraltyTableHeaderCell&quot; is marked as standalone and can&apos;t be declared in any NgModule - did you intend to import it instead (by adding it to the &quot;imports&quot; array)?
Unexpected &quot;AdmiraltyTableRow&quot; found in the &quot;declarations&quot; array of the &quot;DesignSystemModule&quot; NgModule, &quot;AdmiraltyTableRow&quot; is marked as standalone and can&apos;t be declared in any NgModule - did you intend to import it instead (by adding it to the &quot;imports&quot; array)?
Unexpected &quot;AdmiraltyTextarea&quot; found in the &quot;declarations&quot; array of the &quot;DesignSystemModule&quot; NgModule, &quot;AdmiraltyTextarea&quot; is marked as standalone and can&apos;t be declared in any NgModule - did you intend to import it instead (by adding it to the &quot;imports&quot; array)?
Unexpected &quot;AdmiraltyTypeAhead&quot; found in the &quot;declarations&quot; array of the &quot;DesignSystemModule&quot; NgModule, &quot;AdmiraltyTypeAhead&quot; is marked as standalone and can&apos;t be declared in any NgModule - did you intend to import it instead (by adding it to the &quot;imports&quot; array)?
Unexpected &quot;AdmiraltyTypeAheadItem&quot; found in the &quot;declarations&quot; array of the &quot;DesignSystemModule&quot; NgModule, &quot;AdmiraltyTypeAheadItem&quot; is marked as standalone and can&apos;t be declared in any NgModule - did you intend to import it instead (by adding it to the &quot;imports&quot; array)?
Unexpected &quot;TextValueAccessor&quot; found in the &quot;declarations&quot; array of the &quot;DesignSystemModule&quot; NgModule, &quot;TextValueAccessor&quot; is marked as standalone and can&apos;t be declared in any NgModule - did you intend to import it instead (by adding it to the &quot;imports&quot; array)?
Unexpected &quot;BooleanValueAccessor&quot; found in the &quot;declarations&quot; array of the &quot;DesignSystemModule&quot; NgModule, &quot;BooleanValueAccessor&quot; is marked as standalone and can&apos;t be declared in any NgModule - did you intend to import it instead (by adding it to the &quot;imports&quot; array)?
Unexpected &quot;NumericValueAccessor&quot; found in the &quot;declarations&quot; array of the &quot;DesignSystemModule&quot; NgModule, &quot;NumericValueAccessor&quot; is marked as standalone and can&apos;t be declared in any NgModule - did you intend to import it instead (by adding it to the &quot;imports&quot; array)?
Unexpected &quot;RadioValueAccessor&quot; found in the &quot;declarations&quot; array of the &quot;DesignSystemModule&quot; NgModule, &quot;RadioValueAccessor&quot; is marked as standalone and can&apos;t be declared in any NgModule - did you intend to import it instead (by adding it to the &quot;imports&quot; array)?
Unexpected &quot;SelectValueAccessor&quot; found in the &quot;declarations&quot; array of the &quot;DesignSystemModule&quot; NgModule, &quot;SelectValueAccessor&quot; is marked as standalone and can&apos;t be declared in any NgModule - did you intend to import it instead (by adding it to the &quot;imports&quot; array)?
    at verifySemanticsOfNgModuleDef (C:\Source\Repos\file-share-service-ui\node_modules\@angular\core\fesm2022\core.mjs:20592:11)
    at verifySemanticsOfNgModuleDef (C:\Source\Repos\file-share-service-ui\node_modules\@angular\core\fesm2022\core.mjs:20570:5)
    at Array.forEach (&lt;anonymous&gt;)
    at forEach (C:\Source\Repos\file-share-service-ui\node_modules\@angular\core\fesm2022\core.mjs:20568:58)
    at Function.verifySemanticsOfNgModuleDef (C:\Source\Repos\file-share-service-ui\node_modules\@angular\core\fesm2022\core.mjs:20521:22)
    at TestBedCompiler.applyProviderOverridesInScope (C:\Source\Repos\file-share-service-ui\node_modules\@angular\core\fesm2022\testing.mjs:1020:29)
    at TestBedCompiler.applyProviderOverridesInScope [as compileTestModule] (C:\Source\Repos\file-share-service-ui\node_modules\@angular\core\fesm2022\testing.mjs:1286:10)
    at TestBedCompiler.compileTestModule [as finalize] (C:\Source\Repos\file-share-service-ui\node_modules\@angular\core\fesm2022\testing.mjs:873:10)
    at _TestBedImpl.finalize [as testModuleRef] (C:\Source\Repos\file-share-service-ui\node_modules\@angular\core\fesm2022\testing.mjs:1797:43)
    at _TestBedImpl.testModuleRef [as inject] (C:\Source\Repos\file-share-service-ui\node_modules\@angular\core\fesm2022\testing.mjs:1709:25)
    at Function.inject (C:\Source\Repos\file-share-service-ui\node_modules\@angular\core\fesm2022\testing.mjs:1580:34)
    at C:\Source\Repos\file-share-service-ui\Tests\UnitTests\ess-download-exchangeset.component.spec.ts:94:35
    at _ZoneDelegate.invoke (C:\Source\Repos\file-share-service-ui\node_modules\zone.js\bundles\zone.umd.js:395:160)
    at ProxyZoneSpec.onInvoke (C:\Source\Repos\file-share-service-ui\node_modules\zone.js\bundles\zone-testing.umd.js:2158:35)
    at _ZoneDelegate.invoke (C:\Source\Repos\file-share-service-ui\node_modules\zone.js\bundles\zone.umd.js:395:48)
    at ZoneImpl.run (C:\Source\Repos\file-share-service-ui\node_modules\zone.js\bundles\zone.umd.js:145:37)
    at Object.wrappedFunc (C:\Source\Repos\file-share-service-ui\node_modules\zone.js\bundles\zone-testing.umd.js:430:28)
    at Promise.then.completed (C:\Source\Repos\file-share-service-ui\node_modules\jest-circus\build\utils.js:298:28)
    at new Promise (&lt;anonymous&gt;)
    at callAsyncCircusFn (C:\Source\Repos\file-share-service-ui\node_modules\jest-circus\build\utils.js:231:10)
    at _callCircusHook (C:\Source\Repos\file-share-service-ui\node_modules\jest-circus\build\run.js:281:40)
    at processTicksAndRejections (node:internal/process/task_queues:95:5)
    at _runTest (C:\Source\Repos\file-share-service-ui\node_modules\jest-circus\build\run.js:246:5)
    at _runTestsForDescribeBlock (C:\Source\Repos\file-share-service-ui\node_modules\jest-circus\build\run.js:126:9)
    at _runTestsForDescribeBlock (C:\Source\Repos\file-share-service-ui\node_modules\jest-circus\build\run.js:121:9)
    at run (C:\Source\Repos\file-share-service-ui\node_modules\jest-circus\build\run.js:71:3)
    at runAndTransformResultsToJestFormat (C:\Source\Repos\file-share-service-ui\node_modules\jest-circus\build\legacy-code-todo-rewrite\jestAdapterInit.js:122:21)</failure>
    </testcase>
    <testcase classname="EssDownloadExchangesetComponent should render text inside an h2 tag" name="EssDownloadExchangesetComponent should render text inside an h2 tag" time="0.004">
      <failure>Error: Unexpected &quot;AdmiraltyBreadcrumb&quot; found in the &quot;declarations&quot; array of the &quot;DesignSystemModule&quot; NgModule, &quot;AdmiraltyBreadcrumb&quot; is marked as standalone and can&apos;t be declared in any NgModule - did you intend to import it instead (by adding it to the &quot;imports&quot; array)?
Unexpected &quot;AdmiraltyBreadcrumbs&quot; found in the &quot;declarations&quot; array of the &quot;DesignSystemModule&quot; NgModule, &quot;AdmiraltyBreadcrumbs&quot; is marked as standalone and can&apos;t be declared in any NgModule - did you intend to import it instead (by adding it to the &quot;imports&quot; array)?
Unexpected &quot;AdmiraltyButton&quot; found in the &quot;declarations&quot; array of the &quot;DesignSystemModule&quot; NgModule, &quot;AdmiraltyButton&quot; is marked as standalone and can&apos;t be declared in any NgModule - did you intend to import it instead (by adding it to the &quot;imports&quot; array)?
Unexpected &quot;AdmiraltyCard&quot; found in the &quot;declarations&quot; array of the &quot;DesignSystemModule&quot; NgModule, &quot;AdmiraltyCard&quot; is marked as standalone and can&apos;t be declared in any NgModule - did you intend to import it instead (by adding it to the &quot;imports&quot; array)?
Unexpected &quot;AdmiraltyCheckbox&quot; found in the &quot;declarations&quot; array of the &quot;DesignSystemModule&quot; NgModule, &quot;AdmiraltyCheckbox&quot; is marked as standalone and can&apos;t be declared in any NgModule - did you intend to import it instead (by adding it to the &quot;imports&quot; array)?
Unexpected &quot;AdmiraltyColourBlock&quot; found in the &quot;declarations&quot; array of the &quot;DesignSystemModule&quot; NgModule, &quot;AdmiraltyColourBlock&quot; is marked as standalone and can&apos;t be declared in any NgModule - did you intend to import it instead (by adding it to the &quot;imports&quot; array)?
Unexpected &quot;AdmiraltyDialogue&quot; found in the &quot;declarations&quot; array of the &quot;DesignSystemModule&quot; NgModule, &quot;AdmiraltyDialogue&quot; is marked as standalone and can&apos;t be declared in any NgModule - did you intend to import it instead (by adding it to the &quot;imports&quot; array)?
Unexpected &quot;AdmiraltyExpansion&quot; found in the &quot;declarations&quot; array of the &quot;DesignSystemModule&quot; NgModule, &quot;AdmiraltyExpansion&quot; is marked as standalone and can&apos;t be declared in any NgModule - did you intend to import it instead (by adding it to the &quot;imports&quot; array)?
Unexpected &quot;AdmiraltyFileInput&quot; found in the &quot;declarations&quot; array of the &quot;DesignSystemModule&quot; NgModule, &quot;AdmiraltyFileInput&quot; is marked as standalone and can&apos;t be declared in any NgModule - did you intend to import it instead (by adding it to the &quot;imports&quot; array)?
Unexpected &quot;AdmiraltyFilter&quot; found in the &quot;declarations&quot; array of the &quot;DesignSystemModule&quot; NgModule, &quot;AdmiraltyFilter&quot; is marked as standalone and can&apos;t be declared in any NgModule - did you intend to import it instead (by adding it to the &quot;imports&quot; array)?
Unexpected &quot;AdmiraltyFilterGroup&quot; found in the &quot;declarations&quot; array of the &quot;DesignSystemModule&quot; NgModule, &quot;AdmiraltyFilterGroup&quot; is marked as standalone and can&apos;t be declared in any NgModule - did you intend to import it instead (by adding it to the &quot;imports&quot; array)?
Unexpected &quot;AdmiraltyFooter&quot; found in the &quot;declarations&quot; array of the &quot;DesignSystemModule&quot; NgModule, &quot;AdmiraltyFooter&quot; is marked as standalone and can&apos;t be declared in any NgModule - did you intend to import it instead (by adding it to the &quot;imports&quot; array)?
Unexpected &quot;AdmiraltyHeader&quot; found in the &quot;declarations&quot; array of the &quot;DesignSystemModule&quot; NgModule, &quot;AdmiraltyHeader&quot; is marked as standalone and can&apos;t be declared in any NgModule - did you intend to import it instead (by adding it to the &quot;imports&quot; array)?
Unexpected &quot;AdmiraltyHeaderMenuItem&quot; found in the &quot;declarations&quot; array of the &quot;DesignSystemModule&quot; NgModule, &quot;AdmiraltyHeaderMenuItem&quot; is marked as standalone and can&apos;t be declared in any NgModule - did you intend to import it instead (by adding it to the &quot;imports&quot; array)?
Unexpected &quot;AdmiraltyHeaderProfile&quot; found in the &quot;declarations&quot; array of the &quot;DesignSystemModule&quot; NgModule, &quot;AdmiraltyHeaderProfile&quot; is marked as standalone and can&apos;t be declared in any NgModule - did you intend to import it instead (by adding it to the &quot;imports&quot; array)?
Unexpected &quot;AdmiraltyHeaderSubMenuItem&quot; found in the &quot;declarations&quot; array of the &quot;DesignSystemModule&quot; NgModule, &quot;AdmiraltyHeaderSubMenuItem&quot; is marked as standalone and can&apos;t be declared in any NgModule - did you intend to import it instead (by adding it to the &quot;imports&quot; array)?
Unexpected &quot;AdmiraltyHint&quot; found in the &quot;declarations&quot; array of the &quot;DesignSystemModule&quot; NgModule, &quot;AdmiraltyHint&quot; is marked as standalone and can&apos;t be declared in any NgModule - did you intend to import it instead (by adding it to the &quot;imports&quot; array)?
Unexpected &quot;AdmiraltyHr&quot; found in the &quot;declarations&quot; array of the &quot;DesignSystemModule&quot; NgModule, &quot;AdmiraltyHr&quot; is marked as standalone and can&apos;t be declared in any NgModule - did you intend to import it instead (by adding it to the &quot;imports&quot; array)?
Unexpected &quot;AdmiraltyIcon&quot; found in the &quot;declarations&quot; array of the &quot;DesignSystemModule&quot; NgModule, &quot;AdmiraltyIcon&quot; is marked as standalone and can&apos;t be declared in any NgModule - did you intend to import it instead (by adding it to the &quot;imports&quot; array)?
Unexpected &quot;AdmiraltyInput&quot; found in the &quot;declarations&quot; array of the &quot;DesignSystemModule&quot; NgModule, &quot;AdmiraltyInput&quot; is marked as standalone and can&apos;t be declared in any NgModule - did you intend to import it instead (by adding it to the &quot;imports&quot; array)?
Unexpected &quot;AdmiraltyInputError&quot; found in the &quot;declarations&quot; array of the &quot;DesignSystemModule&quot; NgModule, &quot;AdmiraltyInputError&quot; is marked as standalone and can&apos;t be declared in any NgModule - did you intend to import it instead (by adding it to the &quot;imports&quot; array)?
Unexpected &quot;AdmiraltyLabel&quot; found in the &quot;declarations&quot; array of the &quot;DesignSystemModule&quot; NgModule, &quot;AdmiraltyLabel&quot; is marked as standalone and can&apos;t be declared in any NgModule - did you intend to import it instead (by adding it to the &quot;imports&quot; array)?
Unexpected &quot;AdmiraltyLink&quot; found in the &quot;declarations&quot; array of the &quot;DesignSystemModule&quot; NgModule, &quot;AdmiraltyLink&quot; is marked as standalone and can&apos;t be declared in any NgModule - did you intend to import it instead (by adding it to the &quot;imports&quot; array)?
Unexpected &quot;AdmiraltyPaginator&quot; found in the &quot;declarations&quot; array of the &quot;DesignSystemModule&quot; NgModule, &quot;AdmiraltyPaginator&quot; is marked as standalone and can&apos;t be declared in any NgModule - did you intend to import it instead (by adding it to the &quot;imports&quot; array)?
Unexpected &quot;AdmiraltyPhaseBanner&quot; found in the &quot;declarations&quot; array of the &quot;DesignSystemModule&quot; NgModule, &quot;AdmiraltyPhaseBanner&quot; is marked as standalone and can&apos;t be declared in any NgModule - did you intend to import it instead (by adding it to the &quot;imports&quot; array)?
Unexpected &quot;AdmiraltyProgressBar&quot; found in the &quot;declarations&quot; array of the &quot;DesignSystemModule&quot; NgModule, &quot;AdmiraltyProgressBar&quot; is marked as standalone and can&apos;t be declared in any NgModule - did you intend to import it instead (by adding it to the &quot;imports&quot; array)?
Unexpected &quot;AdmiraltyRadio&quot; found in the &quot;declarations&quot; array of the &quot;DesignSystemModule&quot; NgModule, &quot;AdmiraltyRadio&quot; is marked as standalone and can&apos;t be declared in any NgModule - did you intend to import it instead (by adding it to the &quot;imports&quot; array)?
Unexpected &quot;AdmiraltyRadioGroup&quot; found in the &quot;declarations&quot; array of the &quot;DesignSystemModule&quot; NgModule, &quot;AdmiraltyRadioGroup&quot; is marked as standalone and can&apos;t be declared in any NgModule - did you intend to import it instead (by adding it to the &quot;imports&quot; array)?
Unexpected &quot;AdmiraltyReadMore&quot; found in the &quot;declarations&quot; array of the &quot;DesignSystemModule&quot; NgModule, &quot;AdmiraltyReadMore&quot; is marked as standalone and can&apos;t be declared in any NgModule - did you intend to import it instead (by adding it to the &quot;imports&quot; array)?
Unexpected &quot;AdmiraltySelect&quot; found in the &quot;declarations&quot; array of the &quot;DesignSystemModule&quot; NgModule, &quot;AdmiraltySelect&quot; is marked as standalone and can&apos;t be declared in any NgModule - did you intend to import it instead (by adding it to the &quot;imports&quot; array)?
Unexpected &quot;AdmiraltySideNav&quot; found in the &quot;declarations&quot; array of the &quot;DesignSystemModule&quot; NgModule, &quot;AdmiraltySideNav&quot; is marked as standalone and can&apos;t be declared in any NgModule - did you intend to import it instead (by adding it to the &quot;imports&quot; array)?
Unexpected &quot;AdmiraltySideNavItem&quot; found in the &quot;declarations&quot; array of the &quot;DesignSystemModule&quot; NgModule, &quot;AdmiraltySideNavItem&quot; is marked as standalone and can&apos;t be declared in any NgModule - did you intend to import it instead (by adding it to the &quot;imports&quot; array)?
Unexpected &quot;AdmiraltyTab&quot; found in the &quot;declarations&quot; array of the &quot;DesignSystemModule&quot; NgModule, &quot;AdmiraltyTab&quot; is marked as standalone and can&apos;t be declared in any NgModule - did you intend to import it instead (by adding it to the &quot;imports&quot; array)?
Unexpected &quot;AdmiraltyTabGroup&quot; found in the &quot;declarations&quot; array of the &quot;DesignSystemModule&quot; NgModule, &quot;AdmiraltyTabGroup&quot; is marked as standalone and can&apos;t be declared in any NgModule - did you intend to import it instead (by adding it to the &quot;imports&quot; array)?
Unexpected &quot;AdmiraltyTable&quot; found in the &quot;declarations&quot; array of the &quot;DesignSystemModule&quot; NgModule, &quot;AdmiraltyTable&quot; is marked as standalone and can&apos;t be declared in any NgModule - did you intend to import it instead (by adding it to the &quot;imports&quot; array)?
Unexpected &quot;AdmiraltyTableBody&quot; found in the &quot;declarations&quot; array of the &quot;DesignSystemModule&quot; NgModule, &quot;AdmiraltyTableBody&quot; is marked as standalone and can&apos;t be declared in any NgModule - did you intend to import it instead (by adding it to the &quot;imports&quot; array)?
Unexpected &quot;AdmiraltyTableCell&quot; found in the &quot;declarations&quot; array of the &quot;DesignSystemModule&quot; NgModule, &quot;AdmiraltyTableCell&quot; is marked as standalone and can&apos;t be declared in any NgModule - did you intend to import it instead (by adding it to the &quot;imports&quot; array)?
Unexpected &quot;AdmiraltyTableHeader&quot; found in the &quot;declarations&quot; array of the &quot;DesignSystemModule&quot; NgModule, &quot;AdmiraltyTableHeader&quot; is marked as standalone and can&apos;t be declared in any NgModule - did you intend to import it instead (by adding it to the &quot;imports&quot; array)?
Unexpected &quot;AdmiraltyTableHeaderCell&quot; found in the &quot;declarations&quot; array of the &quot;DesignSystemModule&quot; NgModule, &quot;AdmiraltyTableHeaderCell&quot; is marked as standalone and can&apos;t be declared in any NgModule - did you intend to import it instead (by adding it to the &quot;imports&quot; array)?
Unexpected &quot;AdmiraltyTableRow&quot; found in the &quot;declarations&quot; array of the &quot;DesignSystemModule&quot; NgModule, &quot;AdmiraltyTableRow&quot; is marked as standalone and can&apos;t be declared in any NgModule - did you intend to import it instead (by adding it to the &quot;imports&quot; array)?
Unexpected &quot;AdmiraltyTextarea&quot; found in the &quot;declarations&quot; array of the &quot;DesignSystemModule&quot; NgModule, &quot;AdmiraltyTextarea&quot; is marked as standalone and can&apos;t be declared in any NgModule - did you intend to import it instead (by adding it to the &quot;imports&quot; array)?
Unexpected &quot;AdmiraltyTypeAhead&quot; found in the &quot;declarations&quot; array of the &quot;DesignSystemModule&quot; NgModule, &quot;AdmiraltyTypeAhead&quot; is marked as standalone and can&apos;t be declared in any NgModule - did you intend to import it instead (by adding it to the &quot;imports&quot; array)?
Unexpected &quot;AdmiraltyTypeAheadItem&quot; found in the &quot;declarations&quot; array of the &quot;DesignSystemModule&quot; NgModule, &quot;AdmiraltyTypeAheadItem&quot; is marked as standalone and can&apos;t be declared in any NgModule - did you intend to import it instead (by adding it to the &quot;imports&quot; array)?
Unexpected &quot;TextValueAccessor&quot; found in the &quot;declarations&quot; array of the &quot;DesignSystemModule&quot; NgModule, &quot;TextValueAccessor&quot; is marked as standalone and can&apos;t be declared in any NgModule - did you intend to import it instead (by adding it to the &quot;imports&quot; array)?
Unexpected &quot;BooleanValueAccessor&quot; found in the &quot;declarations&quot; array of the &quot;DesignSystemModule&quot; NgModule, &quot;BooleanValueAccessor&quot; is marked as standalone and can&apos;t be declared in any NgModule - did you intend to import it instead (by adding it to the &quot;imports&quot; array)?
Unexpected &quot;NumericValueAccessor&quot; found in the &quot;declarations&quot; array of the &quot;DesignSystemModule&quot; NgModule, &quot;NumericValueAccessor&quot; is marked as standalone and can&apos;t be declared in any NgModule - did you intend to import it instead (by adding it to the &quot;imports&quot; array)?
Unexpected &quot;RadioValueAccessor&quot; found in the &quot;declarations&quot; array of the &quot;DesignSystemModule&quot; NgModule, &quot;RadioValueAccessor&quot; is marked as standalone and can&apos;t be declared in any NgModule - did you intend to import it instead (by adding it to the &quot;imports&quot; array)?
Unexpected &quot;SelectValueAccessor&quot; found in the &quot;declarations&quot; array of the &quot;DesignSystemModule&quot; NgModule, &quot;SelectValueAccessor&quot; is marked as standalone and can&apos;t be declared in any NgModule - did you intend to import it instead (by adding it to the &quot;imports&quot; array)?
    at verifySemanticsOfNgModuleDef (C:\Source\Repos\file-share-service-ui\node_modules\@angular\core\fesm2022\core.mjs:20592:11)
    at verifySemanticsOfNgModuleDef (C:\Source\Repos\file-share-service-ui\node_modules\@angular\core\fesm2022\core.mjs:20570:5)
    at Array.forEach (&lt;anonymous&gt;)
    at forEach (C:\Source\Repos\file-share-service-ui\node_modules\@angular\core\fesm2022\core.mjs:20568:58)
    at Function.verifySemanticsOfNgModuleDef (C:\Source\Repos\file-share-service-ui\node_modules\@angular\core\fesm2022\core.mjs:20521:22)
    at TestBedCompiler.applyProviderOverridesInScope (C:\Source\Repos\file-share-service-ui\node_modules\@angular\core\fesm2022\testing.mjs:1020:29)
    at TestBedCompiler.applyProviderOverridesInScope [as compileTestModule] (C:\Source\Repos\file-share-service-ui\node_modules\@angular\core\fesm2022\testing.mjs:1286:10)
    at TestBedCompiler.compileTestModule [as finalize] (C:\Source\Repos\file-share-service-ui\node_modules\@angular\core\fesm2022\testing.mjs:873:10)
    at _TestBedImpl.finalize [as testModuleRef] (C:\Source\Repos\file-share-service-ui\node_modules\@angular\core\fesm2022\testing.mjs:1797:43)
    at _TestBedImpl.testModuleRef [as inject] (C:\Source\Repos\file-share-service-ui\node_modules\@angular\core\fesm2022\testing.mjs:1709:25)
    at Function.inject (C:\Source\Repos\file-share-service-ui\node_modules\@angular\core\fesm2022\testing.mjs:1580:34)
    at C:\Source\Repos\file-share-service-ui\Tests\UnitTests\ess-download-exchangeset.component.spec.ts:94:35
    at _ZoneDelegate.invoke (C:\Source\Repos\file-share-service-ui\node_modules\zone.js\bundles\zone.umd.js:395:160)
    at ProxyZoneSpec.onInvoke (C:\Source\Repos\file-share-service-ui\node_modules\zone.js\bundles\zone-testing.umd.js:2158:35)
    at _ZoneDelegate.invoke (C:\Source\Repos\file-share-service-ui\node_modules\zone.js\bundles\zone.umd.js:395:48)
    at ZoneImpl.run (C:\Source\Repos\file-share-service-ui\node_modules\zone.js\bundles\zone.umd.js:145:37)
    at Object.wrappedFunc (C:\Source\Repos\file-share-service-ui\node_modules\zone.js\bundles\zone-testing.umd.js:430:28)
    at Promise.then.completed (C:\Source\Repos\file-share-service-ui\node_modules\jest-circus\build\utils.js:298:28)
    at new Promise (&lt;anonymous&gt;)
    at callAsyncCircusFn (C:\Source\Repos\file-share-service-ui\node_modules\jest-circus\build\utils.js:231:10)
    at _callCircusHook (C:\Source\Repos\file-share-service-ui\node_modules\jest-circus\build\run.js:281:40)
    at processTicksAndRejections (node:internal/process/task_queues:95:5)
    at _runTest (C:\Source\Repos\file-share-service-ui\node_modules\jest-circus\build\run.js:246:5)
    at _runTestsForDescribeBlock (C:\Source\Repos\file-share-service-ui\node_modules\jest-circus\build\run.js:126:9)
    at _runTestsForDescribeBlock (C:\Source\Repos\file-share-service-ui\node_modules\jest-circus\build\run.js:121:9)
    at run (C:\Source\Repos\file-share-service-ui\node_modules\jest-circus\build\run.js:71:3)
    at runAndTransformResultsToJestFormat (C:\Source\Repos\file-share-service-ui\node_modules\jest-circus\build\legacy-code-todo-rewrite\jestAdapterInit.js:122:21)</failure>
    </testcase>
    <testcase classname="EssDownloadExchangesetComponent should render text inside an p tag" name="EssDownloadExchangesetComponent should render text inside an p tag" time="0.005">
      <failure>Error: Unexpected &quot;AdmiraltyBreadcrumb&quot; found in the &quot;declarations&quot; array of the &quot;DesignSystemModule&quot; NgModule, &quot;AdmiraltyBreadcrumb&quot; is marked as standalone and can&apos;t be declared in any NgModule - did you intend to import it instead (by adding it to the &quot;imports&quot; array)?
Unexpected &quot;AdmiraltyBreadcrumbs&quot; found in the &quot;declarations&quot; array of the &quot;DesignSystemModule&quot; NgModule, &quot;AdmiraltyBreadcrumbs&quot; is marked as standalone and can&apos;t be declared in any NgModule - did you intend to import it instead (by adding it to the &quot;imports&quot; array)?
Unexpected &quot;AdmiraltyButton&quot; found in the &quot;declarations&quot; array of the &quot;DesignSystemModule&quot; NgModule, &quot;AdmiraltyButton&quot; is marked as standalone and can&apos;t be declared in any NgModule - did you intend to import it instead (by adding it to the &quot;imports&quot; array)?
Unexpected &quot;AdmiraltyCard&quot; found in the &quot;declarations&quot; array of the &quot;DesignSystemModule&quot; NgModule, &quot;AdmiraltyCard&quot; is marked as standalone and can&apos;t be declared in any NgModule - did you intend to import it instead (by adding it to the &quot;imports&quot; array)?
Unexpected &quot;AdmiraltyCheckbox&quot; found in the &quot;declarations&quot; array of the &quot;DesignSystemModule&quot; NgModule, &quot;AdmiraltyCheckbox&quot; is marked as standalone and can&apos;t be declared in any NgModule - did you intend to import it instead (by adding it to the &quot;imports&quot; array)?
Unexpected &quot;AdmiraltyColourBlock&quot; found in the &quot;declarations&quot; array of the &quot;DesignSystemModule&quot; NgModule, &quot;AdmiraltyColourBlock&quot; is marked as standalone and can&apos;t be declared in any NgModule - did you intend to import it instead (by adding it to the &quot;imports&quot; array)?
Unexpected &quot;AdmiraltyDialogue&quot; found in the &quot;declarations&quot; array of the &quot;DesignSystemModule&quot; NgModule, &quot;AdmiraltyDialogue&quot; is marked as standalone and can&apos;t be declared in any NgModule - did you intend to import it instead (by adding it to the &quot;imports&quot; array)?
Unexpected &quot;AdmiraltyExpansion&quot; found in the &quot;declarations&quot; array of the &quot;DesignSystemModule&quot; NgModule, &quot;AdmiraltyExpansion&quot; is marked as standalone and can&apos;t be declared in any NgModule - did you intend to import it instead (by adding it to the &quot;imports&quot; array)?
Unexpected &quot;AdmiraltyFileInput&quot; found in the &quot;declarations&quot; array of the &quot;DesignSystemModule&quot; NgModule, &quot;AdmiraltyFileInput&quot; is marked as standalone and can&apos;t be declared in any NgModule - did you intend to import it instead (by adding it to the &quot;imports&quot; array)?
Unexpected &quot;AdmiraltyFilter&quot; found in the &quot;declarations&quot; array of the &quot;DesignSystemModule&quot; NgModule, &quot;AdmiraltyFilter&quot; is marked as standalone and can&apos;t be declared in any NgModule - did you intend to import it instead (by adding it to the &quot;imports&quot; array)?
Unexpected &quot;AdmiraltyFilterGroup&quot; found in the &quot;declarations&quot; array of the &quot;DesignSystemModule&quot; NgModule, &quot;AdmiraltyFilterGroup&quot; is marked as standalone and can&apos;t be declared in any NgModule - did you intend to import it instead (by adding it to the &quot;imports&quot; array)?
Unexpected &quot;AdmiraltyFooter&quot; found in the &quot;declarations&quot; array of the &quot;DesignSystemModule&quot; NgModule, &quot;AdmiraltyFooter&quot; is marked as standalone and can&apos;t be declared in any NgModule - did you intend to import it instead (by adding it to the &quot;imports&quot; array)?
Unexpected &quot;AdmiraltyHeader&quot; found in the &quot;declarations&quot; array of the &quot;DesignSystemModule&quot; NgModule, &quot;AdmiraltyHeader&quot; is marked as standalone and can&apos;t be declared in any NgModule - did you intend to import it instead (by adding it to the &quot;imports&quot; array)?
Unexpected &quot;AdmiraltyHeaderMenuItem&quot; found in the &quot;declarations&quot; array of the &quot;DesignSystemModule&quot; NgModule, &quot;AdmiraltyHeaderMenuItem&quot; is marked as standalone and can&apos;t be declared in any NgModule - did you intend to import it instead (by adding it to the &quot;imports&quot; array)?
Unexpected &quot;AdmiraltyHeaderProfile&quot; found in the &quot;declarations&quot; array of the &quot;DesignSystemModule&quot; NgModule, &quot;AdmiraltyHeaderProfile&quot; is marked as standalone and can&apos;t be declared in any NgModule - did you intend to import it instead (by adding it to the &quot;imports&quot; array)?
Unexpected &quot;AdmiraltyHeaderSubMenuItem&quot; found in the &quot;declarations&quot; array of the &quot;DesignSystemModule&quot; NgModule, &quot;AdmiraltyHeaderSubMenuItem&quot; is marked as standalone and can&apos;t be declared in any NgModule - did you intend to import it instead (by adding it to the &quot;imports&quot; array)?
Unexpected &quot;AdmiraltyHint&quot; found in the &quot;declarations&quot; array of the &quot;DesignSystemModule&quot; NgModule, &quot;AdmiraltyHint&quot; is marked as standalone and can&apos;t be declared in any NgModule - did you intend to import it instead (by adding it to the &quot;imports&quot; array)?
Unexpected &quot;AdmiraltyHr&quot; found in the &quot;declarations&quot; array of the &quot;DesignSystemModule&quot; NgModule, &quot;AdmiraltyHr&quot; is marked as standalone and can&apos;t be declared in any NgModule - did you intend to import it instead (by adding it to the &quot;imports&quot; array)?
Unexpected &quot;AdmiraltyIcon&quot; found in the &quot;declarations&quot; array of the &quot;DesignSystemModule&quot; NgModule, &quot;AdmiraltyIcon&quot; is marked as standalone and can&apos;t be declared in any NgModule - did you intend to import it instead (by adding it to the &quot;imports&quot; array)?
Unexpected &quot;AdmiraltyInput&quot; found in the &quot;declarations&quot; array of the &quot;DesignSystemModule&quot; NgModule, &quot;AdmiraltyInput&quot; is marked as standalone and can&apos;t be declared in any NgModule - did you intend to import it instead (by adding it to the &quot;imports&quot; array)?
Unexpected &quot;AdmiraltyInputError&quot; found in the &quot;declarations&quot; array of the &quot;DesignSystemModule&quot; NgModule, &quot;AdmiraltyInputError&quot; is marked as standalone and can&apos;t be declared in any NgModule - did you intend to import it instead (by adding it to the &quot;imports&quot; array)?
Unexpected &quot;AdmiraltyLabel&quot; found in the &quot;declarations&quot; array of the &quot;DesignSystemModule&quot; NgModule, &quot;AdmiraltyLabel&quot; is marked as standalone and can&apos;t be declared in any NgModule - did you intend to import it instead (by adding it to the &quot;imports&quot; array)?
Unexpected &quot;AdmiraltyLink&quot; found in the &quot;declarations&quot; array of the &quot;DesignSystemModule&quot; NgModule, &quot;AdmiraltyLink&quot; is marked as standalone and can&apos;t be declared in any NgModule - did you intend to import it instead (by adding it to the &quot;imports&quot; array)?
Unexpected &quot;AdmiraltyPaginator&quot; found in the &quot;declarations&quot; array of the &quot;DesignSystemModule&quot; NgModule, &quot;AdmiraltyPaginator&quot; is marked as standalone and can&apos;t be declared in any NgModule - did you intend to import it instead (by adding it to the &quot;imports&quot; array)?
Unexpected &quot;AdmiraltyPhaseBanner&quot; found in the &quot;declarations&quot; array of the &quot;DesignSystemModule&quot; NgModule, &quot;AdmiraltyPhaseBanner&quot; is marked as standalone and can&apos;t be declared in any NgModule - did you intend to import it instead (by adding it to the &quot;imports&quot; array)?
Unexpected &quot;AdmiraltyProgressBar&quot; found in the &quot;declarations&quot; array of the &quot;DesignSystemModule&quot; NgModule, &quot;AdmiraltyProgressBar&quot; is marked as standalone and can&apos;t be declared in any NgModule - did you intend to import it instead (by adding it to the &quot;imports&quot; array)?
Unexpected &quot;AdmiraltyRadio&quot; found in the &quot;declarations&quot; array of the &quot;DesignSystemModule&quot; NgModule, &quot;AdmiraltyRadio&quot; is marked as standalone and can&apos;t be declared in any NgModule - did you intend to import it instead (by adding it to the &quot;imports&quot; array)?
Unexpected &quot;AdmiraltyRadioGroup&quot; found in the &quot;declarations&quot; array of the &quot;DesignSystemModule&quot; NgModule, &quot;AdmiraltyRadioGroup&quot; is marked as standalone and can&apos;t be declared in any NgModule - did you intend to import it instead (by adding it to the &quot;imports&quot; array)?
Unexpected &quot;AdmiraltyReadMore&quot; found in the &quot;declarations&quot; array of the &quot;DesignSystemModule&quot; NgModule, &quot;AdmiraltyReadMore&quot; is marked as standalone and can&apos;t be declared in any NgModule - did you intend to import it instead (by adding it to the &quot;imports&quot; array)?
Unexpected &quot;AdmiraltySelect&quot; found in the &quot;declarations&quot; array of the &quot;DesignSystemModule&quot; NgModule, &quot;AdmiraltySelect&quot; is marked as standalone and can&apos;t be declared in any NgModule - did you intend to import it instead (by adding it to the &quot;imports&quot; array)?
Unexpected &quot;AdmiraltySideNav&quot; found in the &quot;declarations&quot; array of the &quot;DesignSystemModule&quot; NgModule, &quot;AdmiraltySideNav&quot; is marked as standalone and can&apos;t be declared in any NgModule - did you intend to import it instead (by adding it to the &quot;imports&quot; array)?
Unexpected &quot;AdmiraltySideNavItem&quot; found in the &quot;declarations&quot; array of the &quot;DesignSystemModule&quot; NgModule, &quot;AdmiraltySideNavItem&quot; is marked as standalone and can&apos;t be declared in any NgModule - did you intend to import it instead (by adding it to the &quot;imports&quot; array)?
Unexpected &quot;AdmiraltyTab&quot; found in the &quot;declarations&quot; array of the &quot;DesignSystemModule&quot; NgModule, &quot;AdmiraltyTab&quot; is marked as standalone and can&apos;t be declared in any NgModule - did you intend to import it instead (by adding it to the &quot;imports&quot; array)?
Unexpected &quot;AdmiraltyTabGroup&quot; found in the &quot;declarations&quot; array of the &quot;DesignSystemModule&quot; NgModule, &quot;AdmiraltyTabGroup&quot; is marked as standalone and can&apos;t be declared in any NgModule - did you intend to import it instead (by adding it to the &quot;imports&quot; array)?
Unexpected &quot;AdmiraltyTable&quot; found in the &quot;declarations&quot; array of the &quot;DesignSystemModule&quot; NgModule, &quot;AdmiraltyTable&quot; is marked as standalone and can&apos;t be declared in any NgModule - did you intend to import it instead (by adding it to the &quot;imports&quot; array)?
Unexpected &quot;AdmiraltyTableBody&quot; found in the &quot;declarations&quot; array of the &quot;DesignSystemModule&quot; NgModule, &quot;AdmiraltyTableBody&quot; is marked as standalone and can&apos;t be declared in any NgModule - did you intend to import it instead (by adding it to the &quot;imports&quot; array)?
Unexpected &quot;AdmiraltyTableCell&quot; found in the &quot;declarations&quot; array of the &quot;DesignSystemModule&quot; NgModule, &quot;AdmiraltyTableCell&quot; is marked as standalone and can&apos;t be declared in any NgModule - did you intend to import it instead (by adding it to the &quot;imports&quot; array)?
Unexpected &quot;AdmiraltyTableHeader&quot; found in the &quot;declarations&quot; array of the &quot;DesignSystemModule&quot; NgModule, &quot;AdmiraltyTableHeader&quot; is marked as standalone and can&apos;t be declared in any NgModule - did you intend to import it instead (by adding it to the &quot;imports&quot; array)?
Unexpected &quot;AdmiraltyTableHeaderCell&quot; found in the &quot;declarations&quot; array of the &quot;DesignSystemModule&quot; NgModule, &quot;AdmiraltyTableHeaderCell&quot; is marked as standalone and can&apos;t be declared in any NgModule - did you intend to import it instead (by adding it to the &quot;imports&quot; array)?
Unexpected &quot;AdmiraltyTableRow&quot; found in the &quot;declarations&quot; array of the &quot;DesignSystemModule&quot; NgModule, &quot;AdmiraltyTableRow&quot; is marked as standalone and can&apos;t be declared in any NgModule - did you intend to import it instead (by adding it to the &quot;imports&quot; array)?
Unexpected &quot;AdmiraltyTextarea&quot; found in the &quot;declarations&quot; array of the &quot;DesignSystemModule&quot; NgModule, &quot;AdmiraltyTextarea&quot; is marked as standalone and can&apos;t be declared in any NgModule - did you intend to import it instead (by adding it to the &quot;imports&quot; array)?
Unexpected &quot;AdmiraltyTypeAhead&quot; found in the &quot;declarations&quot; array of the &quot;DesignSystemModule&quot; NgModule, &quot;AdmiraltyTypeAhead&quot; is marked as standalone and can&apos;t be declared in any NgModule - did you intend to import it instead (by adding it to the &quot;imports&quot; array)?
Unexpected &quot;AdmiraltyTypeAheadItem&quot; found in the &quot;declarations&quot; array of the &quot;DesignSystemModule&quot; NgModule, &quot;AdmiraltyTypeAheadItem&quot; is marked as standalone and can&apos;t be declared in any NgModule - did you intend to import it instead (by adding it to the &quot;imports&quot; array)?
Unexpected &quot;TextValueAccessor&quot; found in the &quot;declarations&quot; array of the &quot;DesignSystemModule&quot; NgModule, &quot;TextValueAccessor&quot; is marked as standalone and can&apos;t be declared in any NgModule - did you intend to import it instead (by adding it to the &quot;imports&quot; array)?
Unexpected &quot;BooleanValueAccessor&quot; found in the &quot;declarations&quot; array of the &quot;DesignSystemModule&quot; NgModule, &quot;BooleanValueAccessor&quot; is marked as standalone and can&apos;t be declared in any NgModule - did you intend to import it instead (by adding it to the &quot;imports&quot; array)?
Unexpected &quot;NumericValueAccessor&quot; found in the &quot;declarations&quot; array of the &quot;DesignSystemModule&quot; NgModule, &quot;NumericValueAccessor&quot; is marked as standalone and can&apos;t be declared in any NgModule - did you intend to import it instead (by adding it to the &quot;imports&quot; array)?
Unexpected &quot;RadioValueAccessor&quot; found in the &quot;declarations&quot; array of the &quot;DesignSystemModule&quot; NgModule, &quot;RadioValueAccessor&quot; is marked as standalone and can&apos;t be declared in any NgModule - did you intend to import it instead (by adding it to the &quot;imports&quot; array)?
Unexpected &quot;SelectValueAccessor&quot; found in the &quot;declarations&quot; array of the &quot;DesignSystemModule&quot; NgModule, &quot;SelectValueAccessor&quot; is marked as standalone and can&apos;t be declared in any NgModule - did you intend to import it instead (by adding it to the &quot;imports&quot; array)?
    at verifySemanticsOfNgModuleDef (C:\Source\Repos\file-share-service-ui\node_modules\@angular\core\fesm2022\core.mjs:20592:11)
    at verifySemanticsOfNgModuleDef (C:\Source\Repos\file-share-service-ui\node_modules\@angular\core\fesm2022\core.mjs:20570:5)
    at Array.forEach (&lt;anonymous&gt;)
    at forEach (C:\Source\Repos\file-share-service-ui\node_modules\@angular\core\fesm2022\core.mjs:20568:58)
    at Function.verifySemanticsOfNgModuleDef (C:\Source\Repos\file-share-service-ui\node_modules\@angular\core\fesm2022\core.mjs:20521:22)
    at TestBedCompiler.applyProviderOverridesInScope (C:\Source\Repos\file-share-service-ui\node_modules\@angular\core\fesm2022\testing.mjs:1020:29)
    at TestBedCompiler.applyProviderOverridesInScope [as compileTestModule] (C:\Source\Repos\file-share-service-ui\node_modules\@angular\core\fesm2022\testing.mjs:1286:10)
    at TestBedCompiler.compileTestModule [as finalize] (C:\Source\Repos\file-share-service-ui\node_modules\@angular\core\fesm2022\testing.mjs:873:10)
    at _TestBedImpl.finalize [as testModuleRef] (C:\Source\Repos\file-share-service-ui\node_modules\@angular\core\fesm2022\testing.mjs:1797:43)
    at _TestBedImpl.testModuleRef [as inject] (C:\Source\Repos\file-share-service-ui\node_modules\@angular\core\fesm2022\testing.mjs:1709:25)
    at Function.inject (C:\Source\Repos\file-share-service-ui\node_modules\@angular\core\fesm2022\testing.mjs:1580:34)
    at C:\Source\Repos\file-share-service-ui\Tests\UnitTests\ess-download-exchangeset.component.spec.ts:94:35
    at _ZoneDelegate.invoke (C:\Source\Repos\file-share-service-ui\node_modules\zone.js\bundles\zone.umd.js:395:160)
    at ProxyZoneSpec.onInvoke (C:\Source\Repos\file-share-service-ui\node_modules\zone.js\bundles\zone-testing.umd.js:2158:35)
    at _ZoneDelegate.invoke (C:\Source\Repos\file-share-service-ui\node_modules\zone.js\bundles\zone.umd.js:395:48)
    at ZoneImpl.run (C:\Source\Repos\file-share-service-ui\node_modules\zone.js\bundles\zone.umd.js:145:37)
    at Object.wrappedFunc (C:\Source\Repos\file-share-service-ui\node_modules\zone.js\bundles\zone-testing.umd.js:430:28)
    at Promise.then.completed (C:\Source\Repos\file-share-service-ui\node_modules\jest-circus\build\utils.js:298:28)
    at new Promise (&lt;anonymous&gt;)
    at callAsyncCircusFn (C:\Source\Repos\file-share-service-ui\node_modules\jest-circus\build\utils.js:231:10)
    at _callCircusHook (C:\Source\Repos\file-share-service-ui\node_modules\jest-circus\build\run.js:281:40)
    at processTicksAndRejections (node:internal/process/task_queues:95:5)
    at _runTest (C:\Source\Repos\file-share-service-ui\node_modules\jest-circus\build\run.js:246:5)
    at _runTestsForDescribeBlock (C:\Source\Repos\file-share-service-ui\node_modules\jest-circus\build\run.js:126:9)
    at _runTestsForDescribeBlock (C:\Source\Repos\file-share-service-ui\node_modules\jest-circus\build\run.js:121:9)
    at run (C:\Source\Repos\file-share-service-ui\node_modules\jest-circus\build\run.js:71:3)
    at runAndTransformResultsToJestFormat (C:\Source\Repos\file-share-service-ui\node_modules\jest-circus\build\legacy-code-todo-rewrite\jestAdapterInit.js:122:21)</failure>
    </testcase>
    <testcase classname="EssDownloadExchangesetComponent should render text inside an p tag" name="EssDownloadExchangesetComponent should render text inside an p tag" time="0.003">
      <failure>Error: Unexpected &quot;AdmiraltyBreadcrumb&quot; found in the &quot;declarations&quot; array of the &quot;DesignSystemModule&quot; NgModule, &quot;AdmiraltyBreadcrumb&quot; is marked as standalone and can&apos;t be declared in any NgModule - did you intend to import it instead (by adding it to the &quot;imports&quot; array)?
Unexpected &quot;AdmiraltyBreadcrumbs&quot; found in the &quot;declarations&quot; array of the &quot;DesignSystemModule&quot; NgModule, &quot;AdmiraltyBreadcrumbs&quot; is marked as standalone and can&apos;t be declared in any NgModule - did you intend to import it instead (by adding it to the &quot;imports&quot; array)?
Unexpected &quot;AdmiraltyButton&quot; found in the &quot;declarations&quot; array of the &quot;DesignSystemModule&quot; NgModule, &quot;AdmiraltyButton&quot; is marked as standalone and can&apos;t be declared in any NgModule - did you intend to import it instead (by adding it to the &quot;imports&quot; array)?
Unexpected &quot;AdmiraltyCard&quot; found in the &quot;declarations&quot; array of the &quot;DesignSystemModule&quot; NgModule, &quot;AdmiraltyCard&quot; is marked as standalone and can&apos;t be declared in any NgModule - did you intend to import it instead (by adding it to the &quot;imports&quot; array)?
Unexpected &quot;AdmiraltyCheckbox&quot; found in the &quot;declarations&quot; array of the &quot;DesignSystemModule&quot; NgModule, &quot;AdmiraltyCheckbox&quot; is marked as standalone and can&apos;t be declared in any NgModule - did you intend to import it instead (by adding it to the &quot;imports&quot; array)?
Unexpected &quot;AdmiraltyColourBlock&quot; found in the &quot;declarations&quot; array of the &quot;DesignSystemModule&quot; NgModule, &quot;AdmiraltyColourBlock&quot; is marked as standalone and can&apos;t be declared in any NgModule - did you intend to import it instead (by adding it to the &quot;imports&quot; array)?
Unexpected &quot;AdmiraltyDialogue&quot; found in the &quot;declarations&quot; array of the &quot;DesignSystemModule&quot; NgModule, &quot;AdmiraltyDialogue&quot; is marked as standalone and can&apos;t be declared in any NgModule - did you intend to import it instead (by adding it to the &quot;imports&quot; array)?
Unexpected &quot;AdmiraltyExpansion&quot; found in the &quot;declarations&quot; array of the &quot;DesignSystemModule&quot; NgModule, &quot;AdmiraltyExpansion&quot; is marked as standalone and can&apos;t be declared in any NgModule - did you intend to import it instead (by adding it to the &quot;imports&quot; array)?
Unexpected &quot;AdmiraltyFileInput&quot; found in the &quot;declarations&quot; array of the &quot;DesignSystemModule&quot; NgModule, &quot;AdmiraltyFileInput&quot; is marked as standalone and can&apos;t be declared in any NgModule - did you intend to import it instead (by adding it to the &quot;imports&quot; array)?
Unexpected &quot;AdmiraltyFilter&quot; found in the &quot;declarations&quot; array of the &quot;DesignSystemModule&quot; NgModule, &quot;AdmiraltyFilter&quot; is marked as standalone and can&apos;t be declared in any NgModule - did you intend to import it instead (by adding it to the &quot;imports&quot; array)?
Unexpected &quot;AdmiraltyFilterGroup&quot; found in the &quot;declarations&quot; array of the &quot;DesignSystemModule&quot; NgModule, &quot;AdmiraltyFilterGroup&quot; is marked as standalone and can&apos;t be declared in any NgModule - did you intend to import it instead (by adding it to the &quot;imports&quot; array)?
Unexpected &quot;AdmiraltyFooter&quot; found in the &quot;declarations&quot; array of the &quot;DesignSystemModule&quot; NgModule, &quot;AdmiraltyFooter&quot; is marked as standalone and can&apos;t be declared in any NgModule - did you intend to import it instead (by adding it to the &quot;imports&quot; array)?
Unexpected &quot;AdmiraltyHeader&quot; found in the &quot;declarations&quot; array of the &quot;DesignSystemModule&quot; NgModule, &quot;AdmiraltyHeader&quot; is marked as standalone and can&apos;t be declared in any NgModule - did you intend to import it instead (by adding it to the &quot;imports&quot; array)?
Unexpected &quot;AdmiraltyHeaderMenuItem&quot; found in the &quot;declarations&quot; array of the &quot;DesignSystemModule&quot; NgModule, &quot;AdmiraltyHeaderMenuItem&quot; is marked as standalone and can&apos;t be declared in any NgModule - did you intend to import it instead (by adding it to the &quot;imports&quot; array)?
Unexpected &quot;AdmiraltyHeaderProfile&quot; found in the &quot;declarations&quot; array of the &quot;DesignSystemModule&quot; NgModule, &quot;AdmiraltyHeaderProfile&quot; is marked as standalone and can&apos;t be declared in any NgModule - did you intend to import it instead (by adding it to the &quot;imports&quot; array)?
Unexpected &quot;AdmiraltyHeaderSubMenuItem&quot; found in the &quot;declarations&quot; array of the &quot;DesignSystemModule&quot; NgModule, &quot;AdmiraltyHeaderSubMenuItem&quot; is marked as standalone and can&apos;t be declared in any NgModule - did you intend to import it instead (by adding it to the &quot;imports&quot; array)?
Unexpected &quot;AdmiraltyHint&quot; found in the &quot;declarations&quot; array of the &quot;DesignSystemModule&quot; NgModule, &quot;AdmiraltyHint&quot; is marked as standalone and can&apos;t be declared in any NgModule - did you intend to import it instead (by adding it to the &quot;imports&quot; array)?
Unexpected &quot;AdmiraltyHr&quot; found in the &quot;declarations&quot; array of the &quot;DesignSystemModule&quot; NgModule, &quot;AdmiraltyHr&quot; is marked as standalone and can&apos;t be declared in any NgModule - did you intend to import it instead (by adding it to the &quot;imports&quot; array)?
Unexpected &quot;AdmiraltyIcon&quot; found in the &quot;declarations&quot; array of the &quot;DesignSystemModule&quot; NgModule, &quot;AdmiraltyIcon&quot; is marked as standalone and can&apos;t be declared in any NgModule - did you intend to import it instead (by adding it to the &quot;imports&quot; array)?
Unexpected &quot;AdmiraltyInput&quot; found in the &quot;declarations&quot; array of the &quot;DesignSystemModule&quot; NgModule, &quot;AdmiraltyInput&quot; is marked as standalone and can&apos;t be declared in any NgModule - did you intend to import it instead (by adding it to the &quot;imports&quot; array)?
Unexpected &quot;AdmiraltyInputError&quot; found in the &quot;declarations&quot; array of the &quot;DesignSystemModule&quot; NgModule, &quot;AdmiraltyInputError&quot; is marked as standalone and can&apos;t be declared in any NgModule - did you intend to import it instead (by adding it to the &quot;imports&quot; array)?
Unexpected &quot;AdmiraltyLabel&quot; found in the &quot;declarations&quot; array of the &quot;DesignSystemModule&quot; NgModule, &quot;AdmiraltyLabel&quot; is marked as standalone and can&apos;t be declared in any NgModule - did you intend to import it instead (by adding it to the &quot;imports&quot; array)?
Unexpected &quot;AdmiraltyLink&quot; found in the &quot;declarations&quot; array of the &quot;DesignSystemModule&quot; NgModule, &quot;AdmiraltyLink&quot; is marked as standalone and can&apos;t be declared in any NgModule - did you intend to import it instead (by adding it to the &quot;imports&quot; array)?
Unexpected &quot;AdmiraltyPaginator&quot; found in the &quot;declarations&quot; array of the &quot;DesignSystemModule&quot; NgModule, &quot;AdmiraltyPaginator&quot; is marked as standalone and can&apos;t be declared in any NgModule - did you intend to import it instead (by adding it to the &quot;imports&quot; array)?
Unexpected &quot;AdmiraltyPhaseBanner&quot; found in the &quot;declarations&quot; array of the &quot;DesignSystemModule&quot; NgModule, &quot;AdmiraltyPhaseBanner&quot; is marked as standalone and can&apos;t be declared in any NgModule - did you intend to import it instead (by adding it to the &quot;imports&quot; array)?
Unexpected &quot;AdmiraltyProgressBar&quot; found in the &quot;declarations&quot; array of the &quot;DesignSystemModule&quot; NgModule, &quot;AdmiraltyProgressBar&quot; is marked as standalone and can&apos;t be declared in any NgModule - did you intend to import it instead (by adding it to the &quot;imports&quot; array)?
Unexpected &quot;AdmiraltyRadio&quot; found in the &quot;declarations&quot; array of the &quot;DesignSystemModule&quot; NgModule, &quot;AdmiraltyRadio&quot; is marked as standalone and can&apos;t be declared in any NgModule - did you intend to import it instead (by adding it to the &quot;imports&quot; array)?
Unexpected &quot;AdmiraltyRadioGroup&quot; found in the &quot;declarations&quot; array of the &quot;DesignSystemModule&quot; NgModule, &quot;AdmiraltyRadioGroup&quot; is marked as standalone and can&apos;t be declared in any NgModule - did you intend to import it instead (by adding it to the &quot;imports&quot; array)?
Unexpected &quot;AdmiraltyReadMore&quot; found in the &quot;declarations&quot; array of the &quot;DesignSystemModule&quot; NgModule, &quot;AdmiraltyReadMore&quot; is marked as standalone and can&apos;t be declared in any NgModule - did you intend to import it instead (by adding it to the &quot;imports&quot; array)?
Unexpected &quot;AdmiraltySelect&quot; found in the &quot;declarations&quot; array of the &quot;DesignSystemModule&quot; NgModule, &quot;AdmiraltySelect&quot; is marked as standalone and can&apos;t be declared in any NgModule - did you intend to import it instead (by adding it to the &quot;imports&quot; array)?
Unexpected &quot;AdmiraltySideNav&quot; found in the &quot;declarations&quot; array of the &quot;DesignSystemModule&quot; NgModule, &quot;AdmiraltySideNav&quot; is marked as standalone and can&apos;t be declared in any NgModule - did you intend to import it instead (by adding it to the &quot;imports&quot; array)?
Unexpected &quot;AdmiraltySideNavItem&quot; found in the &quot;declarations&quot; array of the &quot;DesignSystemModule&quot; NgModule, &quot;AdmiraltySideNavItem&quot; is marked as standalone and can&apos;t be declared in any NgModule - did you intend to import it instead (by adding it to the &quot;imports&quot; array)?
Unexpected &quot;AdmiraltyTab&quot; found in the &quot;declarations&quot; array of the &quot;DesignSystemModule&quot; NgModule, &quot;AdmiraltyTab&quot; is marked as standalone and can&apos;t be declared in any NgModule - did you intend to import it instead (by adding it to the &quot;imports&quot; array)?
Unexpected &quot;AdmiraltyTabGroup&quot; found in the &quot;declarations&quot; array of the &quot;DesignSystemModule&quot; NgModule, &quot;AdmiraltyTabGroup&quot; is marked as standalone and can&apos;t be declared in any NgModule - did you intend to import it instead (by adding it to the &quot;imports&quot; array)?
Unexpected &quot;AdmiraltyTable&quot; found in the &quot;declarations&quot; array of the &quot;DesignSystemModule&quot; NgModule, &quot;AdmiraltyTable&quot; is marked as standalone and can&apos;t be declared in any NgModule - did you intend to import it instead (by adding it to the &quot;imports&quot; array)?
Unexpected &quot;AdmiraltyTableBody&quot; found in the &quot;declarations&quot; array of the &quot;DesignSystemModule&quot; NgModule, &quot;AdmiraltyTableBody&quot; is marked as standalone and can&apos;t be declared in any NgModule - did you intend to import it instead (by adding it to the &quot;imports&quot; array)?
Unexpected &quot;AdmiraltyTableCell&quot; found in the &quot;declarations&quot; array of the &quot;DesignSystemModule&quot; NgModule, &quot;AdmiraltyTableCell&quot; is marked as standalone and can&apos;t be declared in any NgModule - did you intend to import it instead (by adding it to the &quot;imports&quot; array)?
Unexpected &quot;AdmiraltyTableHeader&quot; found in the &quot;declarations&quot; array of the &quot;DesignSystemModule&quot; NgModule, &quot;AdmiraltyTableHeader&quot; is marked as standalone and can&apos;t be declared in any NgModule - did you intend to import it instead (by adding it to the &quot;imports&quot; array)?
Unexpected &quot;AdmiraltyTableHeaderCell&quot; found in the &quot;declarations&quot; array of the &quot;DesignSystemModule&quot; NgModule, &quot;AdmiraltyTableHeaderCell&quot; is marked as standalone and can&apos;t be declared in any NgModule - did you intend to import it instead (by adding it to the &quot;imports&quot; array)?
Unexpected &quot;AdmiraltyTableRow&quot; found in the &quot;declarations&quot; array of the &quot;DesignSystemModule&quot; NgModule, &quot;AdmiraltyTableRow&quot; is marked as standalone and can&apos;t be declared in any NgModule - did you intend to import it instead (by adding it to the &quot;imports&quot; array)?
Unexpected &quot;AdmiraltyTextarea&quot; found in the &quot;declarations&quot; array of the &quot;DesignSystemModule&quot; NgModule, &quot;AdmiraltyTextarea&quot; is marked as standalone and can&apos;t be declared in any NgModule - did you intend to import it instead (by adding it to the &quot;imports&quot; array)?
Unexpected &quot;AdmiraltyTypeAhead&quot; found in the &quot;declarations&quot; array of the &quot;DesignSystemModule&quot; NgModule, &quot;AdmiraltyTypeAhead&quot; is marked as standalone and can&apos;t be declared in any NgModule - did you intend to import it instead (by adding it to the &quot;imports&quot; array)?
Unexpected &quot;AdmiraltyTypeAheadItem&quot; found in the &quot;declarations&quot; array of the &quot;DesignSystemModule&quot; NgModule, &quot;AdmiraltyTypeAheadItem&quot; is marked as standalone and can&apos;t be declared in any NgModule - did you intend to import it instead (by adding it to the &quot;imports&quot; array)?
Unexpected &quot;TextValueAccessor&quot; found in the &quot;declarations&quot; array of the &quot;DesignSystemModule&quot; NgModule, &quot;TextValueAccessor&quot; is marked as standalone and can&apos;t be declared in any NgModule - did you intend to import it instead (by adding it to the &quot;imports&quot; array)?
Unexpected &quot;BooleanValueAccessor&quot; found in the &quot;declarations&quot; array of the &quot;DesignSystemModule&quot; NgModule, &quot;BooleanValueAccessor&quot; is marked as standalone and can&apos;t be declared in any NgModule - did you intend to import it instead (by adding it to the &quot;imports&quot; array)?
Unexpected &quot;NumericValueAccessor&quot; found in the &quot;declarations&quot; array of the &quot;DesignSystemModule&quot; NgModule, &quot;NumericValueAccessor&quot; is marked as standalone and can&apos;t be declared in any NgModule - did you intend to import it instead (by adding it to the &quot;imports&quot; array)?
Unexpected &quot;RadioValueAccessor&quot; found in the &quot;declarations&quot; array of the &quot;DesignSystemModule&quot; NgModule, &quot;RadioValueAccessor&quot; is marked as standalone and can&apos;t be declared in any NgModule - did you intend to import it instead (by adding it to the &quot;imports&quot; array)?
Unexpected &quot;SelectValueAccessor&quot; found in the &quot;declarations&quot; array of the &quot;DesignSystemModule&quot; NgModule, &quot;SelectValueAccessor&quot; is marked as standalone and can&apos;t be declared in any NgModule - did you intend to import it instead (by adding it to the &quot;imports&quot; array)?
    at verifySemanticsOfNgModuleDef (C:\Source\Repos\file-share-service-ui\node_modules\@angular\core\fesm2022\core.mjs:20592:11)
    at verifySemanticsOfNgModuleDef (C:\Source\Repos\file-share-service-ui\node_modules\@angular\core\fesm2022\core.mjs:20570:5)
    at Array.forEach (&lt;anonymous&gt;)
    at forEach (C:\Source\Repos\file-share-service-ui\node_modules\@angular\core\fesm2022\core.mjs:20568:58)
    at Function.verifySemanticsOfNgModuleDef (C:\Source\Repos\file-share-service-ui\node_modules\@angular\core\fesm2022\core.mjs:20521:22)
    at TestBedCompiler.applyProviderOverridesInScope (C:\Source\Repos\file-share-service-ui\node_modules\@angular\core\fesm2022\testing.mjs:1020:29)
    at TestBedCompiler.applyProviderOverridesInScope [as compileTestModule] (C:\Source\Repos\file-share-service-ui\node_modules\@angular\core\fesm2022\testing.mjs:1286:10)
    at TestBedCompiler.compileTestModule [as finalize] (C:\Source\Repos\file-share-service-ui\node_modules\@angular\core\fesm2022\testing.mjs:873:10)
    at _TestBedImpl.finalize [as testModuleRef] (C:\Source\Repos\file-share-service-ui\node_modules\@angular\core\fesm2022\testing.mjs:1797:43)
    at _TestBedImpl.testModuleRef [as inject] (C:\Source\Repos\file-share-service-ui\node_modules\@angular\core\fesm2022\testing.mjs:1709:25)
    at Function.inject (C:\Source\Repos\file-share-service-ui\node_modules\@angular\core\fesm2022\testing.mjs:1580:34)
    at C:\Source\Repos\file-share-service-ui\Tests\UnitTests\ess-download-exchangeset.component.spec.ts:94:35
    at _ZoneDelegate.invoke (C:\Source\Repos\file-share-service-ui\node_modules\zone.js\bundles\zone.umd.js:395:160)
    at ProxyZoneSpec.onInvoke (C:\Source\Repos\file-share-service-ui\node_modules\zone.js\bundles\zone-testing.umd.js:2158:35)
    at _ZoneDelegate.invoke (C:\Source\Repos\file-share-service-ui\node_modules\zone.js\bundles\zone.umd.js:395:48)
    at ZoneImpl.run (C:\Source\Repos\file-share-service-ui\node_modules\zone.js\bundles\zone.umd.js:145:37)
    at Object.wrappedFunc (C:\Source\Repos\file-share-service-ui\node_modules\zone.js\bundles\zone-testing.umd.js:430:28)
    at Promise.then.completed (C:\Source\Repos\file-share-service-ui\node_modules\jest-circus\build\utils.js:298:28)
    at new Promise (&lt;anonymous&gt;)
    at callAsyncCircusFn (C:\Source\Repos\file-share-service-ui\node_modules\jest-circus\build\utils.js:231:10)
    at _callCircusHook (C:\Source\Repos\file-share-service-ui\node_modules\jest-circus\build\run.js:281:40)
    at processTicksAndRejections (node:internal/process/task_queues:95:5)
    at _runTest (C:\Source\Repos\file-share-service-ui\node_modules\jest-circus\build\run.js:246:5)
    at _runTestsForDescribeBlock (C:\Source\Repos\file-share-service-ui\node_modules\jest-circus\build\run.js:126:9)
    at _runTestsForDescribeBlock (C:\Source\Repos\file-share-service-ui\node_modules\jest-circus\build\run.js:121:9)
    at run (C:\Source\Repos\file-share-service-ui\node_modules\jest-circus\build\run.js:71:3)
    at runAndTransformResultsToJestFormat (C:\Source\Repos\file-share-service-ui\node_modules\jest-circus\build\legacy-code-todo-rewrite\jestAdapterInit.js:122:21)</failure>
    </testcase>
    <testcase classname="EssDownloadExchangesetComponent should display download button when batch status is Committed" name="EssDownloadExchangesetComponent should display download button when batch status is Committed" time="0.009">
      <failure>Error: Unexpected &quot;AdmiraltyBreadcrumb&quot; found in the &quot;declarations&quot; array of the &quot;DesignSystemModule&quot; NgModule, &quot;AdmiraltyBreadcrumb&quot; is marked as standalone and can&apos;t be declared in any NgModule - did you intend to import it instead (by adding it to the &quot;imports&quot; array)?
Unexpected &quot;AdmiraltyBreadcrumbs&quot; found in the &quot;declarations&quot; array of the &quot;DesignSystemModule&quot; NgModule, &quot;AdmiraltyBreadcrumbs&quot; is marked as standalone and can&apos;t be declared in any NgModule - did you intend to import it instead (by adding it to the &quot;imports&quot; array)?
Unexpected &quot;AdmiraltyButton&quot; found in the &quot;declarations&quot; array of the &quot;DesignSystemModule&quot; NgModule, &quot;AdmiraltyButton&quot; is marked as standalone and can&apos;t be declared in any NgModule - did you intend to import it instead (by adding it to the &quot;imports&quot; array)?
Unexpected &quot;AdmiraltyCard&quot; found in the &quot;declarations&quot; array of the &quot;DesignSystemModule&quot; NgModule, &quot;AdmiraltyCard&quot; is marked as standalone and can&apos;t be declared in any NgModule - did you intend to import it instead (by adding it to the &quot;imports&quot; array)?
Unexpected &quot;AdmiraltyCheckbox&quot; found in the &quot;declarations&quot; array of the &quot;DesignSystemModule&quot; NgModule, &quot;AdmiraltyCheckbox&quot; is marked as standalone and can&apos;t be declared in any NgModule - did you intend to import it instead (by adding it to the &quot;imports&quot; array)?
Unexpected &quot;AdmiraltyColourBlock&quot; found in the &quot;declarations&quot; array of the &quot;DesignSystemModule&quot; NgModule, &quot;AdmiraltyColourBlock&quot; is marked as standalone and can&apos;t be declared in any NgModule - did you intend to import it instead (by adding it to the &quot;imports&quot; array)?
Unexpected &quot;AdmiraltyDialogue&quot; found in the &quot;declarations&quot; array of the &quot;DesignSystemModule&quot; NgModule, &quot;AdmiraltyDialogue&quot; is marked as standalone and can&apos;t be declared in any NgModule - did you intend to import it instead (by adding it to the &quot;imports&quot; array)?
Unexpected &quot;AdmiraltyExpansion&quot; found in the &quot;declarations&quot; array of the &quot;DesignSystemModule&quot; NgModule, &quot;AdmiraltyExpansion&quot; is marked as standalone and can&apos;t be declared in any NgModule - did you intend to import it instead (by adding it to the &quot;imports&quot; array)?
Unexpected &quot;AdmiraltyFileInput&quot; found in the &quot;declarations&quot; array of the &quot;DesignSystemModule&quot; NgModule, &quot;AdmiraltyFileInput&quot; is marked as standalone and can&apos;t be declared in any NgModule - did you intend to import it instead (by adding it to the &quot;imports&quot; array)?
Unexpected &quot;AdmiraltyFilter&quot; found in the &quot;declarations&quot; array of the &quot;DesignSystemModule&quot; NgModule, &quot;AdmiraltyFilter&quot; is marked as standalone and can&apos;t be declared in any NgModule - did you intend to import it instead (by adding it to the &quot;imports&quot; array)?
Unexpected &quot;AdmiraltyFilterGroup&quot; found in the &quot;declarations&quot; array of the &quot;DesignSystemModule&quot; NgModule, &quot;AdmiraltyFilterGroup&quot; is marked as standalone and can&apos;t be declared in any NgModule - did you intend to import it instead (by adding it to the &quot;imports&quot; array)?
Unexpected &quot;AdmiraltyFooter&quot; found in the &quot;declarations&quot; array of the &quot;DesignSystemModule&quot; NgModule, &quot;AdmiraltyFooter&quot; is marked as standalone and can&apos;t be declared in any NgModule - did you intend to import it instead (by adding it to the &quot;imports&quot; array)?
Unexpected &quot;AdmiraltyHeader&quot; found in the &quot;declarations&quot; array of the &quot;DesignSystemModule&quot; NgModule, &quot;AdmiraltyHeader&quot; is marked as standalone and can&apos;t be declared in any NgModule - did you intend to import it instead (by adding it to the &quot;imports&quot; array)?
Unexpected &quot;AdmiraltyHeaderMenuItem&quot; found in the &quot;declarations&quot; array of the &quot;DesignSystemModule&quot; NgModule, &quot;AdmiraltyHeaderMenuItem&quot; is marked as standalone and can&apos;t be declared in any NgModule - did you intend to import it instead (by adding it to the &quot;imports&quot; array)?
Unexpected &quot;AdmiraltyHeaderProfile&quot; found in the &quot;declarations&quot; array of the &quot;DesignSystemModule&quot; NgModule, &quot;AdmiraltyHeaderProfile&quot; is marked as standalone and can&apos;t be declared in any NgModule - did you intend to import it instead (by adding it to the &quot;imports&quot; array)?
Unexpected &quot;AdmiraltyHeaderSubMenuItem&quot; found in the &quot;declarations&quot; array of the &quot;DesignSystemModule&quot; NgModule, &quot;AdmiraltyHeaderSubMenuItem&quot; is marked as standalone and can&apos;t be declared in any NgModule - did you intend to import it instead (by adding it to the &quot;imports&quot; array)?
Unexpected &quot;AdmiraltyHint&quot; found in the &quot;declarations&quot; array of the &quot;DesignSystemModule&quot; NgModule, &quot;AdmiraltyHint&quot; is marked as standalone and can&apos;t be declared in any NgModule - did you intend to import it instead (by adding it to the &quot;imports&quot; array)?
Unexpected &quot;AdmiraltyHr&quot; found in the &quot;declarations&quot; array of the &quot;DesignSystemModule&quot; NgModule, &quot;AdmiraltyHr&quot; is marked as standalone and can&apos;t be declared in any NgModule - did you intend to import it instead (by adding it to the &quot;imports&quot; array)?
Unexpected &quot;AdmiraltyIcon&quot; found in the &quot;declarations&quot; array of the &quot;DesignSystemModule&quot; NgModule, &quot;AdmiraltyIcon&quot; is marked as standalone and can&apos;t be declared in any NgModule - did you intend to import it instead (by adding it to the &quot;imports&quot; array)?
Unexpected &quot;AdmiraltyInput&quot; found in the &quot;declarations&quot; array of the &quot;DesignSystemModule&quot; NgModule, &quot;AdmiraltyInput&quot; is marked as standalone and can&apos;t be declared in any NgModule - did you intend to import it instead (by adding it to the &quot;imports&quot; array)?
Unexpected &quot;AdmiraltyInputError&quot; found in the &quot;declarations&quot; array of the &quot;DesignSystemModule&quot; NgModule, &quot;AdmiraltyInputError&quot; is marked as standalone and can&apos;t be declared in any NgModule - did you intend to import it instead (by adding it to the &quot;imports&quot; array)?
Unexpected &quot;AdmiraltyLabel&quot; found in the &quot;declarations&quot; array of the &quot;DesignSystemModule&quot; NgModule, &quot;AdmiraltyLabel&quot; is marked as standalone and can&apos;t be declared in any NgModule - did you intend to import it instead (by adding it to the &quot;imports&quot; array)?
Unexpected &quot;AdmiraltyLink&quot; found in the &quot;declarations&quot; array of the &quot;DesignSystemModule&quot; NgModule, &quot;AdmiraltyLink&quot; is marked as standalone and can&apos;t be declared in any NgModule - did you intend to import it instead (by adding it to the &quot;imports&quot; array)?
Unexpected &quot;AdmiraltyPaginator&quot; found in the &quot;declarations&quot; array of the &quot;DesignSystemModule&quot; NgModule, &quot;AdmiraltyPaginator&quot; is marked as standalone and can&apos;t be declared in any NgModule - did you intend to import it instead (by adding it to the &quot;imports&quot; array)?
Unexpected &quot;AdmiraltyPhaseBanner&quot; found in the &quot;declarations&quot; array of the &quot;DesignSystemModule&quot; NgModule, &quot;AdmiraltyPhaseBanner&quot; is marked as standalone and can&apos;t be declared in any NgModule - did you intend to import it instead (by adding it to the &quot;imports&quot; array)?
Unexpected &quot;AdmiraltyProgressBar&quot; found in the &quot;declarations&quot; array of the &quot;DesignSystemModule&quot; NgModule, &quot;AdmiraltyProgressBar&quot; is marked as standalone and can&apos;t be declared in any NgModule - did you intend to import it instead (by adding it to the &quot;imports&quot; array)?
Unexpected &quot;AdmiraltyRadio&quot; found in the &quot;declarations&quot; array of the &quot;DesignSystemModule&quot; NgModule, &quot;AdmiraltyRadio&quot; is marked as standalone and can&apos;t be declared in any NgModule - did you intend to import it instead (by adding it to the &quot;imports&quot; array)?
Unexpected &quot;AdmiraltyRadioGroup&quot; found in the &quot;declarations&quot; array of the &quot;DesignSystemModule&quot; NgModule, &quot;AdmiraltyRadioGroup&quot; is marked as standalone and can&apos;t be declared in any NgModule - did you intend to import it instead (by adding it to the &quot;imports&quot; array)?
Unexpected &quot;AdmiraltyReadMore&quot; found in the &quot;declarations&quot; array of the &quot;DesignSystemModule&quot; NgModule, &quot;AdmiraltyReadMore&quot; is marked as standalone and can&apos;t be declared in any NgModule - did you intend to import it instead (by adding it to the &quot;imports&quot; array)?
Unexpected &quot;AdmiraltySelect&quot; found in the &quot;declarations&quot; array of the &quot;DesignSystemModule&quot; NgModule, &quot;AdmiraltySelect&quot; is marked as standalone and can&apos;t be declared in any NgModule - did you intend to import it instead (by adding it to the &quot;imports&quot; array)?
Unexpected &quot;AdmiraltySideNav&quot; found in the &quot;declarations&quot; array of the &quot;DesignSystemModule&quot; NgModule, &quot;AdmiraltySideNav&quot; is marked as standalone and can&apos;t be declared in any NgModule - did you intend to import it instead (by adding it to the &quot;imports&quot; array)?
Unexpected &quot;AdmiraltySideNavItem&quot; found in the &quot;declarations&quot; array of the &quot;DesignSystemModule&quot; NgModule, &quot;AdmiraltySideNavItem&quot; is marked as standalone and can&apos;t be declared in any NgModule - did you intend to import it instead (by adding it to the &quot;imports&quot; array)?
Unexpected &quot;AdmiraltyTab&quot; found in the &quot;declarations&quot; array of the &quot;DesignSystemModule&quot; NgModule, &quot;AdmiraltyTab&quot; is marked as standalone and can&apos;t be declared in any NgModule - did you intend to import it instead (by adding it to the &quot;imports&quot; array)?
Unexpected &quot;AdmiraltyTabGroup&quot; found in the &quot;declarations&quot; array of the &quot;DesignSystemModule&quot; NgModule, &quot;AdmiraltyTabGroup&quot; is marked as standalone and can&apos;t be declared in any NgModule - did you intend to import it instead (by adding it to the &quot;imports&quot; array)?
Unexpected &quot;AdmiraltyTable&quot; found in the &quot;declarations&quot; array of the &quot;DesignSystemModule&quot; NgModule, &quot;AdmiraltyTable&quot; is marked as standalone and can&apos;t be declared in any NgModule - did you intend to import it instead (by adding it to the &quot;imports&quot; array)?
Unexpected &quot;AdmiraltyTableBody&quot; found in the &quot;declarations&quot; array of the &quot;DesignSystemModule&quot; NgModule, &quot;AdmiraltyTableBody&quot; is marked as standalone and can&apos;t be declared in any NgModule - did you intend to import it instead (by adding it to the &quot;imports&quot; array)?
Unexpected &quot;AdmiraltyTableCell&quot; found in the &quot;declarations&quot; array of the &quot;DesignSystemModule&quot; NgModule, &quot;AdmiraltyTableCell&quot; is marked as standalone and can&apos;t be declared in any NgModule - did you intend to import it instead (by adding it to the &quot;imports&quot; array)?
Unexpected &quot;AdmiraltyTableHeader&quot; found in the &quot;declarations&quot; array of the &quot;DesignSystemModule&quot; NgModule, &quot;AdmiraltyTableHeader&quot; is marked as standalone and can&apos;t be declared in any NgModule - did you intend to import it instead (by adding it to the &quot;imports&quot; array)?
Unexpected &quot;AdmiraltyTableHeaderCell&quot; found in the &quot;declarations&quot; array of the &quot;DesignSystemModule&quot; NgModule, &quot;AdmiraltyTableHeaderCell&quot; is marked as standalone and can&apos;t be declared in any NgModule - did you intend to import it instead (by adding it to the &quot;imports&quot; array)?
Unexpected &quot;AdmiraltyTableRow&quot; found in the &quot;declarations&quot; array of the &quot;DesignSystemModule&quot; NgModule, &quot;AdmiraltyTableRow&quot; is marked as standalone and can&apos;t be declared in any NgModule - did you intend to import it instead (by adding it to the &quot;imports&quot; array)?
Unexpected &quot;AdmiraltyTextarea&quot; found in the &quot;declarations&quot; array of the &quot;DesignSystemModule&quot; NgModule, &quot;AdmiraltyTextarea&quot; is marked as standalone and can&apos;t be declared in any NgModule - did you intend to import it instead (by adding it to the &quot;imports&quot; array)?
Unexpected &quot;AdmiraltyTypeAhead&quot; found in the &quot;declarations&quot; array of the &quot;DesignSystemModule&quot; NgModule, &quot;AdmiraltyTypeAhead&quot; is marked as standalone and can&apos;t be declared in any NgModule - did you intend to import it instead (by adding it to the &quot;imports&quot; array)?
Unexpected &quot;AdmiraltyTypeAheadItem&quot; found in the &quot;declarations&quot; array of the &quot;DesignSystemModule&quot; NgModule, &quot;AdmiraltyTypeAheadItem&quot; is marked as standalone and can&apos;t be declared in any NgModule - did you intend to import it instead (by adding it to the &quot;imports&quot; array)?
Unexpected &quot;TextValueAccessor&quot; found in the &quot;declarations&quot; array of the &quot;DesignSystemModule&quot; NgModule, &quot;TextValueAccessor&quot; is marked as standalone and can&apos;t be declared in any NgModule - did you intend to import it instead (by adding it to the &quot;imports&quot; array)?
Unexpected &quot;BooleanValueAccessor&quot; found in the &quot;declarations&quot; array of the &quot;DesignSystemModule&quot; NgModule, &quot;BooleanValueAccessor&quot; is marked as standalone and can&apos;t be declared in any NgModule - did you intend to import it instead (by adding it to the &quot;imports&quot; array)?
Unexpected &quot;NumericValueAccessor&quot; found in the &quot;declarations&quot; array of the &quot;DesignSystemModule&quot; NgModule, &quot;NumericValueAccessor&quot; is marked as standalone and can&apos;t be declared in any NgModule - did you intend to import it instead (by adding it to the &quot;imports&quot; array)?
Unexpected &quot;RadioValueAccessor&quot; found in the &quot;declarations&quot; array of the &quot;DesignSystemModule&quot; NgModule, &quot;RadioValueAccessor&quot; is marked as standalone and can&apos;t be declared in any NgModule - did you intend to import it instead (by adding it to the &quot;imports&quot; array)?
Unexpected &quot;SelectValueAccessor&quot; found in the &quot;declarations&quot; array of the &quot;DesignSystemModule&quot; NgModule, &quot;SelectValueAccessor&quot; is marked as standalone and can&apos;t be declared in any NgModule - did you intend to import it instead (by adding it to the &quot;imports&quot; array)?
    at verifySemanticsOfNgModuleDef (C:\Source\Repos\file-share-service-ui\node_modules\@angular\core\fesm2022\core.mjs:20592:11)
    at verifySemanticsOfNgModuleDef (C:\Source\Repos\file-share-service-ui\node_modules\@angular\core\fesm2022\core.mjs:20570:5)
    at Array.forEach (&lt;anonymous&gt;)
    at forEach (C:\Source\Repos\file-share-service-ui\node_modules\@angular\core\fesm2022\core.mjs:20568:58)
    at Function.verifySemanticsOfNgModuleDef (C:\Source\Repos\file-share-service-ui\node_modules\@angular\core\fesm2022\core.mjs:20521:22)
    at TestBedCompiler.applyProviderOverridesInScope (C:\Source\Repos\file-share-service-ui\node_modules\@angular\core\fesm2022\testing.mjs:1020:29)
    at TestBedCompiler.applyProviderOverridesInScope [as compileTestModule] (C:\Source\Repos\file-share-service-ui\node_modules\@angular\core\fesm2022\testing.mjs:1286:10)
    at TestBedCompiler.compileTestModule [as finalize] (C:\Source\Repos\file-share-service-ui\node_modules\@angular\core\fesm2022\testing.mjs:873:10)
    at _TestBedImpl.finalize [as testModuleRef] (C:\Source\Repos\file-share-service-ui\node_modules\@angular\core\fesm2022\testing.mjs:1797:43)
    at _TestBedImpl.testModuleRef [as inject] (C:\Source\Repos\file-share-service-ui\node_modules\@angular\core\fesm2022\testing.mjs:1709:25)
    at Function.inject (C:\Source\Repos\file-share-service-ui\node_modules\@angular\core\fesm2022\testing.mjs:1580:34)
    at C:\Source\Repos\file-share-service-ui\Tests\UnitTests\ess-download-exchangeset.component.spec.ts:94:35
    at _ZoneDelegate.invoke (C:\Source\Repos\file-share-service-ui\node_modules\zone.js\bundles\zone.umd.js:395:160)
    at ProxyZoneSpec.onInvoke (C:\Source\Repos\file-share-service-ui\node_modules\zone.js\bundles\zone-testing.umd.js:2158:35)
    at _ZoneDelegate.invoke (C:\Source\Repos\file-share-service-ui\node_modules\zone.js\bundles\zone.umd.js:395:48)
    at ZoneImpl.run (C:\Source\Repos\file-share-service-ui\node_modules\zone.js\bundles\zone.umd.js:145:37)
    at Object.wrappedFunc (C:\Source\Repos\file-share-service-ui\node_modules\zone.js\bundles\zone-testing.umd.js:430:28)
    at Promise.then.completed (C:\Source\Repos\file-share-service-ui\node_modules\jest-circus\build\utils.js:298:28)
    at new Promise (&lt;anonymous&gt;)
    at callAsyncCircusFn (C:\Source\Repos\file-share-service-ui\node_modules\jest-circus\build\utils.js:231:10)
    at _callCircusHook (C:\Source\Repos\file-share-service-ui\node_modules\jest-circus\build\run.js:281:40)
    at processTicksAndRejections (node:internal/process/task_queues:95:5)
    at _runTest (C:\Source\Repos\file-share-service-ui\node_modules\jest-circus\build\run.js:246:5)
    at _runTestsForDescribeBlock (C:\Source\Repos\file-share-service-ui\node_modules\jest-circus\build\run.js:126:9)
    at _runTestsForDescribeBlock (C:\Source\Repos\file-share-service-ui\node_modules\jest-circus\build\run.js:121:9)
    at run (C:\Source\Repos\file-share-service-ui\node_modules\jest-circus\build\run.js:71:3)
    at runAndTransformResultsToJestFormat (C:\Source\Repos\file-share-service-ui\node_modules\jest-circus\build\legacy-code-todo-rewrite\jestAdapterInit.js:122:21)</failure>
    </testcase>
    <testcase classname="EssDownloadExchangesetComponent should hide download button when batch status is CommitInProgress" name="EssDownloadExchangesetComponent should hide download button when batch status is CommitInProgress" time="0.004">
      <failure>Error: Unexpected &quot;AdmiraltyBreadcrumb&quot; found in the &quot;declarations&quot; array of the &quot;DesignSystemModule&quot; NgModule, &quot;AdmiraltyBreadcrumb&quot; is marked as standalone and can&apos;t be declared in any NgModule - did you intend to import it instead (by adding it to the &quot;imports&quot; array)?
Unexpected &quot;AdmiraltyBreadcrumbs&quot; found in the &quot;declarations&quot; array of the &quot;DesignSystemModule&quot; NgModule, &quot;AdmiraltyBreadcrumbs&quot; is marked as standalone and can&apos;t be declared in any NgModule - did you intend to import it instead (by adding it to the &quot;imports&quot; array)?
Unexpected &quot;AdmiraltyButton&quot; found in the &quot;declarations&quot; array of the &quot;DesignSystemModule&quot; NgModule, &quot;AdmiraltyButton&quot; is marked as standalone and can&apos;t be declared in any NgModule - did you intend to import it instead (by adding it to the &quot;imports&quot; array)?
Unexpected &quot;AdmiraltyCard&quot; found in the &quot;declarations&quot; array of the &quot;DesignSystemModule&quot; NgModule, &quot;AdmiraltyCard&quot; is marked as standalone and can&apos;t be declared in any NgModule - did you intend to import it instead (by adding it to the &quot;imports&quot; array)?
Unexpected &quot;AdmiraltyCheckbox&quot; found in the &quot;declarations&quot; array of the &quot;DesignSystemModule&quot; NgModule, &quot;AdmiraltyCheckbox&quot; is marked as standalone and can&apos;t be declared in any NgModule - did you intend to import it instead (by adding it to the &quot;imports&quot; array)?
Unexpected &quot;AdmiraltyColourBlock&quot; found in the &quot;declarations&quot; array of the &quot;DesignSystemModule&quot; NgModule, &quot;AdmiraltyColourBlock&quot; is marked as standalone and can&apos;t be declared in any NgModule - did you intend to import it instead (by adding it to the &quot;imports&quot; array)?
Unexpected &quot;AdmiraltyDialogue&quot; found in the &quot;declarations&quot; array of the &quot;DesignSystemModule&quot; NgModule, &quot;AdmiraltyDialogue&quot; is marked as standalone and can&apos;t be declared in any NgModule - did you intend to import it instead (by adding it to the &quot;imports&quot; array)?
Unexpected &quot;AdmiraltyExpansion&quot; found in the &quot;declarations&quot; array of the &quot;DesignSystemModule&quot; NgModule, &quot;AdmiraltyExpansion&quot; is marked as standalone and can&apos;t be declared in any NgModule - did you intend to import it instead (by adding it to the &quot;imports&quot; array)?
Unexpected &quot;AdmiraltyFileInput&quot; found in the &quot;declarations&quot; array of the &quot;DesignSystemModule&quot; NgModule, &quot;AdmiraltyFileInput&quot; is marked as standalone and can&apos;t be declared in any NgModule - did you intend to import it instead (by adding it to the &quot;imports&quot; array)?
Unexpected &quot;AdmiraltyFilter&quot; found in the &quot;declarations&quot; array of the &quot;DesignSystemModule&quot; NgModule, &quot;AdmiraltyFilter&quot; is marked as standalone and can&apos;t be declared in any NgModule - did you intend to import it instead (by adding it to the &quot;imports&quot; array)?
Unexpected &quot;AdmiraltyFilterGroup&quot; found in the &quot;declarations&quot; array of the &quot;DesignSystemModule&quot; NgModule, &quot;AdmiraltyFilterGroup&quot; is marked as standalone and can&apos;t be declared in any NgModule - did you intend to import it instead (by adding it to the &quot;imports&quot; array)?
Unexpected &quot;AdmiraltyFooter&quot; found in the &quot;declarations&quot; array of the &quot;DesignSystemModule&quot; NgModule, &quot;AdmiraltyFooter&quot; is marked as standalone and can&apos;t be declared in any NgModule - did you intend to import it instead (by adding it to the &quot;imports&quot; array)?
Unexpected &quot;AdmiraltyHeader&quot; found in the &quot;declarations&quot; array of the &quot;DesignSystemModule&quot; NgModule, &quot;AdmiraltyHeader&quot; is marked as standalone and can&apos;t be declared in any NgModule - did you intend to import it instead (by adding it to the &quot;imports&quot; array)?
Unexpected &quot;AdmiraltyHeaderMenuItem&quot; found in the &quot;declarations&quot; array of the &quot;DesignSystemModule&quot; NgModule, &quot;AdmiraltyHeaderMenuItem&quot; is marked as standalone and can&apos;t be declared in any NgModule - did you intend to import it instead (by adding it to the &quot;imports&quot; array)?
Unexpected &quot;AdmiraltyHeaderProfile&quot; found in the &quot;declarations&quot; array of the &quot;DesignSystemModule&quot; NgModule, &quot;AdmiraltyHeaderProfile&quot; is marked as standalone and can&apos;t be declared in any NgModule - did you intend to import it instead (by adding it to the &quot;imports&quot; array)?
Unexpected &quot;AdmiraltyHeaderSubMenuItem&quot; found in the &quot;declarations&quot; array of the &quot;DesignSystemModule&quot; NgModule, &quot;AdmiraltyHeaderSubMenuItem&quot; is marked as standalone and can&apos;t be declared in any NgModule - did you intend to import it instead (by adding it to the &quot;imports&quot; array)?
Unexpected &quot;AdmiraltyHint&quot; found in the &quot;declarations&quot; array of the &quot;DesignSystemModule&quot; NgModule, &quot;AdmiraltyHint&quot; is marked as standalone and can&apos;t be declared in any NgModule - did you intend to import it instead (by adding it to the &quot;imports&quot; array)?
Unexpected &quot;AdmiraltyHr&quot; found in the &quot;declarations&quot; array of the &quot;DesignSystemModule&quot; NgModule, &quot;AdmiraltyHr&quot; is marked as standalone and can&apos;t be declared in any NgModule - did you intend to import it instead (by adding it to the &quot;imports&quot; array)?
Unexpected &quot;AdmiraltyIcon&quot; found in the &quot;declarations&quot; array of the &quot;DesignSystemModule&quot; NgModule, &quot;AdmiraltyIcon&quot; is marked as standalone and can&apos;t be declared in any NgModule - did you intend to import it instead (by adding it to the &quot;imports&quot; array)?
Unexpected &quot;AdmiraltyInput&quot; found in the &quot;declarations&quot; array of the &quot;DesignSystemModule&quot; NgModule, &quot;AdmiraltyInput&quot; is marked as standalone and can&apos;t be declared in any NgModule - did you intend to import it instead (by adding it to the &quot;imports&quot; array)?
Unexpected &quot;AdmiraltyInputError&quot; found in the &quot;declarations&quot; array of the &quot;DesignSystemModule&quot; NgModule, &quot;AdmiraltyInputError&quot; is marked as standalone and can&apos;t be declared in any NgModule - did you intend to import it instead (by adding it to the &quot;imports&quot; array)?
Unexpected &quot;AdmiraltyLabel&quot; found in the &quot;declarations&quot; array of the &quot;DesignSystemModule&quot; NgModule, &quot;AdmiraltyLabel&quot; is marked as standalone and can&apos;t be declared in any NgModule - did you intend to import it instead (by adding it to the &quot;imports&quot; array)?
Unexpected &quot;AdmiraltyLink&quot; found in the &quot;declarations&quot; array of the &quot;DesignSystemModule&quot; NgModule, &quot;AdmiraltyLink&quot; is marked as standalone and can&apos;t be declared in any NgModule - did you intend to import it instead (by adding it to the &quot;imports&quot; array)?
Unexpected &quot;AdmiraltyPaginator&quot; found in the &quot;declarations&quot; array of the &quot;DesignSystemModule&quot; NgModule, &quot;AdmiraltyPaginator&quot; is marked as standalone and can&apos;t be declared in any NgModule - did you intend to import it instead (by adding it to the &quot;imports&quot; array)?
Unexpected &quot;AdmiraltyPhaseBanner&quot; found in the &quot;declarations&quot; array of the &quot;DesignSystemModule&quot; NgModule, &quot;AdmiraltyPhaseBanner&quot; is marked as standalone and can&apos;t be declared in any NgModule - did you intend to import it instead (by adding it to the &quot;imports&quot; array)?
Unexpected &quot;AdmiraltyProgressBar&quot; found in the &quot;declarations&quot; array of the &quot;DesignSystemModule&quot; NgModule, &quot;AdmiraltyProgressBar&quot; is marked as standalone and can&apos;t be declared in any NgModule - did you intend to import it instead (by adding it to the &quot;imports&quot; array)?
Unexpected &quot;AdmiraltyRadio&quot; found in the &quot;declarations&quot; array of the &quot;DesignSystemModule&quot; NgModule, &quot;AdmiraltyRadio&quot; is marked as standalone and can&apos;t be declared in any NgModule - did you intend to import it instead (by adding it to the &quot;imports&quot; array)?
Unexpected &quot;AdmiraltyRadioGroup&quot; found in the &quot;declarations&quot; array of the &quot;DesignSystemModule&quot; NgModule, &quot;AdmiraltyRadioGroup&quot; is marked as standalone and can&apos;t be declared in any NgModule - did you intend to import it instead (by adding it to the &quot;imports&quot; array)?
Unexpected &quot;AdmiraltyReadMore&quot; found in the &quot;declarations&quot; array of the &quot;DesignSystemModule&quot; NgModule, &quot;AdmiraltyReadMore&quot; is marked as standalone and can&apos;t be declared in any NgModule - did you intend to import it instead (by adding it to the &quot;imports&quot; array)?
Unexpected &quot;AdmiraltySelect&quot; found in the &quot;declarations&quot; array of the &quot;DesignSystemModule&quot; NgModule, &quot;AdmiraltySelect&quot; is marked as standalone and can&apos;t be declared in any NgModule - did you intend to import it instead (by adding it to the &quot;imports&quot; array)?
Unexpected &quot;AdmiraltySideNav&quot; found in the &quot;declarations&quot; array of the &quot;DesignSystemModule&quot; NgModule, &quot;AdmiraltySideNav&quot; is marked as standalone and can&apos;t be declared in any NgModule - did you intend to import it instead (by adding it to the &quot;imports&quot; array)?
Unexpected &quot;AdmiraltySideNavItem&quot; found in the &quot;declarations&quot; array of the &quot;DesignSystemModule&quot; NgModule, &quot;AdmiraltySideNavItem&quot; is marked as standalone and can&apos;t be declared in any NgModule - did you intend to import it instead (by adding it to the &quot;imports&quot; array)?
Unexpected &quot;AdmiraltyTab&quot; found in the &quot;declarations&quot; array of the &quot;DesignSystemModule&quot; NgModule, &quot;AdmiraltyTab&quot; is marked as standalone and can&apos;t be declared in any NgModule - did you intend to import it instead (by adding it to the &quot;imports&quot; array)?
Unexpected &quot;AdmiraltyTabGroup&quot; found in the &quot;declarations&quot; array of the &quot;DesignSystemModule&quot; NgModule, &quot;AdmiraltyTabGroup&quot; is marked as standalone and can&apos;t be declared in any NgModule - did you intend to import it instead (by adding it to the &quot;imports&quot; array)?
Unexpected &quot;AdmiraltyTable&quot; found in the &quot;declarations&quot; array of the &quot;DesignSystemModule&quot; NgModule, &quot;AdmiraltyTable&quot; is marked as standalone and can&apos;t be declared in any NgModule - did you intend to import it instead (by adding it to the &quot;imports&quot; array)?
Unexpected &quot;AdmiraltyTableBody&quot; found in the &quot;declarations&quot; array of the &quot;DesignSystemModule&quot; NgModule, &quot;AdmiraltyTableBody&quot; is marked as standalone and can&apos;t be declared in any NgModule - did you intend to import it instead (by adding it to the &quot;imports&quot; array)?
Unexpected &quot;AdmiraltyTableCell&quot; found in the &quot;declarations&quot; array of the &quot;DesignSystemModule&quot; NgModule, &quot;AdmiraltyTableCell&quot; is marked as standalone and can&apos;t be declared in any NgModule - did you intend to import it instead (by adding it to the &quot;imports&quot; array)?
Unexpected &quot;AdmiraltyTableHeader&quot; found in the &quot;declarations&quot; array of the &quot;DesignSystemModule&quot; NgModule, &quot;AdmiraltyTableHeader&quot; is marked as standalone and can&apos;t be declared in any NgModule - did you intend to import it instead (by adding it to the &quot;imports&quot; array)?
Unexpected &quot;AdmiraltyTableHeaderCell&quot; found in the &quot;declarations&quot; array of the &quot;DesignSystemModule&quot; NgModule, &quot;AdmiraltyTableHeaderCell&quot; is marked as standalone and can&apos;t be declared in any NgModule - did you intend to import it instead (by adding it to the &quot;imports&quot; array)?
Unexpected &quot;AdmiraltyTableRow&quot; found in the &quot;declarations&quot; array of the &quot;DesignSystemModule&quot; NgModule, &quot;AdmiraltyTableRow&quot; is marked as standalone and can&apos;t be declared in any NgModule - did you intend to import it instead (by adding it to the &quot;imports&quot; array)?
Unexpected &quot;AdmiraltyTextarea&quot; found in the &quot;declarations&quot; array of the &quot;DesignSystemModule&quot; NgModule, &quot;AdmiraltyTextarea&quot; is marked as standalone and can&apos;t be declared in any NgModule - did you intend to import it instead (by adding it to the &quot;imports&quot; array)?
Unexpected &quot;AdmiraltyTypeAhead&quot; found in the &quot;declarations&quot; array of the &quot;DesignSystemModule&quot; NgModule, &quot;AdmiraltyTypeAhead&quot; is marked as standalone and can&apos;t be declared in any NgModule - did you intend to import it instead (by adding it to the &quot;imports&quot; array)?
Unexpected &quot;AdmiraltyTypeAheadItem&quot; found in the &quot;declarations&quot; array of the &quot;DesignSystemModule&quot; NgModule, &quot;AdmiraltyTypeAheadItem&quot; is marked as standalone and can&apos;t be declared in any NgModule - did you intend to import it instead (by adding it to the &quot;imports&quot; array)?
Unexpected &quot;TextValueAccessor&quot; found in the &quot;declarations&quot; array of the &quot;DesignSystemModule&quot; NgModule, &quot;TextValueAccessor&quot; is marked as standalone and can&apos;t be declared in any NgModule - did you intend to import it instead (by adding it to the &quot;imports&quot; array)?
Unexpected &quot;BooleanValueAccessor&quot; found in the &quot;declarations&quot; array of the &quot;DesignSystemModule&quot; NgModule, &quot;BooleanValueAccessor&quot; is marked as standalone and can&apos;t be declared in any NgModule - did you intend to import it instead (by adding it to the &quot;imports&quot; array)?
Unexpected &quot;NumericValueAccessor&quot; found in the &quot;declarations&quot; array of the &quot;DesignSystemModule&quot; NgModule, &quot;NumericValueAccessor&quot; is marked as standalone and can&apos;t be declared in any NgModule - did you intend to import it instead (by adding it to the &quot;imports&quot; array)?
Unexpected &quot;RadioValueAccessor&quot; found in the &quot;declarations&quot; array of the &quot;DesignSystemModule&quot; NgModule, &quot;RadioValueAccessor&quot; is marked as standalone and can&apos;t be declared in any NgModule - did you intend to import it instead (by adding it to the &quot;imports&quot; array)?
Unexpected &quot;SelectValueAccessor&quot; found in the &quot;declarations&quot; array of the &quot;DesignSystemModule&quot; NgModule, &quot;SelectValueAccessor&quot; is marked as standalone and can&apos;t be declared in any NgModule - did you intend to import it instead (by adding it to the &quot;imports&quot; array)?
    at verifySemanticsOfNgModuleDef (C:\Source\Repos\file-share-service-ui\node_modules\@angular\core\fesm2022\core.mjs:20592:11)
    at verifySemanticsOfNgModuleDef (C:\Source\Repos\file-share-service-ui\node_modules\@angular\core\fesm2022\core.mjs:20570:5)
    at Array.forEach (&lt;anonymous&gt;)
    at forEach (C:\Source\Repos\file-share-service-ui\node_modules\@angular\core\fesm2022\core.mjs:20568:58)
    at Function.verifySemanticsOfNgModuleDef (C:\Source\Repos\file-share-service-ui\node_modules\@angular\core\fesm2022\core.mjs:20521:22)
    at TestBedCompiler.applyProviderOverridesInScope (C:\Source\Repos\file-share-service-ui\node_modules\@angular\core\fesm2022\testing.mjs:1020:29)
    at TestBedCompiler.applyProviderOverridesInScope [as compileTestModule] (C:\Source\Repos\file-share-service-ui\node_modules\@angular\core\fesm2022\testing.mjs:1286:10)
    at TestBedCompiler.compileTestModule [as finalize] (C:\Source\Repos\file-share-service-ui\node_modules\@angular\core\fesm2022\testing.mjs:873:10)
    at _TestBedImpl.finalize [as testModuleRef] (C:\Source\Repos\file-share-service-ui\node_modules\@angular\core\fesm2022\testing.mjs:1797:43)
    at _TestBedImpl.testModuleRef [as inject] (C:\Source\Repos\file-share-service-ui\node_modules\@angular\core\fesm2022\testing.mjs:1709:25)
    at Function.inject (C:\Source\Repos\file-share-service-ui\node_modules\@angular\core\fesm2022\testing.mjs:1580:34)
    at C:\Source\Repos\file-share-service-ui\Tests\UnitTests\ess-download-exchangeset.component.spec.ts:94:35
    at _ZoneDelegate.invoke (C:\Source\Repos\file-share-service-ui\node_modules\zone.js\bundles\zone.umd.js:395:160)
    at ProxyZoneSpec.onInvoke (C:\Source\Repos\file-share-service-ui\node_modules\zone.js\bundles\zone-testing.umd.js:2158:35)
    at _ZoneDelegate.invoke (C:\Source\Repos\file-share-service-ui\node_modules\zone.js\bundles\zone.umd.js:395:48)
    at ZoneImpl.run (C:\Source\Repos\file-share-service-ui\node_modules\zone.js\bundles\zone.umd.js:145:37)
    at Object.wrappedFunc (C:\Source\Repos\file-share-service-ui\node_modules\zone.js\bundles\zone-testing.umd.js:430:28)
    at Promise.then.completed (C:\Source\Repos\file-share-service-ui\node_modules\jest-circus\build\utils.js:298:28)
    at new Promise (&lt;anonymous&gt;)
    at callAsyncCircusFn (C:\Source\Repos\file-share-service-ui\node_modules\jest-circus\build\utils.js:231:10)
    at _callCircusHook (C:\Source\Repos\file-share-service-ui\node_modules\jest-circus\build\run.js:281:40)
    at processTicksAndRejections (node:internal/process/task_queues:95:5)
    at _runTest (C:\Source\Repos\file-share-service-ui\node_modules\jest-circus\build\run.js:246:5)
    at _runTestsForDescribeBlock (C:\Source\Repos\file-share-service-ui\node_modules\jest-circus\build\run.js:126:9)
    at _runTestsForDescribeBlock (C:\Source\Repos\file-share-service-ui\node_modules\jest-circus\build\run.js:121:9)
    at run (C:\Source\Repos\file-share-service-ui\node_modules\jest-circus\build\run.js:71:3)
    at runAndTransformResultsToJestFormat (C:\Source\Repos\file-share-service-ui\node_modules\jest-circus\build\legacy-code-todo-rewrite\jestAdapterInit.js:122:21)</failure>
    </testcase>
    <testcase classname="EssDownloadExchangesetComponent should show error message when batch status is Failed" name="EssDownloadExchangesetComponent should show error message when batch status is Failed" time="0.004">
      <failure>Error: Unexpected &quot;AdmiraltyBreadcrumb&quot; found in the &quot;declarations&quot; array of the &quot;DesignSystemModule&quot; NgModule, &quot;AdmiraltyBreadcrumb&quot; is marked as standalone and can&apos;t be declared in any NgModule - did you intend to import it instead (by adding it to the &quot;imports&quot; array)?
Unexpected &quot;AdmiraltyBreadcrumbs&quot; found in the &quot;declarations&quot; array of the &quot;DesignSystemModule&quot; NgModule, &quot;AdmiraltyBreadcrumbs&quot; is marked as standalone and can&apos;t be declared in any NgModule - did you intend to import it instead (by adding it to the &quot;imports&quot; array)?
Unexpected &quot;AdmiraltyButton&quot; found in the &quot;declarations&quot; array of the &quot;DesignSystemModule&quot; NgModule, &quot;AdmiraltyButton&quot; is marked as standalone and can&apos;t be declared in any NgModule - did you intend to import it instead (by adding it to the &quot;imports&quot; array)?
Unexpected &quot;AdmiraltyCard&quot; found in the &quot;declarations&quot; array of the &quot;DesignSystemModule&quot; NgModule, &quot;AdmiraltyCard&quot; is marked as standalone and can&apos;t be declared in any NgModule - did you intend to import it instead (by adding it to the &quot;imports&quot; array)?
Unexpected &quot;AdmiraltyCheckbox&quot; found in the &quot;declarations&quot; array of the &quot;DesignSystemModule&quot; NgModule, &quot;AdmiraltyCheckbox&quot; is marked as standalone and can&apos;t be declared in any NgModule - did you intend to import it instead (by adding it to the &quot;imports&quot; array)?
Unexpected &quot;AdmiraltyColourBlock&quot; found in the &quot;declarations&quot; array of the &quot;DesignSystemModule&quot; NgModule, &quot;AdmiraltyColourBlock&quot; is marked as standalone and can&apos;t be declared in any NgModule - did you intend to import it instead (by adding it to the &quot;imports&quot; array)?
Unexpected &quot;AdmiraltyDialogue&quot; found in the &quot;declarations&quot; array of the &quot;DesignSystemModule&quot; NgModule, &quot;AdmiraltyDialogue&quot; is marked as standalone and can&apos;t be declared in any NgModule - did you intend to import it instead (by adding it to the &quot;imports&quot; array)?
Unexpected &quot;AdmiraltyExpansion&quot; found in the &quot;declarations&quot; array of the &quot;DesignSystemModule&quot; NgModule, &quot;AdmiraltyExpansion&quot; is marked as standalone and can&apos;t be declared in any NgModule - did you intend to import it instead (by adding it to the &quot;imports&quot; array)?
Unexpected &quot;AdmiraltyFileInput&quot; found in the &quot;declarations&quot; array of the &quot;DesignSystemModule&quot; NgModule, &quot;AdmiraltyFileInput&quot; is marked as standalone and can&apos;t be declared in any NgModule - did you intend to import it instead (by adding it to the &quot;imports&quot; array)?
Unexpected &quot;AdmiraltyFilter&quot; found in the &quot;declarations&quot; array of the &quot;DesignSystemModule&quot; NgModule, &quot;AdmiraltyFilter&quot; is marked as standalone and can&apos;t be declared in any NgModule - did you intend to import it instead (by adding it to the &quot;imports&quot; array)?
Unexpected &quot;AdmiraltyFilterGroup&quot; found in the &quot;declarations&quot; array of the &quot;DesignSystemModule&quot; NgModule, &quot;AdmiraltyFilterGroup&quot; is marked as standalone and can&apos;t be declared in any NgModule - did you intend to import it instead (by adding it to the &quot;imports&quot; array)?
Unexpected &quot;AdmiraltyFooter&quot; found in the &quot;declarations&quot; array of the &quot;DesignSystemModule&quot; NgModule, &quot;AdmiraltyFooter&quot; is marked as standalone and can&apos;t be declared in any NgModule - did you intend to import it instead (by adding it to the &quot;imports&quot; array)?
Unexpected &quot;AdmiraltyHeader&quot; found in the &quot;declarations&quot; array of the &quot;DesignSystemModule&quot; NgModule, &quot;AdmiraltyHeader&quot; is marked as standalone and can&apos;t be declared in any NgModule - did you intend to import it instead (by adding it to the &quot;imports&quot; array)?
Unexpected &quot;AdmiraltyHeaderMenuItem&quot; found in the &quot;declarations&quot; array of the &quot;DesignSystemModule&quot; NgModule, &quot;AdmiraltyHeaderMenuItem&quot; is marked as standalone and can&apos;t be declared in any NgModule - did you intend to import it instead (by adding it to the &quot;imports&quot; array)?
Unexpected &quot;AdmiraltyHeaderProfile&quot; found in the &quot;declarations&quot; array of the &quot;DesignSystemModule&quot; NgModule, &quot;AdmiraltyHeaderProfile&quot; is marked as standalone and can&apos;t be declared in any NgModule - did you intend to import it instead (by adding it to the &quot;imports&quot; array)?
Unexpected &quot;AdmiraltyHeaderSubMenuItem&quot; found in the &quot;declarations&quot; array of the &quot;DesignSystemModule&quot; NgModule, &quot;AdmiraltyHeaderSubMenuItem&quot; is marked as standalone and can&apos;t be declared in any NgModule - did you intend to import it instead (by adding it to the &quot;imports&quot; array)?
Unexpected &quot;AdmiraltyHint&quot; found in the &quot;declarations&quot; array of the &quot;DesignSystemModule&quot; NgModule, &quot;AdmiraltyHint&quot; is marked as standalone and can&apos;t be declared in any NgModule - did you intend to import it instead (by adding it to the &quot;imports&quot; array)?
Unexpected &quot;AdmiraltyHr&quot; found in the &quot;declarations&quot; array of the &quot;DesignSystemModule&quot; NgModule, &quot;AdmiraltyHr&quot; is marked as standalone and can&apos;t be declared in any NgModule - did you intend to import it instead (by adding it to the &quot;imports&quot; array)?
Unexpected &quot;AdmiraltyIcon&quot; found in the &quot;declarations&quot; array of the &quot;DesignSystemModule&quot; NgModule, &quot;AdmiraltyIcon&quot; is marked as standalone and can&apos;t be declared in any NgModule - did you intend to import it instead (by adding it to the &quot;imports&quot; array)?
Unexpected &quot;AdmiraltyInput&quot; found in the &quot;declarations&quot; array of the &quot;DesignSystemModule&quot; NgModule, &quot;AdmiraltyInput&quot; is marked as standalone and can&apos;t be declared in any NgModule - did you intend to import it instead (by adding it to the &quot;imports&quot; array)?
Unexpected &quot;AdmiraltyInputError&quot; found in the &quot;declarations&quot; array of the &quot;DesignSystemModule&quot; NgModule, &quot;AdmiraltyInputError&quot; is marked as standalone and can&apos;t be declared in any NgModule - did you intend to import it instead (by adding it to the &quot;imports&quot; array)?
Unexpected &quot;AdmiraltyLabel&quot; found in the &quot;declarations&quot; array of the &quot;DesignSystemModule&quot; NgModule, &quot;AdmiraltyLabel&quot; is marked as standalone and can&apos;t be declared in any NgModule - did you intend to import it instead (by adding it to the &quot;imports&quot; array)?
Unexpected &quot;AdmiraltyLink&quot; found in the &quot;declarations&quot; array of the &quot;DesignSystemModule&quot; NgModule, &quot;AdmiraltyLink&quot; is marked as standalone and can&apos;t be declared in any NgModule - did you intend to import it instead (by adding it to the &quot;imports&quot; array)?
Unexpected &quot;AdmiraltyPaginator&quot; found in the &quot;declarations&quot; array of the &quot;DesignSystemModule&quot; NgModule, &quot;AdmiraltyPaginator&quot; is marked as standalone and can&apos;t be declared in any NgModule - did you intend to import it instead (by adding it to the &quot;imports&quot; array)?
Unexpected &quot;AdmiraltyPhaseBanner&quot; found in the &quot;declarations&quot; array of the &quot;DesignSystemModule&quot; NgModule, &quot;AdmiraltyPhaseBanner&quot; is marked as standalone and can&apos;t be declared in any NgModule - did you intend to import it instead (by adding it to the &quot;imports&quot; array)?
Unexpected &quot;AdmiraltyProgressBar&quot; found in the &quot;declarations&quot; array of the &quot;DesignSystemModule&quot; NgModule, &quot;AdmiraltyProgressBar&quot; is marked as standalone and can&apos;t be declared in any NgModule - did you intend to import it instead (by adding it to the &quot;imports&quot; array)?
Unexpected &quot;AdmiraltyRadio&quot; found in the &quot;declarations&quot; array of the &quot;DesignSystemModule&quot; NgModule, &quot;AdmiraltyRadio&quot; is marked as standalone and can&apos;t be declared in any NgModule - did you intend to import it instead (by adding it to the &quot;imports&quot; array)?
Unexpected &quot;AdmiraltyRadioGroup&quot; found in the &quot;declarations&quot; array of the &quot;DesignSystemModule&quot; NgModule, &quot;AdmiraltyRadioGroup&quot; is marked as standalone and can&apos;t be declared in any NgModule - did you intend to import it instead (by adding it to the &quot;imports&quot; array)?
Unexpected &quot;AdmiraltyReadMore&quot; found in the &quot;declarations&quot; array of the &quot;DesignSystemModule&quot; NgModule, &quot;AdmiraltyReadMore&quot; is marked as standalone and can&apos;t be declared in any NgModule - did you intend to import it instead (by adding it to the &quot;imports&quot; array)?
Unexpected &quot;AdmiraltySelect&quot; found in the &quot;declarations&quot; array of the &quot;DesignSystemModule&quot; NgModule, &quot;AdmiraltySelect&quot; is marked as standalone and can&apos;t be declared in any NgModule - did you intend to import it instead (by adding it to the &quot;imports&quot; array)?
Unexpected &quot;AdmiraltySideNav&quot; found in the &quot;declarations&quot; array of the &quot;DesignSystemModule&quot; NgModule, &quot;AdmiraltySideNav&quot; is marked as standalone and can&apos;t be declared in any NgModule - did you intend to import it instead (by adding it to the &quot;imports&quot; array)?
Unexpected &quot;AdmiraltySideNavItem&quot; found in the &quot;declarations&quot; array of the &quot;DesignSystemModule&quot; NgModule, &quot;AdmiraltySideNavItem&quot; is marked as standalone and can&apos;t be declared in any NgModule - did you intend to import it instead (by adding it to the &quot;imports&quot; array)?
Unexpected &quot;AdmiraltyTab&quot; found in the &quot;declarations&quot; array of the &quot;DesignSystemModule&quot; NgModule, &quot;AdmiraltyTab&quot; is marked as standalone and can&apos;t be declared in any NgModule - did you intend to import it instead (by adding it to the &quot;imports&quot; array)?
Unexpected &quot;AdmiraltyTabGroup&quot; found in the &quot;declarations&quot; array of the &quot;DesignSystemModule&quot; NgModule, &quot;AdmiraltyTabGroup&quot; is marked as standalone and can&apos;t be declared in any NgModule - did you intend to import it instead (by adding it to the &quot;imports&quot; array)?
Unexpected &quot;AdmiraltyTable&quot; found in the &quot;declarations&quot; array of the &quot;DesignSystemModule&quot; NgModule, &quot;AdmiraltyTable&quot; is marked as standalone and can&apos;t be declared in any NgModule - did you intend to import it instead (by adding it to the &quot;imports&quot; array)?
Unexpected &quot;AdmiraltyTableBody&quot; found in the &quot;declarations&quot; array of the &quot;DesignSystemModule&quot; NgModule, &quot;AdmiraltyTableBody&quot; is marked as standalone and can&apos;t be declared in any NgModule - did you intend to import it instead (by adding it to the &quot;imports&quot; array)?
Unexpected &quot;AdmiraltyTableCell&quot; found in the &quot;declarations&quot; array of the &quot;DesignSystemModule&quot; NgModule, &quot;AdmiraltyTableCell&quot; is marked as standalone and can&apos;t be declared in any NgModule - did you intend to import it instead (by adding it to the &quot;imports&quot; array)?
Unexpected &quot;AdmiraltyTableHeader&quot; found in the &quot;declarations&quot; array of the &quot;DesignSystemModule&quot; NgModule, &quot;AdmiraltyTableHeader&quot; is marked as standalone and can&apos;t be declared in any NgModule - did you intend to import it instead (by adding it to the &quot;imports&quot; array)?
Unexpected &quot;AdmiraltyTableHeaderCell&quot; found in the &quot;declarations&quot; array of the &quot;DesignSystemModule&quot; NgModule, &quot;AdmiraltyTableHeaderCell&quot; is marked as standalone and can&apos;t be declared in any NgModule - did you intend to import it instead (by adding it to the &quot;imports&quot; array)?
Unexpected &quot;AdmiraltyTableRow&quot; found in the &quot;declarations&quot; array of the &quot;DesignSystemModule&quot; NgModule, &quot;AdmiraltyTableRow&quot; is marked as standalone and can&apos;t be declared in any NgModule - did you intend to import it instead (by adding it to the &quot;imports&quot; array)?
Unexpected &quot;AdmiraltyTextarea&quot; found in the &quot;declarations&quot; array of the &quot;DesignSystemModule&quot; NgModule, &quot;AdmiraltyTextarea&quot; is marked as standalone and can&apos;t be declared in any NgModule - did you intend to import it instead (by adding it to the &quot;imports&quot; array)?
Unexpected &quot;AdmiraltyTypeAhead&quot; found in the &quot;declarations&quot; array of the &quot;DesignSystemModule&quot; NgModule, &quot;AdmiraltyTypeAhead&quot; is marked as standalone and can&apos;t be declared in any NgModule - did you intend to import it instead (by adding it to the &quot;imports&quot; array)?
Unexpected &quot;AdmiraltyTypeAheadItem&quot; found in the &quot;declarations&quot; array of the &quot;DesignSystemModule&quot; NgModule, &quot;AdmiraltyTypeAheadItem&quot; is marked as standalone and can&apos;t be declared in any NgModule - did you intend to import it instead (by adding it to the &quot;imports&quot; array)?
Unexpected &quot;TextValueAccessor&quot; found in the &quot;declarations&quot; array of the &quot;DesignSystemModule&quot; NgModule, &quot;TextValueAccessor&quot; is marked as standalone and can&apos;t be declared in any NgModule - did you intend to import it instead (by adding it to the &quot;imports&quot; array)?
Unexpected &quot;BooleanValueAccessor&quot; found in the &quot;declarations&quot; array of the &quot;DesignSystemModule&quot; NgModule, &quot;BooleanValueAccessor&quot; is marked as standalone and can&apos;t be declared in any NgModule - did you intend to import it instead (by adding it to the &quot;imports&quot; array)?
Unexpected &quot;NumericValueAccessor&quot; found in the &quot;declarations&quot; array of the &quot;DesignSystemModule&quot; NgModule, &quot;NumericValueAccessor&quot; is marked as standalone and can&apos;t be declared in any NgModule - did you intend to import it instead (by adding it to the &quot;imports&quot; array)?
Unexpected &quot;RadioValueAccessor&quot; found in the &quot;declarations&quot; array of the &quot;DesignSystemModule&quot; NgModule, &quot;RadioValueAccessor&quot; is marked as standalone and can&apos;t be declared in any NgModule - did you intend to import it instead (by adding it to the &quot;imports&quot; array)?
Unexpected &quot;SelectValueAccessor&quot; found in the &quot;declarations&quot; array of the &quot;DesignSystemModule&quot; NgModule, &quot;SelectValueAccessor&quot; is marked as standalone and can&apos;t be declared in any NgModule - did you intend to import it instead (by adding it to the &quot;imports&quot; array)?
    at verifySemanticsOfNgModuleDef (C:\Source\Repos\file-share-service-ui\node_modules\@angular\core\fesm2022\core.mjs:20592:11)
    at verifySemanticsOfNgModuleDef (C:\Source\Repos\file-share-service-ui\node_modules\@angular\core\fesm2022\core.mjs:20570:5)
    at Array.forEach (&lt;anonymous&gt;)
    at forEach (C:\Source\Repos\file-share-service-ui\node_modules\@angular\core\fesm2022\core.mjs:20568:58)
    at Function.verifySemanticsOfNgModuleDef (C:\Source\Repos\file-share-service-ui\node_modules\@angular\core\fesm2022\core.mjs:20521:22)
    at TestBedCompiler.applyProviderOverridesInScope (C:\Source\Repos\file-share-service-ui\node_modules\@angular\core\fesm2022\testing.mjs:1020:29)
    at TestBedCompiler.applyProviderOverridesInScope [as compileTestModule] (C:\Source\Repos\file-share-service-ui\node_modules\@angular\core\fesm2022\testing.mjs:1286:10)
    at TestBedCompiler.compileTestModule [as finalize] (C:\Source\Repos\file-share-service-ui\node_modules\@angular\core\fesm2022\testing.mjs:873:10)
    at _TestBedImpl.finalize [as testModuleRef] (C:\Source\Repos\file-share-service-ui\node_modules\@angular\core\fesm2022\testing.mjs:1797:43)
    at _TestBedImpl.testModuleRef [as inject] (C:\Source\Repos\file-share-service-ui\node_modules\@angular\core\fesm2022\testing.mjs:1709:25)
    at Function.inject (C:\Source\Repos\file-share-service-ui\node_modules\@angular\core\fesm2022\testing.mjs:1580:34)
    at C:\Source\Repos\file-share-service-ui\Tests\UnitTests\ess-download-exchangeset.component.spec.ts:94:35
    at _ZoneDelegate.invoke (C:\Source\Repos\file-share-service-ui\node_modules\zone.js\bundles\zone.umd.js:395:160)
    at ProxyZoneSpec.onInvoke (C:\Source\Repos\file-share-service-ui\node_modules\zone.js\bundles\zone-testing.umd.js:2158:35)
    at _ZoneDelegate.invoke (C:\Source\Repos\file-share-service-ui\node_modules\zone.js\bundles\zone.umd.js:395:48)
    at ZoneImpl.run (C:\Source\Repos\file-share-service-ui\node_modules\zone.js\bundles\zone.umd.js:145:37)
    at Object.wrappedFunc (C:\Source\Repos\file-share-service-ui\node_modules\zone.js\bundles\zone-testing.umd.js:430:28)
    at Promise.then.completed (C:\Source\Repos\file-share-service-ui\node_modules\jest-circus\build\utils.js:298:28)
    at new Promise (&lt;anonymous&gt;)
    at callAsyncCircusFn (C:\Source\Repos\file-share-service-ui\node_modules\jest-circus\build\utils.js:231:10)
    at _callCircusHook (C:\Source\Repos\file-share-service-ui\node_modules\jest-circus\build\run.js:281:40)
    at processTicksAndRejections (node:internal/process/task_queues:95:5)
    at _runTest (C:\Source\Repos\file-share-service-ui\node_modules\jest-circus\build\run.js:246:5)
    at _runTestsForDescribeBlock (C:\Source\Repos\file-share-service-ui\node_modules\jest-circus\build\run.js:126:9)
    at _runTestsForDescribeBlock (C:\Source\Repos\file-share-service-ui\node_modules\jest-circus\build\run.js:121:9)
    at run (C:\Source\Repos\file-share-service-ui\node_modules\jest-circus\build\run.js:71:3)
    at runAndTransformResultsToJestFormat (C:\Source\Repos\file-share-service-ui\node_modules\jest-circus\build\legacy-code-todo-rewrite\jestAdapterInit.js:122:21)</failure>
    </testcase>
    <testcase classname="EssDownloadExchangesetComponent should display loader when download button is clicked and hide loader after refreshToken API response" name="EssDownloadExchangesetComponent should display loader when download button is clicked and hide loader after refreshToken API response" time="0.015">
      <failure>Error: Unexpected &quot;AdmiraltyBreadcrumb&quot; found in the &quot;declarations&quot; array of the &quot;DesignSystemModule&quot; NgModule, &quot;AdmiraltyBreadcrumb&quot; is marked as standalone and can&apos;t be declared in any NgModule - did you intend to import it instead (by adding it to the &quot;imports&quot; array)?
Unexpected &quot;AdmiraltyBreadcrumbs&quot; found in the &quot;declarations&quot; array of the &quot;DesignSystemModule&quot; NgModule, &quot;AdmiraltyBreadcrumbs&quot; is marked as standalone and can&apos;t be declared in any NgModule - did you intend to import it instead (by adding it to the &quot;imports&quot; array)?
Unexpected &quot;AdmiraltyButton&quot; found in the &quot;declarations&quot; array of the &quot;DesignSystemModule&quot; NgModule, &quot;AdmiraltyButton&quot; is marked as standalone and can&apos;t be declared in any NgModule - did you intend to import it instead (by adding it to the &quot;imports&quot; array)?
Unexpected &quot;AdmiraltyCard&quot; found in the &quot;declarations&quot; array of the &quot;DesignSystemModule&quot; NgModule, &quot;AdmiraltyCard&quot; is marked as standalone and can&apos;t be declared in any NgModule - did you intend to import it instead (by adding it to the &quot;imports&quot; array)?
Unexpected &quot;AdmiraltyCheckbox&quot; found in the &quot;declarations&quot; array of the &quot;DesignSystemModule&quot; NgModule, &quot;AdmiraltyCheckbox&quot; is marked as standalone and can&apos;t be declared in any NgModule - did you intend to import it instead (by adding it to the &quot;imports&quot; array)?
Unexpected &quot;AdmiraltyColourBlock&quot; found in the &quot;declarations&quot; array of the &quot;DesignSystemModule&quot; NgModule, &quot;AdmiraltyColourBlock&quot; is marked as standalone and can&apos;t be declared in any NgModule - did you intend to import it instead (by adding it to the &quot;imports&quot; array)?
Unexpected &quot;AdmiraltyDialogue&quot; found in the &quot;declarations&quot; array of the &quot;DesignSystemModule&quot; NgModule, &quot;AdmiraltyDialogue&quot; is marked as standalone and can&apos;t be declared in any NgModule - did you intend to import it instead (by adding it to the &quot;imports&quot; array)?
Unexpected &quot;AdmiraltyExpansion&quot; found in the &quot;declarations&quot; array of the &quot;DesignSystemModule&quot; NgModule, &quot;AdmiraltyExpansion&quot; is marked as standalone and can&apos;t be declared in any NgModule - did you intend to import it instead (by adding it to the &quot;imports&quot; array)?
Unexpected &quot;AdmiraltyFileInput&quot; found in the &quot;declarations&quot; array of the &quot;DesignSystemModule&quot; NgModule, &quot;AdmiraltyFileInput&quot; is marked as standalone and can&apos;t be declared in any NgModule - did you intend to import it instead (by adding it to the &quot;imports&quot; array)?
Unexpected &quot;AdmiraltyFilter&quot; found in the &quot;declarations&quot; array of the &quot;DesignSystemModule&quot; NgModule, &quot;AdmiraltyFilter&quot; is marked as standalone and can&apos;t be declared in any NgModule - did you intend to import it instead (by adding it to the &quot;imports&quot; array)?
Unexpected &quot;AdmiraltyFilterGroup&quot; found in the &quot;declarations&quot; array of the &quot;DesignSystemModule&quot; NgModule, &quot;AdmiraltyFilterGroup&quot; is marked as standalone and can&apos;t be declared in any NgModule - did you intend to import it instead (by adding it to the &quot;imports&quot; array)?
Unexpected &quot;AdmiraltyFooter&quot; found in the &quot;declarations&quot; array of the &quot;DesignSystemModule&quot; NgModule, &quot;AdmiraltyFooter&quot; is marked as standalone and can&apos;t be declared in any NgModule - did you intend to import it instead (by adding it to the &quot;imports&quot; array)?
Unexpected &quot;AdmiraltyHeader&quot; found in the &quot;declarations&quot; array of the &quot;DesignSystemModule&quot; NgModule, &quot;AdmiraltyHeader&quot; is marked as standalone and can&apos;t be declared in any NgModule - did you intend to import it instead (by adding it to the &quot;imports&quot; array)?
Unexpected &quot;AdmiraltyHeaderMenuItem&quot; found in the &quot;declarations&quot; array of the &quot;DesignSystemModule&quot; NgModule, &quot;AdmiraltyHeaderMenuItem&quot; is marked as standalone and can&apos;t be declared in any NgModule - did you intend to import it instead (by adding it to the &quot;imports&quot; array)?
Unexpected &quot;AdmiraltyHeaderProfile&quot; found in the &quot;declarations&quot; array of the &quot;DesignSystemModule&quot; NgModule, &quot;AdmiraltyHeaderProfile&quot; is marked as standalone and can&apos;t be declared in any NgModule - did you intend to import it instead (by adding it to the &quot;imports&quot; array)?
Unexpected &quot;AdmiraltyHeaderSubMenuItem&quot; found in the &quot;declarations&quot; array of the &quot;DesignSystemModule&quot; NgModule, &quot;AdmiraltyHeaderSubMenuItem&quot; is marked as standalone and can&apos;t be declared in any NgModule - did you intend to import it instead (by adding it to the &quot;imports&quot; array)?
Unexpected &quot;AdmiraltyHint&quot; found in the &quot;declarations&quot; array of the &quot;DesignSystemModule&quot; NgModule, &quot;AdmiraltyHint&quot; is marked as standalone and can&apos;t be declared in any NgModule - did you intend to import it instead (by adding it to the &quot;imports&quot; array)?
Unexpected &quot;AdmiraltyHr&quot; found in the &quot;declarations&quot; array of the &quot;DesignSystemModule&quot; NgModule, &quot;AdmiraltyHr&quot; is marked as standalone and can&apos;t be declared in any NgModule - did you intend to import it instead (by adding it to the &quot;imports&quot; array)?
Unexpected &quot;AdmiraltyIcon&quot; found in the &quot;declarations&quot; array of the &quot;DesignSystemModule&quot; NgModule, &quot;AdmiraltyIcon&quot; is marked as standalone and can&apos;t be declared in any NgModule - did you intend to import it instead (by adding it to the &quot;imports&quot; array)?
Unexpected &quot;AdmiraltyInput&quot; found in the &quot;declarations&quot; array of the &quot;DesignSystemModule&quot; NgModule, &quot;AdmiraltyInput&quot; is marked as standalone and can&apos;t be declared in any NgModule - did you intend to import it instead (by adding it to the &quot;imports&quot; array)?
Unexpected &quot;AdmiraltyInputError&quot; found in the &quot;declarations&quot; array of the &quot;DesignSystemModule&quot; NgModule, &quot;AdmiraltyInputError&quot; is marked as standalone and can&apos;t be declared in any NgModule - did you intend to import it instead (by adding it to the &quot;imports&quot; array)?
Unexpected &quot;AdmiraltyLabel&quot; found in the &quot;declarations&quot; array of the &quot;DesignSystemModule&quot; NgModule, &quot;AdmiraltyLabel&quot; is marked as standalone and can&apos;t be declared in any NgModule - did you intend to import it instead (by adding it to the &quot;imports&quot; array)?
Unexpected &quot;AdmiraltyLink&quot; found in the &quot;declarations&quot; array of the &quot;DesignSystemModule&quot; NgModule, &quot;AdmiraltyLink&quot; is marked as standalone and can&apos;t be declared in any NgModule - did you intend to import it instead (by adding it to the &quot;imports&quot; array)?
Unexpected &quot;AdmiraltyPaginator&quot; found in the &quot;declarations&quot; array of the &quot;DesignSystemModule&quot; NgModule, &quot;AdmiraltyPaginator&quot; is marked as standalone and can&apos;t be declared in any NgModule - did you intend to import it instead (by adding it to the &quot;imports&quot; array)?
Unexpected &quot;AdmiraltyPhaseBanner&quot; found in the &quot;declarations&quot; array of the &quot;DesignSystemModule&quot; NgModule, &quot;AdmiraltyPhaseBanner&quot; is marked as standalone and can&apos;t be declared in any NgModule - did you intend to import it instead (by adding it to the &quot;imports&quot; array)?
Unexpected &quot;AdmiraltyProgressBar&quot; found in the &quot;declarations&quot; array of the &quot;DesignSystemModule&quot; NgModule, &quot;AdmiraltyProgressBar&quot; is marked as standalone and can&apos;t be declared in any NgModule - did you intend to import it instead (by adding it to the &quot;imports&quot; array)?
Unexpected &quot;AdmiraltyRadio&quot; found in the &quot;declarations&quot; array of the &quot;DesignSystemModule&quot; NgModule, &quot;AdmiraltyRadio&quot; is marked as standalone and can&apos;t be declared in any NgModule - did you intend to import it instead (by adding it to the &quot;imports&quot; array)?
Unexpected &quot;AdmiraltyRadioGroup&quot; found in the &quot;declarations&quot; array of the &quot;DesignSystemModule&quot; NgModule, &quot;AdmiraltyRadioGroup&quot; is marked as standalone and can&apos;t be declared in any NgModule - did you intend to import it instead (by adding it to the &quot;imports&quot; array)?
Unexpected &quot;AdmiraltyReadMore&quot; found in the &quot;declarations&quot; array of the &quot;DesignSystemModule&quot; NgModule, &quot;AdmiraltyReadMore&quot; is marked as standalone and can&apos;t be declared in any NgModule - did you intend to import it instead (by adding it to the &quot;imports&quot; array)?
Unexpected &quot;AdmiraltySelect&quot; found in the &quot;declarations&quot; array of the &quot;DesignSystemModule&quot; NgModule, &quot;AdmiraltySelect&quot; is marked as standalone and can&apos;t be declared in any NgModule - did you intend to import it instead (by adding it to the &quot;imports&quot; array)?
Unexpected &quot;AdmiraltySideNav&quot; found in the &quot;declarations&quot; array of the &quot;DesignSystemModule&quot; NgModule, &quot;AdmiraltySideNav&quot; is marked as standalone and can&apos;t be declared in any NgModule - did you intend to import it instead (by adding it to the &quot;imports&quot; array)?
Unexpected &quot;AdmiraltySideNavItem&quot; found in the &quot;declarations&quot; array of the &quot;DesignSystemModule&quot; NgModule, &quot;AdmiraltySideNavItem&quot; is marked as standalone and can&apos;t be declared in any NgModule - did you intend to import it instead (by adding it to the &quot;imports&quot; array)?
Unexpected &quot;AdmiraltyTab&quot; found in the &quot;declarations&quot; array of the &quot;DesignSystemModule&quot; NgModule, &quot;AdmiraltyTab&quot; is marked as standalone and can&apos;t be declared in any NgModule - did you intend to import it instead (by adding it to the &quot;imports&quot; array)?
Unexpected &quot;AdmiraltyTabGroup&quot; found in the &quot;declarations&quot; array of the &quot;DesignSystemModule&quot; NgModule, &quot;AdmiraltyTabGroup&quot; is marked as standalone and can&apos;t be declared in any NgModule - did you intend to import it instead (by adding it to the &quot;imports&quot; array)?
Unexpected &quot;AdmiraltyTable&quot; found in the &quot;declarations&quot; array of the &quot;DesignSystemModule&quot; NgModule, &quot;AdmiraltyTable&quot; is marked as standalone and can&apos;t be declared in any NgModule - did you intend to import it instead (by adding it to the &quot;imports&quot; array)?
Unexpected &quot;AdmiraltyTableBody&quot; found in the &quot;declarations&quot; array of the &quot;DesignSystemModule&quot; NgModule, &quot;AdmiraltyTableBody&quot; is marked as standalone and can&apos;t be declared in any NgModule - did you intend to import it instead (by adding it to the &quot;imports&quot; array)?
Unexpected &quot;AdmiraltyTableCell&quot; found in the &quot;declarations&quot; array of the &quot;DesignSystemModule&quot; NgModule, &quot;AdmiraltyTableCell&quot; is marked as standalone and can&apos;t be declared in any NgModule - did you intend to import it instead (by adding it to the &quot;imports&quot; array)?
Unexpected &quot;AdmiraltyTableHeader&quot; found in the &quot;declarations&quot; array of the &quot;DesignSystemModule&quot; NgModule, &quot;AdmiraltyTableHeader&quot; is marked as standalone and can&apos;t be declared in any NgModule - did you intend to import it instead (by adding it to the &quot;imports&quot; array)?
Unexpected &quot;AdmiraltyTableHeaderCell&quot; found in the &quot;declarations&quot; array of the &quot;DesignSystemModule&quot; NgModule, &quot;AdmiraltyTableHeaderCell&quot; is marked as standalone and can&apos;t be declared in any NgModule - did you intend to import it instead (by adding it to the &quot;imports&quot; array)?
Unexpected &quot;AdmiraltyTableRow&quot; found in the &quot;declarations&quot; array of the &quot;DesignSystemModule&quot; NgModule, &quot;AdmiraltyTableRow&quot; is marked as standalone and can&apos;t be declared in any NgModule - did you intend to import it instead (by adding it to the &quot;imports&quot; array)?
Unexpected &quot;AdmiraltyTextarea&quot; found in the &quot;declarations&quot; array of the &quot;DesignSystemModule&quot; NgModule, &quot;AdmiraltyTextarea&quot; is marked as standalone and can&apos;t be declared in any NgModule - did you intend to import it instead (by adding it to the &quot;imports&quot; array)?
Unexpected &quot;AdmiraltyTypeAhead&quot; found in the &quot;declarations&quot; array of the &quot;DesignSystemModule&quot; NgModule, &quot;AdmiraltyTypeAhead&quot; is marked as standalone and can&apos;t be declared in any NgModule - did you intend to import it instead (by adding it to the &quot;imports&quot; array)?
Unexpected &quot;AdmiraltyTypeAheadItem&quot; found in the &quot;declarations&quot; array of the &quot;DesignSystemModule&quot; NgModule, &quot;AdmiraltyTypeAheadItem&quot; is marked as standalone and can&apos;t be declared in any NgModule - did you intend to import it instead (by adding it to the &quot;imports&quot; array)?
Unexpected &quot;TextValueAccessor&quot; found in the &quot;declarations&quot; array of the &quot;DesignSystemModule&quot; NgModule, &quot;TextValueAccessor&quot; is marked as standalone and can&apos;t be declared in any NgModule - did you intend to import it instead (by adding it to the &quot;imports&quot; array)?
Unexpected &quot;BooleanValueAccessor&quot; found in the &quot;declarations&quot; array of the &quot;DesignSystemModule&quot; NgModule, &quot;BooleanValueAccessor&quot; is marked as standalone and can&apos;t be declared in any NgModule - did you intend to import it instead (by adding it to the &quot;imports&quot; array)?
Unexpected &quot;NumericValueAccessor&quot; found in the &quot;declarations&quot; array of the &quot;DesignSystemModule&quot; NgModule, &quot;NumericValueAccessor&quot; is marked as standalone and can&apos;t be declared in any NgModule - did you intend to import it instead (by adding it to the &quot;imports&quot; array)?
Unexpected &quot;RadioValueAccessor&quot; found in the &quot;declarations&quot; array of the &quot;DesignSystemModule&quot; NgModule, &quot;RadioValueAccessor&quot; is marked as standalone and can&apos;t be declared in any NgModule - did you intend to import it instead (by adding it to the &quot;imports&quot; array)?
Unexpected &quot;SelectValueAccessor&quot; found in the &quot;declarations&quot; array of the &quot;DesignSystemModule&quot; NgModule, &quot;SelectValueAccessor&quot; is marked as standalone and can&apos;t be declared in any NgModule - did you intend to import it instead (by adding it to the &quot;imports&quot; array)?
    at verifySemanticsOfNgModuleDef (C:\Source\Repos\file-share-service-ui\node_modules\@angular\core\fesm2022\core.mjs:20592:11)
    at verifySemanticsOfNgModuleDef (C:\Source\Repos\file-share-service-ui\node_modules\@angular\core\fesm2022\core.mjs:20570:5)
    at Array.forEach (&lt;anonymous&gt;)
    at forEach (C:\Source\Repos\file-share-service-ui\node_modules\@angular\core\fesm2022\core.mjs:20568:58)
    at Function.verifySemanticsOfNgModuleDef (C:\Source\Repos\file-share-service-ui\node_modules\@angular\core\fesm2022\core.mjs:20521:22)
    at TestBedCompiler.applyProviderOverridesInScope (C:\Source\Repos\file-share-service-ui\node_modules\@angular\core\fesm2022\testing.mjs:1020:29)
    at TestBedCompiler.applyProviderOverridesInScope [as compileTestModule] (C:\Source\Repos\file-share-service-ui\node_modules\@angular\core\fesm2022\testing.mjs:1286:10)
    at TestBedCompiler.compileTestModule [as finalize] (C:\Source\Repos\file-share-service-ui\node_modules\@angular\core\fesm2022\testing.mjs:873:10)
    at _TestBedImpl.finalize [as testModuleRef] (C:\Source\Repos\file-share-service-ui\node_modules\@angular\core\fesm2022\testing.mjs:1797:43)
    at _TestBedImpl.testModuleRef [as inject] (C:\Source\Repos\file-share-service-ui\node_modules\@angular\core\fesm2022\testing.mjs:1709:25)
    at Function.inject (C:\Source\Repos\file-share-service-ui\node_modules\@angular\core\fesm2022\testing.mjs:1580:34)
    at C:\Source\Repos\file-share-service-ui\Tests\UnitTests\ess-download-exchangeset.component.spec.ts:94:35
    at _ZoneDelegate.invoke (C:\Source\Repos\file-share-service-ui\node_modules\zone.js\bundles\zone.umd.js:395:160)
    at ProxyZoneSpec.onInvoke (C:\Source\Repos\file-share-service-ui\node_modules\zone.js\bundles\zone-testing.umd.js:2158:35)
    at _ZoneDelegate.invoke (C:\Source\Repos\file-share-service-ui\node_modules\zone.js\bundles\zone.umd.js:395:48)
    at ZoneImpl.run (C:\Source\Repos\file-share-service-ui\node_modules\zone.js\bundles\zone.umd.js:145:37)
    at Object.wrappedFunc (C:\Source\Repos\file-share-service-ui\node_modules\zone.js\bundles\zone-testing.umd.js:430:28)
    at Promise.then.completed (C:\Source\Repos\file-share-service-ui\node_modules\jest-circus\build\utils.js:298:28)
    at new Promise (&lt;anonymous&gt;)
    at callAsyncCircusFn (C:\Source\Repos\file-share-service-ui\node_modules\jest-circus\build\utils.js:231:10)
    at _callCircusHook (C:\Source\Repos\file-share-service-ui\node_modules\jest-circus\build\run.js:281:40)
    at processTicksAndRejections (node:internal/process/task_queues:95:5)
    at _runTest (C:\Source\Repos\file-share-service-ui\node_modules\jest-circus\build\run.js:246:5)
    at _runTestsForDescribeBlock (C:\Source\Repos\file-share-service-ui\node_modules\jest-circus\build\run.js:126:9)
    at _runTestsForDescribeBlock (C:\Source\Repos\file-share-service-ui\node_modules\jest-circus\build\run.js:121:9)
    at run (C:\Source\Repos\file-share-service-ui\node_modules\jest-circus\build\run.js:71:3)
    at runAndTransformResultsToJestFormat (C:\Source\Repos\file-share-service-ui\node_modules\jest-circus\build\legacy-code-todo-rewrite\jestAdapterInit.js:122:21)</failure>
    </testcase>
    <testcase classname="EssDownloadExchangesetComponent should call loginPopup() when error in acquireTokenSilent in checkBatchStatus" name="EssDownloadExchangesetComponent should call loginPopup() when error in acquireTokenSilent in checkBatchStatus" time="0.003">
      <failure>Error: Unexpected &quot;AdmiraltyBreadcrumb&quot; found in the &quot;declarations&quot; array of the &quot;DesignSystemModule&quot; NgModule, &quot;AdmiraltyBreadcrumb&quot; is marked as standalone and can&apos;t be declared in any NgModule - did you intend to import it instead (by adding it to the &quot;imports&quot; array)?
Unexpected &quot;AdmiraltyBreadcrumbs&quot; found in the &quot;declarations&quot; array of the &quot;DesignSystemModule&quot; NgModule, &quot;AdmiraltyBreadcrumbs&quot; is marked as standalone and can&apos;t be declared in any NgModule - did you intend to import it instead (by adding it to the &quot;imports&quot; array)?
Unexpected &quot;AdmiraltyButton&quot; found in the &quot;declarations&quot; array of the &quot;DesignSystemModule&quot; NgModule, &quot;AdmiraltyButton&quot; is marked as standalone and can&apos;t be declared in any NgModule - did you intend to import it instead (by adding it to the &quot;imports&quot; array)?
Unexpected &quot;AdmiraltyCard&quot; found in the &quot;declarations&quot; array of the &quot;DesignSystemModule&quot; NgModule, &quot;AdmiraltyCard&quot; is marked as standalone and can&apos;t be declared in any NgModule - did you intend to import it instead (by adding it to the &quot;imports&quot; array)?
Unexpected &quot;AdmiraltyCheckbox&quot; found in the &quot;declarations&quot; array of the &quot;DesignSystemModule&quot; NgModule, &quot;AdmiraltyCheckbox&quot; is marked as standalone and can&apos;t be declared in any NgModule - did you intend to import it instead (by adding it to the &quot;imports&quot; array)?
Unexpected &quot;AdmiraltyColourBlock&quot; found in the &quot;declarations&quot; array of the &quot;DesignSystemModule&quot; NgModule, &quot;AdmiraltyColourBlock&quot; is marked as standalone and can&apos;t be declared in any NgModule - did you intend to import it instead (by adding it to the &quot;imports&quot; array)?
Unexpected &quot;AdmiraltyDialogue&quot; found in the &quot;declarations&quot; array of the &quot;DesignSystemModule&quot; NgModule, &quot;AdmiraltyDialogue&quot; is marked as standalone and can&apos;t be declared in any NgModule - did you intend to import it instead (by adding it to the &quot;imports&quot; array)?
Unexpected &quot;AdmiraltyExpansion&quot; found in the &quot;declarations&quot; array of the &quot;DesignSystemModule&quot; NgModule, &quot;AdmiraltyExpansion&quot; is marked as standalone and can&apos;t be declared in any NgModule - did you intend to import it instead (by adding it to the &quot;imports&quot; array)?
Unexpected &quot;AdmiraltyFileInput&quot; found in the &quot;declarations&quot; array of the &quot;DesignSystemModule&quot; NgModule, &quot;AdmiraltyFileInput&quot; is marked as standalone and can&apos;t be declared in any NgModule - did you intend to import it instead (by adding it to the &quot;imports&quot; array)?
Unexpected &quot;AdmiraltyFilter&quot; found in the &quot;declarations&quot; array of the &quot;DesignSystemModule&quot; NgModule, &quot;AdmiraltyFilter&quot; is marked as standalone and can&apos;t be declared in any NgModule - did you intend to import it instead (by adding it to the &quot;imports&quot; array)?
Unexpected &quot;AdmiraltyFilterGroup&quot; found in the &quot;declarations&quot; array of the &quot;DesignSystemModule&quot; NgModule, &quot;AdmiraltyFilterGroup&quot; is marked as standalone and can&apos;t be declared in any NgModule - did you intend to import it instead (by adding it to the &quot;imports&quot; array)?
Unexpected &quot;AdmiraltyFooter&quot; found in the &quot;declarations&quot; array of the &quot;DesignSystemModule&quot; NgModule, &quot;AdmiraltyFooter&quot; is marked as standalone and can&apos;t be declared in any NgModule - did you intend to import it instead (by adding it to the &quot;imports&quot; array)?
Unexpected &quot;AdmiraltyHeader&quot; found in the &quot;declarations&quot; array of the &quot;DesignSystemModule&quot; NgModule, &quot;AdmiraltyHeader&quot; is marked as standalone and can&apos;t be declared in any NgModule - did you intend to import it instead (by adding it to the &quot;imports&quot; array)?
Unexpected &quot;AdmiraltyHeaderMenuItem&quot; found in the &quot;declarations&quot; array of the &quot;DesignSystemModule&quot; NgModule, &quot;AdmiraltyHeaderMenuItem&quot; is marked as standalone and can&apos;t be declared in any NgModule - did you intend to import it instead (by adding it to the &quot;imports&quot; array)?
Unexpected &quot;AdmiraltyHeaderProfile&quot; found in the &quot;declarations&quot; array of the &quot;DesignSystemModule&quot; NgModule, &quot;AdmiraltyHeaderProfile&quot; is marked as standalone and can&apos;t be declared in any NgModule - did you intend to import it instead (by adding it to the &quot;imports&quot; array)?
Unexpected &quot;AdmiraltyHeaderSubMenuItem&quot; found in the &quot;declarations&quot; array of the &quot;DesignSystemModule&quot; NgModule, &quot;AdmiraltyHeaderSubMenuItem&quot; is marked as standalone and can&apos;t be declared in any NgModule - did you intend to import it instead (by adding it to the &quot;imports&quot; array)?
Unexpected &quot;AdmiraltyHint&quot; found in the &quot;declarations&quot; array of the &quot;DesignSystemModule&quot; NgModule, &quot;AdmiraltyHint&quot; is marked as standalone and can&apos;t be declared in any NgModule - did you intend to import it instead (by adding it to the &quot;imports&quot; array)?
Unexpected &quot;AdmiraltyHr&quot; found in the &quot;declarations&quot; array of the &quot;DesignSystemModule&quot; NgModule, &quot;AdmiraltyHr&quot; is marked as standalone and can&apos;t be declared in any NgModule - did you intend to import it instead (by adding it to the &quot;imports&quot; array)?
Unexpected &quot;AdmiraltyIcon&quot; found in the &quot;declarations&quot; array of the &quot;DesignSystemModule&quot; NgModule, &quot;AdmiraltyIcon&quot; is marked as standalone and can&apos;t be declared in any NgModule - did you intend to import it instead (by adding it to the &quot;imports&quot; array)?
Unexpected &quot;AdmiraltyInput&quot; found in the &quot;declarations&quot; array of the &quot;DesignSystemModule&quot; NgModule, &quot;AdmiraltyInput&quot; is marked as standalone and can&apos;t be declared in any NgModule - did you intend to import it instead (by adding it to the &quot;imports&quot; array)?
Unexpected &quot;AdmiraltyInputError&quot; found in the &quot;declarations&quot; array of the &quot;DesignSystemModule&quot; NgModule, &quot;AdmiraltyInputError&quot; is marked as standalone and can&apos;t be declared in any NgModule - did you intend to import it instead (by adding it to the &quot;imports&quot; array)?
Unexpected &quot;AdmiraltyLabel&quot; found in the &quot;declarations&quot; array of the &quot;DesignSystemModule&quot; NgModule, &quot;AdmiraltyLabel&quot; is marked as standalone and can&apos;t be declared in any NgModule - did you intend to import it instead (by adding it to the &quot;imports&quot; array)?
Unexpected &quot;AdmiraltyLink&quot; found in the &quot;declarations&quot; array of the &quot;DesignSystemModule&quot; NgModule, &quot;AdmiraltyLink&quot; is marked as standalone and can&apos;t be declared in any NgModule - did you intend to import it instead (by adding it to the &quot;imports&quot; array)?
Unexpected &quot;AdmiraltyPaginator&quot; found in the &quot;declarations&quot; array of the &quot;DesignSystemModule&quot; NgModule, &quot;AdmiraltyPaginator&quot; is marked as standalone and can&apos;t be declared in any NgModule - did you intend to import it instead (by adding it to the &quot;imports&quot; array)?
Unexpected &quot;AdmiraltyPhaseBanner&quot; found in the &quot;declarations&quot; array of the &quot;DesignSystemModule&quot; NgModule, &quot;AdmiraltyPhaseBanner&quot; is marked as standalone and can&apos;t be declared in any NgModule - did you intend to import it instead (by adding it to the &quot;imports&quot; array)?
Unexpected &quot;AdmiraltyProgressBar&quot; found in the &quot;declarations&quot; array of the &quot;DesignSystemModule&quot; NgModule, &quot;AdmiraltyProgressBar&quot; is marked as standalone and can&apos;t be declared in any NgModule - did you intend to import it instead (by adding it to the &quot;imports&quot; array)?
Unexpected &quot;AdmiraltyRadio&quot; found in the &quot;declarations&quot; array of the &quot;DesignSystemModule&quot; NgModule, &quot;AdmiraltyRadio&quot; is marked as standalone and can&apos;t be declared in any NgModule - did you intend to import it instead (by adding it to the &quot;imports&quot; array)?
Unexpected &quot;AdmiraltyRadioGroup&quot; found in the &quot;declarations&quot; array of the &quot;DesignSystemModule&quot; NgModule, &quot;AdmiraltyRadioGroup&quot; is marked as standalone and can&apos;t be declared in any NgModule - did you intend to import it instead (by adding it to the &quot;imports&quot; array)?
Unexpected &quot;AdmiraltyReadMore&quot; found in the &quot;declarations&quot; array of the &quot;DesignSystemModule&quot; NgModule, &quot;AdmiraltyReadMore&quot; is marked as standalone and can&apos;t be declared in any NgModule - did you intend to import it instead (by adding it to the &quot;imports&quot; array)?
Unexpected &quot;AdmiraltySelect&quot; found in the &quot;declarations&quot; array of the &quot;DesignSystemModule&quot; NgModule, &quot;AdmiraltySelect&quot; is marked as standalone and can&apos;t be declared in any NgModule - did you intend to import it instead (by adding it to the &quot;imports&quot; array)?
Unexpected &quot;AdmiraltySideNav&quot; found in the &quot;declarations&quot; array of the &quot;DesignSystemModule&quot; NgModule, &quot;AdmiraltySideNav&quot; is marked as standalone and can&apos;t be declared in any NgModule - did you intend to import it instead (by adding it to the &quot;imports&quot; array)?
Unexpected &quot;AdmiraltySideNavItem&quot; found in the &quot;declarations&quot; array of the &quot;DesignSystemModule&quot; NgModule, &quot;AdmiraltySideNavItem&quot; is marked as standalone and can&apos;t be declared in any NgModule - did you intend to import it instead (by adding it to the &quot;imports&quot; array)?
Unexpected &quot;AdmiraltyTab&quot; found in the &quot;declarations&quot; array of the &quot;DesignSystemModule&quot; NgModule, &quot;AdmiraltyTab&quot; is marked as standalone and can&apos;t be declared in any NgModule - did you intend to import it instead (by adding it to the &quot;imports&quot; array)?
Unexpected &quot;AdmiraltyTabGroup&quot; found in the &quot;declarations&quot; array of the &quot;DesignSystemModule&quot; NgModule, &quot;AdmiraltyTabGroup&quot; is marked as standalone and can&apos;t be declared in any NgModule - did you intend to import it instead (by adding it to the &quot;imports&quot; array)?
Unexpected &quot;AdmiraltyTable&quot; found in the &quot;declarations&quot; array of the &quot;DesignSystemModule&quot; NgModule, &quot;AdmiraltyTable&quot; is marked as standalone and can&apos;t be declared in any NgModule - did you intend to import it instead (by adding it to the &quot;imports&quot; array)?
Unexpected &quot;AdmiraltyTableBody&quot; found in the &quot;declarations&quot; array of the &quot;DesignSystemModule&quot; NgModule, &quot;AdmiraltyTableBody&quot; is marked as standalone and can&apos;t be declared in any NgModule - did you intend to import it instead (by adding it to the &quot;imports&quot; array)?
Unexpected &quot;AdmiraltyTableCell&quot; found in the &quot;declarations&quot; array of the &quot;DesignSystemModule&quot; NgModule, &quot;AdmiraltyTableCell&quot; is marked as standalone and can&apos;t be declared in any NgModule - did you intend to import it instead (by adding it to the &quot;imports&quot; array)?
Unexpected &quot;AdmiraltyTableHeader&quot; found in the &quot;declarations&quot; array of the &quot;DesignSystemModule&quot; NgModule, &quot;AdmiraltyTableHeader&quot; is marked as standalone and can&apos;t be declared in any NgModule - did you intend to import it instead (by adding it to the &quot;imports&quot; array)?
Unexpected &quot;AdmiraltyTableHeaderCell&quot; found in the &quot;declarations&quot; array of the &quot;DesignSystemModule&quot; NgModule, &quot;AdmiraltyTableHeaderCell&quot; is marked as standalone and can&apos;t be declared in any NgModule - did you intend to import it instead (by adding it to the &quot;imports&quot; array)?
Unexpected &quot;AdmiraltyTableRow&quot; found in the &quot;declarations&quot; array of the &quot;DesignSystemModule&quot; NgModule, &quot;AdmiraltyTableRow&quot; is marked as standalone and can&apos;t be declared in any NgModule - did you intend to import it instead (by adding it to the &quot;imports&quot; array)?
Unexpected &quot;AdmiraltyTextarea&quot; found in the &quot;declarations&quot; array of the &quot;DesignSystemModule&quot; NgModule, &quot;AdmiraltyTextarea&quot; is marked as standalone and can&apos;t be declared in any NgModule - did you intend to import it instead (by adding it to the &quot;imports&quot; array)?
Unexpected &quot;AdmiraltyTypeAhead&quot; found in the &quot;declarations&quot; array of the &quot;DesignSystemModule&quot; NgModule, &quot;AdmiraltyTypeAhead&quot; is marked as standalone and can&apos;t be declared in any NgModule - did you intend to import it instead (by adding it to the &quot;imports&quot; array)?
Unexpected &quot;AdmiraltyTypeAheadItem&quot; found in the &quot;declarations&quot; array of the &quot;DesignSystemModule&quot; NgModule, &quot;AdmiraltyTypeAheadItem&quot; is marked as standalone and can&apos;t be declared in any NgModule - did you intend to import it instead (by adding it to the &quot;imports&quot; array)?
Unexpected &quot;TextValueAccessor&quot; found in the &quot;declarations&quot; array of the &quot;DesignSystemModule&quot; NgModule, &quot;TextValueAccessor&quot; is marked as standalone and can&apos;t be declared in any NgModule - did you intend to import it instead (by adding it to the &quot;imports&quot; array)?
Unexpected &quot;BooleanValueAccessor&quot; found in the &quot;declarations&quot; array of the &quot;DesignSystemModule&quot; NgModule, &quot;BooleanValueAccessor&quot; is marked as standalone and can&apos;t be declared in any NgModule - did you intend to import it instead (by adding it to the &quot;imports&quot; array)?
Unexpected &quot;NumericValueAccessor&quot; found in the &quot;declarations&quot; array of the &quot;DesignSystemModule&quot; NgModule, &quot;NumericValueAccessor&quot; is marked as standalone and can&apos;t be declared in any NgModule - did you intend to import it instead (by adding it to the &quot;imports&quot; array)?
Unexpected &quot;RadioValueAccessor&quot; found in the &quot;declarations&quot; array of the &quot;DesignSystemModule&quot; NgModule, &quot;RadioValueAccessor&quot; is marked as standalone and can&apos;t be declared in any NgModule - did you intend to import it instead (by adding it to the &quot;imports&quot; array)?
Unexpected &quot;SelectValueAccessor&quot; found in the &quot;declarations&quot; array of the &quot;DesignSystemModule&quot; NgModule, &quot;SelectValueAccessor&quot; is marked as standalone and can&apos;t be declared in any NgModule - did you intend to import it instead (by adding it to the &quot;imports&quot; array)?
    at verifySemanticsOfNgModuleDef (C:\Source\Repos\file-share-service-ui\node_modules\@angular\core\fesm2022\core.mjs:20592:11)
    at verifySemanticsOfNgModuleDef (C:\Source\Repos\file-share-service-ui\node_modules\@angular\core\fesm2022\core.mjs:20570:5)
    at Array.forEach (&lt;anonymous&gt;)
    at forEach (C:\Source\Repos\file-share-service-ui\node_modules\@angular\core\fesm2022\core.mjs:20568:58)
    at Function.verifySemanticsOfNgModuleDef (C:\Source\Repos\file-share-service-ui\node_modules\@angular\core\fesm2022\core.mjs:20521:22)
    at TestBedCompiler.applyProviderOverridesInScope (C:\Source\Repos\file-share-service-ui\node_modules\@angular\core\fesm2022\testing.mjs:1020:29)
    at TestBedCompiler.applyProviderOverridesInScope [as compileTestModule] (C:\Source\Repos\file-share-service-ui\node_modules\@angular\core\fesm2022\testing.mjs:1286:10)
    at TestBedCompiler.compileTestModule [as finalize] (C:\Source\Repos\file-share-service-ui\node_modules\@angular\core\fesm2022\testing.mjs:873:10)
    at _TestBedImpl.finalize [as testModuleRef] (C:\Source\Repos\file-share-service-ui\node_modules\@angular\core\fesm2022\testing.mjs:1797:43)
    at _TestBedImpl.testModuleRef [as inject] (C:\Source\Repos\file-share-service-ui\node_modules\@angular\core\fesm2022\testing.mjs:1709:25)
    at Function.inject (C:\Source\Repos\file-share-service-ui\node_modules\@angular\core\fesm2022\testing.mjs:1580:34)
    at C:\Source\Repos\file-share-service-ui\Tests\UnitTests\ess-download-exchangeset.component.spec.ts:94:35
    at _ZoneDelegate.invoke (C:\Source\Repos\file-share-service-ui\node_modules\zone.js\bundles\zone.umd.js:395:160)
    at ProxyZoneSpec.onInvoke (C:\Source\Repos\file-share-service-ui\node_modules\zone.js\bundles\zone-testing.umd.js:2158:35)
    at _ZoneDelegate.invoke (C:\Source\Repos\file-share-service-ui\node_modules\zone.js\bundles\zone.umd.js:395:48)
    at ZoneImpl.run (C:\Source\Repos\file-share-service-ui\node_modules\zone.js\bundles\zone.umd.js:145:37)
    at Object.wrappedFunc (C:\Source\Repos\file-share-service-ui\node_modules\zone.js\bundles\zone-testing.umd.js:430:28)
    at Promise.then.completed (C:\Source\Repos\file-share-service-ui\node_modules\jest-circus\build\utils.js:298:28)
    at new Promise (&lt;anonymous&gt;)
    at callAsyncCircusFn (C:\Source\Repos\file-share-service-ui\node_modules\jest-circus\build\utils.js:231:10)
    at _callCircusHook (C:\Source\Repos\file-share-service-ui\node_modules\jest-circus\build\run.js:281:40)
    at processTicksAndRejections (node:internal/process/task_queues:95:5)
    at _runTest (C:\Source\Repos\file-share-service-ui\node_modules\jest-circus\build\run.js:246:5)
    at _runTestsForDescribeBlock (C:\Source\Repos\file-share-service-ui\node_modules\jest-circus\build\run.js:126:9)
    at _runTestsForDescribeBlock (C:\Source\Repos\file-share-service-ui\node_modules\jest-circus\build\run.js:121:9)
    at run (C:\Source\Repos\file-share-service-ui\node_modules\jest-circus\build\run.js:71:3)
    at runAndTransformResultsToJestFormat (C:\Source\Repos\file-share-service-ui\node_modules\jest-circus\build\legacy-code-todo-rewrite\jestAdapterInit.js:122:21)</failure>
    </testcase>
    <testcase classname="EssDownloadExchangesetComponent should call batchStatusAPI() when no error in acquireTokenSilent in checkBatchStatus" name="EssDownloadExchangesetComponent should call batchStatusAPI() when no error in acquireTokenSilent in checkBatchStatus" time="0.003">
      <failure>Error: Unexpected &quot;AdmiraltyBreadcrumb&quot; found in the &quot;declarations&quot; array of the &quot;DesignSystemModule&quot; NgModule, &quot;AdmiraltyBreadcrumb&quot; is marked as standalone and can&apos;t be declared in any NgModule - did you intend to import it instead (by adding it to the &quot;imports&quot; array)?
Unexpected &quot;AdmiraltyBreadcrumbs&quot; found in the &quot;declarations&quot; array of the &quot;DesignSystemModule&quot; NgModule, &quot;AdmiraltyBreadcrumbs&quot; is marked as standalone and can&apos;t be declared in any NgModule - did you intend to import it instead (by adding it to the &quot;imports&quot; array)?
Unexpected &quot;AdmiraltyButton&quot; found in the &quot;declarations&quot; array of the &quot;DesignSystemModule&quot; NgModule, &quot;AdmiraltyButton&quot; is marked as standalone and can&apos;t be declared in any NgModule - did you intend to import it instead (by adding it to the &quot;imports&quot; array)?
Unexpected &quot;AdmiraltyCard&quot; found in the &quot;declarations&quot; array of the &quot;DesignSystemModule&quot; NgModule, &quot;AdmiraltyCard&quot; is marked as standalone and can&apos;t be declared in any NgModule - did you intend to import it instead (by adding it to the &quot;imports&quot; array)?
Unexpected &quot;AdmiraltyCheckbox&quot; found in the &quot;declarations&quot; array of the &quot;DesignSystemModule&quot; NgModule, &quot;AdmiraltyCheckbox&quot; is marked as standalone and can&apos;t be declared in any NgModule - did you intend to import it instead (by adding it to the &quot;imports&quot; array)?
Unexpected &quot;AdmiraltyColourBlock&quot; found in the &quot;declarations&quot; array of the &quot;DesignSystemModule&quot; NgModule, &quot;AdmiraltyColourBlock&quot; is marked as standalone and can&apos;t be declared in any NgModule - did you intend to import it instead (by adding it to the &quot;imports&quot; array)?
Unexpected &quot;AdmiraltyDialogue&quot; found in the &quot;declarations&quot; array of the &quot;DesignSystemModule&quot; NgModule, &quot;AdmiraltyDialogue&quot; is marked as standalone and can&apos;t be declared in any NgModule - did you intend to import it instead (by adding it to the &quot;imports&quot; array)?
Unexpected &quot;AdmiraltyExpansion&quot; found in the &quot;declarations&quot; array of the &quot;DesignSystemModule&quot; NgModule, &quot;AdmiraltyExpansion&quot; is marked as standalone and can&apos;t be declared in any NgModule - did you intend to import it instead (by adding it to the &quot;imports&quot; array)?
Unexpected &quot;AdmiraltyFileInput&quot; found in the &quot;declarations&quot; array of the &quot;DesignSystemModule&quot; NgModule, &quot;AdmiraltyFileInput&quot; is marked as standalone and can&apos;t be declared in any NgModule - did you intend to import it instead (by adding it to the &quot;imports&quot; array)?
Unexpected &quot;AdmiraltyFilter&quot; found in the &quot;declarations&quot; array of the &quot;DesignSystemModule&quot; NgModule, &quot;AdmiraltyFilter&quot; is marked as standalone and can&apos;t be declared in any NgModule - did you intend to import it instead (by adding it to the &quot;imports&quot; array)?
Unexpected &quot;AdmiraltyFilterGroup&quot; found in the &quot;declarations&quot; array of the &quot;DesignSystemModule&quot; NgModule, &quot;AdmiraltyFilterGroup&quot; is marked as standalone and can&apos;t be declared in any NgModule - did you intend to import it instead (by adding it to the &quot;imports&quot; array)?
Unexpected &quot;AdmiraltyFooter&quot; found in the &quot;declarations&quot; array of the &quot;DesignSystemModule&quot; NgModule, &quot;AdmiraltyFooter&quot; is marked as standalone and can&apos;t be declared in any NgModule - did you intend to import it instead (by adding it to the &quot;imports&quot; array)?
Unexpected &quot;AdmiraltyHeader&quot; found in the &quot;declarations&quot; array of the &quot;DesignSystemModule&quot; NgModule, &quot;AdmiraltyHeader&quot; is marked as standalone and can&apos;t be declared in any NgModule - did you intend to import it instead (by adding it to the &quot;imports&quot; array)?
Unexpected &quot;AdmiraltyHeaderMenuItem&quot; found in the &quot;declarations&quot; array of the &quot;DesignSystemModule&quot; NgModule, &quot;AdmiraltyHeaderMenuItem&quot; is marked as standalone and can&apos;t be declared in any NgModule - did you intend to import it instead (by adding it to the &quot;imports&quot; array)?
Unexpected &quot;AdmiraltyHeaderProfile&quot; found in the &quot;declarations&quot; array of the &quot;DesignSystemModule&quot; NgModule, &quot;AdmiraltyHeaderProfile&quot; is marked as standalone and can&apos;t be declared in any NgModule - did you intend to import it instead (by adding it to the &quot;imports&quot; array)?
Unexpected &quot;AdmiraltyHeaderSubMenuItem&quot; found in the &quot;declarations&quot; array of the &quot;DesignSystemModule&quot; NgModule, &quot;AdmiraltyHeaderSubMenuItem&quot; is marked as standalone and can&apos;t be declared in any NgModule - did you intend to import it instead (by adding it to the &quot;imports&quot; array)?
Unexpected &quot;AdmiraltyHint&quot; found in the &quot;declarations&quot; array of the &quot;DesignSystemModule&quot; NgModule, &quot;AdmiraltyHint&quot; is marked as standalone and can&apos;t be declared in any NgModule - did you intend to import it instead (by adding it to the &quot;imports&quot; array)?
Unexpected &quot;AdmiraltyHr&quot; found in the &quot;declarations&quot; array of the &quot;DesignSystemModule&quot; NgModule, &quot;AdmiraltyHr&quot; is marked as standalone and can&apos;t be declared in any NgModule - did you intend to import it instead (by adding it to the &quot;imports&quot; array)?
Unexpected &quot;AdmiraltyIcon&quot; found in the &quot;declarations&quot; array of the &quot;DesignSystemModule&quot; NgModule, &quot;AdmiraltyIcon&quot; is marked as standalone and can&apos;t be declared in any NgModule - did you intend to import it instead (by adding it to the &quot;imports&quot; array)?
Unexpected &quot;AdmiraltyInput&quot; found in the &quot;declarations&quot; array of the &quot;DesignSystemModule&quot; NgModule, &quot;AdmiraltyInput&quot; is marked as standalone and can&apos;t be declared in any NgModule - did you intend to import it instead (by adding it to the &quot;imports&quot; array)?
Unexpected &quot;AdmiraltyInputError&quot; found in the &quot;declarations&quot; array of the &quot;DesignSystemModule&quot; NgModule, &quot;AdmiraltyInputError&quot; is marked as standalone and can&apos;t be declared in any NgModule - did you intend to import it instead (by adding it to the &quot;imports&quot; array)?
Unexpected &quot;AdmiraltyLabel&quot; found in the &quot;declarations&quot; array of the &quot;DesignSystemModule&quot; NgModule, &quot;AdmiraltyLabel&quot; is marked as standalone and can&apos;t be declared in any NgModule - did you intend to import it instead (by adding it to the &quot;imports&quot; array)?
Unexpected &quot;AdmiraltyLink&quot; found in the &quot;declarations&quot; array of the &quot;DesignSystemModule&quot; NgModule, &quot;AdmiraltyLink&quot; is marked as standalone and can&apos;t be declared in any NgModule - did you intend to import it instead (by adding it to the &quot;imports&quot; array)?
Unexpected &quot;AdmiraltyPaginator&quot; found in the &quot;declarations&quot; array of the &quot;DesignSystemModule&quot; NgModule, &quot;AdmiraltyPaginator&quot; is marked as standalone and can&apos;t be declared in any NgModule - did you intend to import it instead (by adding it to the &quot;imports&quot; array)?
Unexpected &quot;AdmiraltyPhaseBanner&quot; found in the &quot;declarations&quot; array of the &quot;DesignSystemModule&quot; NgModule, &quot;AdmiraltyPhaseBanner&quot; is marked as standalone and can&apos;t be declared in any NgModule - did you intend to import it instead (by adding it to the &quot;imports&quot; array)?
Unexpected &quot;AdmiraltyProgressBar&quot; found in the &quot;declarations&quot; array of the &quot;DesignSystemModule&quot; NgModule, &quot;AdmiraltyProgressBar&quot; is marked as standalone and can&apos;t be declared in any NgModule - did you intend to import it instead (by adding it to the &quot;imports&quot; array)?
Unexpected &quot;AdmiraltyRadio&quot; found in the &quot;declarations&quot; array of the &quot;DesignSystemModule&quot; NgModule, &quot;AdmiraltyRadio&quot; is marked as standalone and can&apos;t be declared in any NgModule - did you intend to import it instead (by adding it to the &quot;imports&quot; array)?
Unexpected &quot;AdmiraltyRadioGroup&quot; found in the &quot;declarations&quot; array of the &quot;DesignSystemModule&quot; NgModule, &quot;AdmiraltyRadioGroup&quot; is marked as standalone and can&apos;t be declared in any NgModule - did you intend to import it instead (by adding it to the &quot;imports&quot; array)?
Unexpected &quot;AdmiraltyReadMore&quot; found in the &quot;declarations&quot; array of the &quot;DesignSystemModule&quot; NgModule, &quot;AdmiraltyReadMore&quot; is marked as standalone and can&apos;t be declared in any NgModule - did you intend to import it instead (by adding it to the &quot;imports&quot; array)?
Unexpected &quot;AdmiraltySelect&quot; found in the &quot;declarations&quot; array of the &quot;DesignSystemModule&quot; NgModule, &quot;AdmiraltySelect&quot; is marked as standalone and can&apos;t be declared in any NgModule - did you intend to import it instead (by adding it to the &quot;imports&quot; array)?
Unexpected &quot;AdmiraltySideNav&quot; found in the &quot;declarations&quot; array of the &quot;DesignSystemModule&quot; NgModule, &quot;AdmiraltySideNav&quot; is marked as standalone and can&apos;t be declared in any NgModule - did you intend to import it instead (by adding it to the &quot;imports&quot; array)?
Unexpected &quot;AdmiraltySideNavItem&quot; found in the &quot;declarations&quot; array of the &quot;DesignSystemModule&quot; NgModule, &quot;AdmiraltySideNavItem&quot; is marked as standalone and can&apos;t be declared in any NgModule - did you intend to import it instead (by adding it to the &quot;imports&quot; array)?
Unexpected &quot;AdmiraltyTab&quot; found in the &quot;declarations&quot; array of the &quot;DesignSystemModule&quot; NgModule, &quot;AdmiraltyTab&quot; is marked as standalone and can&apos;t be declared in any NgModule - did you intend to import it instead (by adding it to the &quot;imports&quot; array)?
Unexpected &quot;AdmiraltyTabGroup&quot; found in the &quot;declarations&quot; array of the &quot;DesignSystemModule&quot; NgModule, &quot;AdmiraltyTabGroup&quot; is marked as standalone and can&apos;t be declared in any NgModule - did you intend to import it instead (by adding it to the &quot;imports&quot; array)?
Unexpected &quot;AdmiraltyTable&quot; found in the &quot;declarations&quot; array of the &quot;DesignSystemModule&quot; NgModule, &quot;AdmiraltyTable&quot; is marked as standalone and can&apos;t be declared in any NgModule - did you intend to import it instead (by adding it to the &quot;imports&quot; array)?
Unexpected &quot;AdmiraltyTableBody&quot; found in the &quot;declarations&quot; array of the &quot;DesignSystemModule&quot; NgModule, &quot;AdmiraltyTableBody&quot; is marked as standalone and can&apos;t be declared in any NgModule - did you intend to import it instead (by adding it to the &quot;imports&quot; array)?
Unexpected &quot;AdmiraltyTableCell&quot; found in the &quot;declarations&quot; array of the &quot;DesignSystemModule&quot; NgModule, &quot;AdmiraltyTableCell&quot; is marked as standalone and can&apos;t be declared in any NgModule - did you intend to import it instead (by adding it to the &quot;imports&quot; array)?
Unexpected &quot;AdmiraltyTableHeader&quot; found in the &quot;declarations&quot; array of the &quot;DesignSystemModule&quot; NgModule, &quot;AdmiraltyTableHeader&quot; is marked as standalone and can&apos;t be declared in any NgModule - did you intend to import it instead (by adding it to the &quot;imports&quot; array)?
Unexpected &quot;AdmiraltyTableHeaderCell&quot; found in the &quot;declarations&quot; array of the &quot;DesignSystemModule&quot; NgModule, &quot;AdmiraltyTableHeaderCell&quot; is marked as standalone and can&apos;t be declared in any NgModule - did you intend to import it instead (by adding it to the &quot;imports&quot; array)?
Unexpected &quot;AdmiraltyTableRow&quot; found in the &quot;declarations&quot; array of the &quot;DesignSystemModule&quot; NgModule, &quot;AdmiraltyTableRow&quot; is marked as standalone and can&apos;t be declared in any NgModule - did you intend to import it instead (by adding it to the &quot;imports&quot; array)?
Unexpected &quot;AdmiraltyTextarea&quot; found in the &quot;declarations&quot; array of the &quot;DesignSystemModule&quot; NgModule, &quot;AdmiraltyTextarea&quot; is marked as standalone and can&apos;t be declared in any NgModule - did you intend to import it instead (by adding it to the &quot;imports&quot; array)?
Unexpected &quot;AdmiraltyTypeAhead&quot; found in the &quot;declarations&quot; array of the &quot;DesignSystemModule&quot; NgModule, &quot;AdmiraltyTypeAhead&quot; is marked as standalone and can&apos;t be declared in any NgModule - did you intend to import it instead (by adding it to the &quot;imports&quot; array)?
Unexpected &quot;AdmiraltyTypeAheadItem&quot; found in the &quot;declarations&quot; array of the &quot;DesignSystemModule&quot; NgModule, &quot;AdmiraltyTypeAheadItem&quot; is marked as standalone and can&apos;t be declared in any NgModule - did you intend to import it instead (by adding it to the &quot;imports&quot; array)?
Unexpected &quot;TextValueAccessor&quot; found in the &quot;declarations&quot; array of the &quot;DesignSystemModule&quot; NgModule, &quot;TextValueAccessor&quot; is marked as standalone and can&apos;t be declared in any NgModule - did you intend to import it instead (by adding it to the &quot;imports&quot; array)?
Unexpected &quot;BooleanValueAccessor&quot; found in the &quot;declarations&quot; array of the &quot;DesignSystemModule&quot; NgModule, &quot;BooleanValueAccessor&quot; is marked as standalone and can&apos;t be declared in any NgModule - did you intend to import it instead (by adding it to the &quot;imports&quot; array)?
Unexpected &quot;NumericValueAccessor&quot; found in the &quot;declarations&quot; array of the &quot;DesignSystemModule&quot; NgModule, &quot;NumericValueAccessor&quot; is marked as standalone and can&apos;t be declared in any NgModule - did you intend to import it instead (by adding it to the &quot;imports&quot; array)?
Unexpected &quot;RadioValueAccessor&quot; found in the &quot;declarations&quot; array of the &quot;DesignSystemModule&quot; NgModule, &quot;RadioValueAccessor&quot; is marked as standalone and can&apos;t be declared in any NgModule - did you intend to import it instead (by adding it to the &quot;imports&quot; array)?
Unexpected &quot;SelectValueAccessor&quot; found in the &quot;declarations&quot; array of the &quot;DesignSystemModule&quot; NgModule, &quot;SelectValueAccessor&quot; is marked as standalone and can&apos;t be declared in any NgModule - did you intend to import it instead (by adding it to the &quot;imports&quot; array)?
    at verifySemanticsOfNgModuleDef (C:\Source\Repos\file-share-service-ui\node_modules\@angular\core\fesm2022\core.mjs:20592:11)
    at verifySemanticsOfNgModuleDef (C:\Source\Repos\file-share-service-ui\node_modules\@angular\core\fesm2022\core.mjs:20570:5)
    at Array.forEach (&lt;anonymous&gt;)
    at forEach (C:\Source\Repos\file-share-service-ui\node_modules\@angular\core\fesm2022\core.mjs:20568:58)
    at Function.verifySemanticsOfNgModuleDef (C:\Source\Repos\file-share-service-ui\node_modules\@angular\core\fesm2022\core.mjs:20521:22)
    at TestBedCompiler.applyProviderOverridesInScope (C:\Source\Repos\file-share-service-ui\node_modules\@angular\core\fesm2022\testing.mjs:1020:29)
    at TestBedCompiler.applyProviderOverridesInScope [as compileTestModule] (C:\Source\Repos\file-share-service-ui\node_modules\@angular\core\fesm2022\testing.mjs:1286:10)
    at TestBedCompiler.compileTestModule [as finalize] (C:\Source\Repos\file-share-service-ui\node_modules\@angular\core\fesm2022\testing.mjs:873:10)
    at _TestBedImpl.finalize [as testModuleRef] (C:\Source\Repos\file-share-service-ui\node_modules\@angular\core\fesm2022\testing.mjs:1797:43)
    at _TestBedImpl.testModuleRef [as inject] (C:\Source\Repos\file-share-service-ui\node_modules\@angular\core\fesm2022\testing.mjs:1709:25)
    at Function.inject (C:\Source\Repos\file-share-service-ui\node_modules\@angular\core\fesm2022\testing.mjs:1580:34)
    at C:\Source\Repos\file-share-service-ui\Tests\UnitTests\ess-download-exchangeset.component.spec.ts:94:35
    at _ZoneDelegate.invoke (C:\Source\Repos\file-share-service-ui\node_modules\zone.js\bundles\zone.umd.js:395:160)
    at ProxyZoneSpec.onInvoke (C:\Source\Repos\file-share-service-ui\node_modules\zone.js\bundles\zone-testing.umd.js:2158:35)
    at _ZoneDelegate.invoke (C:\Source\Repos\file-share-service-ui\node_modules\zone.js\bundles\zone.umd.js:395:48)
    at ZoneImpl.run (C:\Source\Repos\file-share-service-ui\node_modules\zone.js\bundles\zone.umd.js:145:37)
    at Object.wrappedFunc (C:\Source\Repos\file-share-service-ui\node_modules\zone.js\bundles\zone-testing.umd.js:430:28)
    at Promise.then.completed (C:\Source\Repos\file-share-service-ui\node_modules\jest-circus\build\utils.js:298:28)
    at new Promise (&lt;anonymous&gt;)
    at callAsyncCircusFn (C:\Source\Repos\file-share-service-ui\node_modules\jest-circus\build\utils.js:231:10)
    at _callCircusHook (C:\Source\Repos\file-share-service-ui\node_modules\jest-circus\build\run.js:281:40)
    at processTicksAndRejections (node:internal/process/task_queues:95:5)
    at _runTest (C:\Source\Repos\file-share-service-ui\node_modules\jest-circus\build\run.js:246:5)
    at _runTestsForDescribeBlock (C:\Source\Repos\file-share-service-ui\node_modules\jest-circus\build\run.js:126:9)
    at _runTestsForDescribeBlock (C:\Source\Repos\file-share-service-ui\node_modules\jest-circus\build\run.js:121:9)
    at run (C:\Source\Repos\file-share-service-ui\node_modules\jest-circus\build\run.js:71:3)
    at runAndTransformResultsToJestFormat (C:\Source\Repos\file-share-service-ui\node_modules\jest-circus\build\legacy-code-todo-rewrite\jestAdapterInit.js:122:21)</failure>
    </testcase>
    <testcase classname="EssDownloadExchangesetComponent when user click on start again then it should navigate to ess landing page" name="EssDownloadExchangesetComponent when user click on start again then it should navigate to ess landing page" time="0.003">
      <failure>Error: Unexpected &quot;AdmiraltyBreadcrumb&quot; found in the &quot;declarations&quot; array of the &quot;DesignSystemModule&quot; NgModule, &quot;AdmiraltyBreadcrumb&quot; is marked as standalone and can&apos;t be declared in any NgModule - did you intend to import it instead (by adding it to the &quot;imports&quot; array)?
Unexpected &quot;AdmiraltyBreadcrumbs&quot; found in the &quot;declarations&quot; array of the &quot;DesignSystemModule&quot; NgModule, &quot;AdmiraltyBreadcrumbs&quot; is marked as standalone and can&apos;t be declared in any NgModule - did you intend to import it instead (by adding it to the &quot;imports&quot; array)?
Unexpected &quot;AdmiraltyButton&quot; found in the &quot;declarations&quot; array of the &quot;DesignSystemModule&quot; NgModule, &quot;AdmiraltyButton&quot; is marked as standalone and can&apos;t be declared in any NgModule - did you intend to import it instead (by adding it to the &quot;imports&quot; array)?
Unexpected &quot;AdmiraltyCard&quot; found in the &quot;declarations&quot; array of the &quot;DesignSystemModule&quot; NgModule, &quot;AdmiraltyCard&quot; is marked as standalone and can&apos;t be declared in any NgModule - did you intend to import it instead (by adding it to the &quot;imports&quot; array)?
Unexpected &quot;AdmiraltyCheckbox&quot; found in the &quot;declarations&quot; array of the &quot;DesignSystemModule&quot; NgModule, &quot;AdmiraltyCheckbox&quot; is marked as standalone and can&apos;t be declared in any NgModule - did you intend to import it instead (by adding it to the &quot;imports&quot; array)?
Unexpected &quot;AdmiraltyColourBlock&quot; found in the &quot;declarations&quot; array of the &quot;DesignSystemModule&quot; NgModule, &quot;AdmiraltyColourBlock&quot; is marked as standalone and can&apos;t be declared in any NgModule - did you intend to import it instead (by adding it to the &quot;imports&quot; array)?
Unexpected &quot;AdmiraltyDialogue&quot; found in the &quot;declarations&quot; array of the &quot;DesignSystemModule&quot; NgModule, &quot;AdmiraltyDialogue&quot; is marked as standalone and can&apos;t be declared in any NgModule - did you intend to import it instead (by adding it to the &quot;imports&quot; array)?
Unexpected &quot;AdmiraltyExpansion&quot; found in the &quot;declarations&quot; array of the &quot;DesignSystemModule&quot; NgModule, &quot;AdmiraltyExpansion&quot; is marked as standalone and can&apos;t be declared in any NgModule - did you intend to import it instead (by adding it to the &quot;imports&quot; array)?
Unexpected &quot;AdmiraltyFileInput&quot; found in the &quot;declarations&quot; array of the &quot;DesignSystemModule&quot; NgModule, &quot;AdmiraltyFileInput&quot; is marked as standalone and can&apos;t be declared in any NgModule - did you intend to import it instead (by adding it to the &quot;imports&quot; array)?
Unexpected &quot;AdmiraltyFilter&quot; found in the &quot;declarations&quot; array of the &quot;DesignSystemModule&quot; NgModule, &quot;AdmiraltyFilter&quot; is marked as standalone and can&apos;t be declared in any NgModule - did you intend to import it instead (by adding it to the &quot;imports&quot; array)?
Unexpected &quot;AdmiraltyFilterGroup&quot; found in the &quot;declarations&quot; array of the &quot;DesignSystemModule&quot; NgModule, &quot;AdmiraltyFilterGroup&quot; is marked as standalone and can&apos;t be declared in any NgModule - did you intend to import it instead (by adding it to the &quot;imports&quot; array)?
Unexpected &quot;AdmiraltyFooter&quot; found in the &quot;declarations&quot; array of the &quot;DesignSystemModule&quot; NgModule, &quot;AdmiraltyFooter&quot; is marked as standalone and can&apos;t be declared in any NgModule - did you intend to import it instead (by adding it to the &quot;imports&quot; array)?
Unexpected &quot;AdmiraltyHeader&quot; found in the &quot;declarations&quot; array of the &quot;DesignSystemModule&quot; NgModule, &quot;AdmiraltyHeader&quot; is marked as standalone and can&apos;t be declared in any NgModule - did you intend to import it instead (by adding it to the &quot;imports&quot; array)?
Unexpected &quot;AdmiraltyHeaderMenuItem&quot; found in the &quot;declarations&quot; array of the &quot;DesignSystemModule&quot; NgModule, &quot;AdmiraltyHeaderMenuItem&quot; is marked as standalone and can&apos;t be declared in any NgModule - did you intend to import it instead (by adding it to the &quot;imports&quot; array)?
Unexpected &quot;AdmiraltyHeaderProfile&quot; found in the &quot;declarations&quot; array of the &quot;DesignSystemModule&quot; NgModule, &quot;AdmiraltyHeaderProfile&quot; is marked as standalone and can&apos;t be declared in any NgModule - did you intend to import it instead (by adding it to the &quot;imports&quot; array)?
Unexpected &quot;AdmiraltyHeaderSubMenuItem&quot; found in the &quot;declarations&quot; array of the &quot;DesignSystemModule&quot; NgModule, &quot;AdmiraltyHeaderSubMenuItem&quot; is marked as standalone and can&apos;t be declared in any NgModule - did you intend to import it instead (by adding it to the &quot;imports&quot; array)?
Unexpected &quot;AdmiraltyHint&quot; found in the &quot;declarations&quot; array of the &quot;DesignSystemModule&quot; NgModule, &quot;AdmiraltyHint&quot; is marked as standalone and can&apos;t be declared in any NgModule - did you intend to import it instead (by adding it to the &quot;imports&quot; array)?
Unexpected &quot;AdmiraltyHr&quot; found in the &quot;declarations&quot; array of the &quot;DesignSystemModule&quot; NgModule, &quot;AdmiraltyHr&quot; is marked as standalone and can&apos;t be declared in any NgModule - did you intend to import it instead (by adding it to the &quot;imports&quot; array)?
Unexpected &quot;AdmiraltyIcon&quot; found in the &quot;declarations&quot; array of the &quot;DesignSystemModule&quot; NgModule, &quot;AdmiraltyIcon&quot; is marked as standalone and can&apos;t be declared in any NgModule - did you intend to import it instead (by adding it to the &quot;imports&quot; array)?
Unexpected &quot;AdmiraltyInput&quot; found in the &quot;declarations&quot; array of the &quot;DesignSystemModule&quot; NgModule, &quot;AdmiraltyInput&quot; is marked as standalone and can&apos;t be declared in any NgModule - did you intend to import it instead (by adding it to the &quot;imports&quot; array)?
Unexpected &quot;AdmiraltyInputError&quot; found in the &quot;declarations&quot; array of the &quot;DesignSystemModule&quot; NgModule, &quot;AdmiraltyInputError&quot; is marked as standalone and can&apos;t be declared in any NgModule - did you intend to import it instead (by adding it to the &quot;imports&quot; array)?
Unexpected &quot;AdmiraltyLabel&quot; found in the &quot;declarations&quot; array of the &quot;DesignSystemModule&quot; NgModule, &quot;AdmiraltyLabel&quot; is marked as standalone and can&apos;t be declared in any NgModule - did you intend to import it instead (by adding it to the &quot;imports&quot; array)?
Unexpected &quot;AdmiraltyLink&quot; found in the &quot;declarations&quot; array of the &quot;DesignSystemModule&quot; NgModule, &quot;AdmiraltyLink&quot; is marked as standalone and can&apos;t be declared in any NgModule - did you intend to import it instead (by adding it to the &quot;imports&quot; array)?
Unexpected &quot;AdmiraltyPaginator&quot; found in the &quot;declarations&quot; array of the &quot;DesignSystemModule&quot; NgModule, &quot;AdmiraltyPaginator&quot; is marked as standalone and can&apos;t be declared in any NgModule - did you intend to import it instead (by adding it to the &quot;imports&quot; array)?
Unexpected &quot;AdmiraltyPhaseBanner&quot; found in the &quot;declarations&quot; array of the &quot;DesignSystemModule&quot; NgModule, &quot;AdmiraltyPhaseBanner&quot; is marked as standalone and can&apos;t be declared in any NgModule - did you intend to import it instead (by adding it to the &quot;imports&quot; array)?
Unexpected &quot;AdmiraltyProgressBar&quot; found in the &quot;declarations&quot; array of the &quot;DesignSystemModule&quot; NgModule, &quot;AdmiraltyProgressBar&quot; is marked as standalone and can&apos;t be declared in any NgModule - did you intend to import it instead (by adding it to the &quot;imports&quot; array)?
Unexpected &quot;AdmiraltyRadio&quot; found in the &quot;declarations&quot; array of the &quot;DesignSystemModule&quot; NgModule, &quot;AdmiraltyRadio&quot; is marked as standalone and can&apos;t be declared in any NgModule - did you intend to import it instead (by adding it to the &quot;imports&quot; array)?
Unexpected &quot;AdmiraltyRadioGroup&quot; found in the &quot;declarations&quot; array of the &quot;DesignSystemModule&quot; NgModule, &quot;AdmiraltyRadioGroup&quot; is marked as standalone and can&apos;t be declared in any NgModule - did you intend to import it instead (by adding it to the &quot;imports&quot; array)?
Unexpected &quot;AdmiraltyReadMore&quot; found in the &quot;declarations&quot; array of the &quot;DesignSystemModule&quot; NgModule, &quot;AdmiraltyReadMore&quot; is marked as standalone and can&apos;t be declared in any NgModule - did you intend to import it instead (by adding it to the &quot;imports&quot; array)?
Unexpected &quot;AdmiraltySelect&quot; found in the &quot;declarations&quot; array of the &quot;DesignSystemModule&quot; NgModule, &quot;AdmiraltySelect&quot; is marked as standalone and can&apos;t be declared in any NgModule - did you intend to import it instead (by adding it to the &quot;imports&quot; array)?
Unexpected &quot;AdmiraltySideNav&quot; found in the &quot;declarations&quot; array of the &quot;DesignSystemModule&quot; NgModule, &quot;AdmiraltySideNav&quot; is marked as standalone and can&apos;t be declared in any NgModule - did you intend to import it instead (by adding it to the &quot;imports&quot; array)?
Unexpected &quot;AdmiraltySideNavItem&quot; found in the &quot;declarations&quot; array of the &quot;DesignSystemModule&quot; NgModule, &quot;AdmiraltySideNavItem&quot; is marked as standalone and can&apos;t be declared in any NgModule - did you intend to import it instead (by adding it to the &quot;imports&quot; array)?
Unexpected &quot;AdmiraltyTab&quot; found in the &quot;declarations&quot; array of the &quot;DesignSystemModule&quot; NgModule, &quot;AdmiraltyTab&quot; is marked as standalone and can&apos;t be declared in any NgModule - did you intend to import it instead (by adding it to the &quot;imports&quot; array)?
Unexpected &quot;AdmiraltyTabGroup&quot; found in the &quot;declarations&quot; array of the &quot;DesignSystemModule&quot; NgModule, &quot;AdmiraltyTabGroup&quot; is marked as standalone and can&apos;t be declared in any NgModule - did you intend to import it instead (by adding it to the &quot;imports&quot; array)?
Unexpected &quot;AdmiraltyTable&quot; found in the &quot;declarations&quot; array of the &quot;DesignSystemModule&quot; NgModule, &quot;AdmiraltyTable&quot; is marked as standalone and can&apos;t be declared in any NgModule - did you intend to import it instead (by adding it to the &quot;imports&quot; array)?
Unexpected &quot;AdmiraltyTableBody&quot; found in the &quot;declarations&quot; array of the &quot;DesignSystemModule&quot; NgModule, &quot;AdmiraltyTableBody&quot; is marked as standalone and can&apos;t be declared in any NgModule - did you intend to import it instead (by adding it to the &quot;imports&quot; array)?
Unexpected &quot;AdmiraltyTableCell&quot; found in the &quot;declarations&quot; array of the &quot;DesignSystemModule&quot; NgModule, &quot;AdmiraltyTableCell&quot; is marked as standalone and can&apos;t be declared in any NgModule - did you intend to import it instead (by adding it to the &quot;imports&quot; array)?
Unexpected &quot;AdmiraltyTableHeader&quot; found in the &quot;declarations&quot; array of the &quot;DesignSystemModule&quot; NgModule, &quot;AdmiraltyTableHeader&quot; is marked as standalone and can&apos;t be declared in any NgModule - did you intend to import it instead (by adding it to the &quot;imports&quot; array)?
Unexpected &quot;AdmiraltyTableHeaderCell&quot; found in the &quot;declarations&quot; array of the &quot;DesignSystemModule&quot; NgModule, &quot;AdmiraltyTableHeaderCell&quot; is marked as standalone and can&apos;t be declared in any NgModule - did you intend to import it instead (by adding it to the &quot;imports&quot; array)?
Unexpected &quot;AdmiraltyTableRow&quot; found in the &quot;declarations&quot; array of the &quot;DesignSystemModule&quot; NgModule, &quot;AdmiraltyTableRow&quot; is marked as standalone and can&apos;t be declared in any NgModule - did you intend to import it instead (by adding it to the &quot;imports&quot; array)?
Unexpected &quot;AdmiraltyTextarea&quot; found in the &quot;declarations&quot; array of the &quot;DesignSystemModule&quot; NgModule, &quot;AdmiraltyTextarea&quot; is marked as standalone and can&apos;t be declared in any NgModule - did you intend to import it instead (by adding it to the &quot;imports&quot; array)?
Unexpected &quot;AdmiraltyTypeAhead&quot; found in the &quot;declarations&quot; array of the &quot;DesignSystemModule&quot; NgModule, &quot;AdmiraltyTypeAhead&quot; is marked as standalone and can&apos;t be declared in any NgModule - did you intend to import it instead (by adding it to the &quot;imports&quot; array)?
Unexpected &quot;AdmiraltyTypeAheadItem&quot; found in the &quot;declarations&quot; array of the &quot;DesignSystemModule&quot; NgModule, &quot;AdmiraltyTypeAheadItem&quot; is marked as standalone and can&apos;t be declared in any NgModule - did you intend to import it instead (by adding it to the &quot;imports&quot; array)?
Unexpected &quot;TextValueAccessor&quot; found in the &quot;declarations&quot; array of the &quot;DesignSystemModule&quot; NgModule, &quot;TextValueAccessor&quot; is marked as standalone and can&apos;t be declared in any NgModule - did you intend to import it instead (by adding it to the &quot;imports&quot; array)?
Unexpected &quot;BooleanValueAccessor&quot; found in the &quot;declarations&quot; array of the &quot;DesignSystemModule&quot; NgModule, &quot;BooleanValueAccessor&quot; is marked as standalone and can&apos;t be declared in any NgModule - did you intend to import it instead (by adding it to the &quot;imports&quot; array)?
Unexpected &quot;NumericValueAccessor&quot; found in the &quot;declarations&quot; array of the &quot;DesignSystemModule&quot; NgModule, &quot;NumericValueAccessor&quot; is marked as standalone and can&apos;t be declared in any NgModule - did you intend to import it instead (by adding it to the &quot;imports&quot; array)?
Unexpected &quot;RadioValueAccessor&quot; found in the &quot;declarations&quot; array of the &quot;DesignSystemModule&quot; NgModule, &quot;RadioValueAccessor&quot; is marked as standalone and can&apos;t be declared in any NgModule - did you intend to import it instead (by adding it to the &quot;imports&quot; array)?
Unexpected &quot;SelectValueAccessor&quot; found in the &quot;declarations&quot; array of the &quot;DesignSystemModule&quot; NgModule, &quot;SelectValueAccessor&quot; is marked as standalone and can&apos;t be declared in any NgModule - did you intend to import it instead (by adding it to the &quot;imports&quot; array)?
    at verifySemanticsOfNgModuleDef (C:\Source\Repos\file-share-service-ui\node_modules\@angular\core\fesm2022\core.mjs:20592:11)
    at verifySemanticsOfNgModuleDef (C:\Source\Repos\file-share-service-ui\node_modules\@angular\core\fesm2022\core.mjs:20570:5)
    at Array.forEach (&lt;anonymous&gt;)
    at forEach (C:\Source\Repos\file-share-service-ui\node_modules\@angular\core\fesm2022\core.mjs:20568:58)
    at Function.verifySemanticsOfNgModuleDef (C:\Source\Repos\file-share-service-ui\node_modules\@angular\core\fesm2022\core.mjs:20521:22)
    at TestBedCompiler.applyProviderOverridesInScope (C:\Source\Repos\file-share-service-ui\node_modules\@angular\core\fesm2022\testing.mjs:1020:29)
    at TestBedCompiler.applyProviderOverridesInScope [as compileTestModule] (C:\Source\Repos\file-share-service-ui\node_modules\@angular\core\fesm2022\testing.mjs:1286:10)
    at TestBedCompiler.compileTestModule [as finalize] (C:\Source\Repos\file-share-service-ui\node_modules\@angular\core\fesm2022\testing.mjs:873:10)
    at _TestBedImpl.finalize [as testModuleRef] (C:\Source\Repos\file-share-service-ui\node_modules\@angular\core\fesm2022\testing.mjs:1797:43)
    at _TestBedImpl.testModuleRef [as inject] (C:\Source\Repos\file-share-service-ui\node_modules\@angular\core\fesm2022\testing.mjs:1709:25)
    at Function.inject (C:\Source\Repos\file-share-service-ui\node_modules\@angular\core\fesm2022\testing.mjs:1580:34)
    at C:\Source\Repos\file-share-service-ui\Tests\UnitTests\ess-download-exchangeset.component.spec.ts:94:35
    at _ZoneDelegate.invoke (C:\Source\Repos\file-share-service-ui\node_modules\zone.js\bundles\zone.umd.js:395:160)
    at ProxyZoneSpec.onInvoke (C:\Source\Repos\file-share-service-ui\node_modules\zone.js\bundles\zone-testing.umd.js:2158:35)
    at _ZoneDelegate.invoke (C:\Source\Repos\file-share-service-ui\node_modules\zone.js\bundles\zone.umd.js:395:48)
    at ZoneImpl.run (C:\Source\Repos\file-share-service-ui\node_modules\zone.js\bundles\zone.umd.js:145:37)
    at Object.wrappedFunc (C:\Source\Repos\file-share-service-ui\node_modules\zone.js\bundles\zone-testing.umd.js:430:28)
    at Promise.then.completed (C:\Source\Repos\file-share-service-ui\node_modules\jest-circus\build\utils.js:298:28)
    at new Promise (&lt;anonymous&gt;)
    at callAsyncCircusFn (C:\Source\Repos\file-share-service-ui\node_modules\jest-circus\build\utils.js:231:10)
    at _callCircusHook (C:\Source\Repos\file-share-service-ui\node_modules\jest-circus\build\run.js:281:40)
    at processTicksAndRejections (node:internal/process/task_queues:95:5)
    at _runTest (C:\Source\Repos\file-share-service-ui\node_modules\jest-circus\build\run.js:246:5)
    at _runTestsForDescribeBlock (C:\Source\Repos\file-share-service-ui\node_modules\jest-circus\build\run.js:126:9)
    at _runTestsForDescribeBlock (C:\Source\Repos\file-share-service-ui\node_modules\jest-circus\build\run.js:121:9)
    at run (C:\Source\Repos\file-share-service-ui\node_modules\jest-circus\build\run.js:71:3)
    at runAndTransformResultsToJestFormat (C:\Source\Repos\file-share-service-ui\node_modules\jest-circus\build\legacy-code-todo-rewrite\jestAdapterInit.js:122:21)</failure>
    </testcase>
  </testsuite>
</testsuites>